Component: Arm Compiler for Embedded 6.19 Tool: armlink [5e73cb00]

==============================================================================

Section Cross References

    startup_stm32f334x8.o(STACK) refers (Special) to heapauxi.o(.text) for __use_two_region_memory
    startup_stm32f334x8.o(HEAP) refers (Special) to heapauxi.o(.text) for __use_two_region_memory
    startup_stm32f334x8.o(RESET) refers (Special) to heapauxi.o(.text) for __use_two_region_memory
    startup_stm32f334x8.o(RESET) refers to startup_stm32f334x8.o(STACK) for __initial_sp
    startup_stm32f334x8.o(RESET) refers to startup_stm32f334x8.o(.text) for Reset_Handler
    startup_stm32f334x8.o(RESET) refers to stm32f3xx_it.o(.text.NMI_Handler) for NMI_Handler
    startup_stm32f334x8.o(RESET) refers to stm32f3xx_it.o(.text.HardFault_Handler) for HardFault_Handler
    startup_stm32f334x8.o(RESET) refers to stm32f3xx_it.o(.text.MemManage_Handler) for MemManage_Handler
    startup_stm32f334x8.o(RESET) refers to stm32f3xx_it.o(.text.BusFault_Handler) for BusFault_Handler
    startup_stm32f334x8.o(RESET) refers to stm32f3xx_it.o(.text.UsageFault_Handler) for UsageFault_Handler
    startup_stm32f334x8.o(RESET) refers to stm32f3xx_it.o(.text.SVC_Handler) for SVC_Handler
    startup_stm32f334x8.o(RESET) refers to stm32f3xx_it.o(.text.DebugMon_Handler) for DebugMon_Handler
    startup_stm32f334x8.o(RESET) refers to stm32f3xx_it.o(.text.PendSV_Handler) for PendSV_Handler
    startup_stm32f334x8.o(RESET) refers to stm32f3xx_it.o(.text.SysTick_Handler) for SysTick_Handler
    startup_stm32f334x8.o(RESET) refers to stm32f3xx_it.o(.text.DMA1_Channel1_IRQHandler) for DMA1_Channel1_IRQHandler
    startup_stm32f334x8.o(RESET) refers to stm32f3xx_it.o(.text.DMA1_Channel5_IRQHandler) for DMA1_Channel5_IRQHandler
    startup_stm32f334x8.o(RESET) refers to stm32f3xx_it.o(.text.USART1_IRQHandler) for USART1_IRQHandler
    startup_stm32f334x8.o(RESET) refers to stm32f3xx_it.o(.text.TIM6_DAC1_IRQHandler) for TIM6_DAC1_IRQHandler
    startup_stm32f334x8.o(RESET) refers to stm32f3xx_it.o(.text.TIM7_DAC2_IRQHandler) for TIM7_DAC2_IRQHandler
    startup_stm32f334x8.o(RESET) refers to stm32f3xx_it.o(.text.COMP2_IRQHandler) for COMP2_IRQHandler
    startup_stm32f334x8.o(RESET) refers to stm32f3xx_it.o(.text.HRTIM1_TIMA_IRQHandler) for HRTIM1_TIMA_IRQHandler
    startup_stm32f334x8.o(RESET) refers to stm32f3xx_it.o(.text.HRTIM1_TIMC_IRQHandler) for HRTIM1_TIMC_IRQHandler
    startup_stm32f334x8.o(.text) refers (Special) to heapauxi.o(.text) for __use_two_region_memory
    startup_stm32f334x8.o(.text) refers to system_stm32f3xx.o(.text.SystemInit) for SystemInit
    startup_stm32f334x8.o(.text) refers to __main.o(!!!main) for __main
    startup_stm32f334x8.o(.text) refers to startup_stm32f334x8.o(HEAP) for Heap_Mem
    startup_stm32f334x8.o(.text) refers to startup_stm32f334x8.o(STACK) for Stack_Mem
    qi_transmitter.o(.ARM.exidx.text.modulateFskByte) refers to qi_transmitter.o(.text.modulateFskByte) for [Anonymous Symbol]
    qi_transmitter.o(.ARM.exidx.text.calculateCheckSum) refers to qi_transmitter.o(.text.calculateCheckSum) for [Anonymous Symbol]
    qi_transmitter.o(.ARM.exidx.text.demodulateAskByte) refers to qi_transmitter.o(.text.demodulateAskByte) for [Anonymous Symbol]
    meas.o(.text.MEAS_ADC_start) refers to stm32f3xx_hal_adc_ex.o(.text.HAL_ADC_Start) for HAL_ADC_Start
    meas.o(.text.MEAS_ADC_start) refers to stm32f3xx_hal_adc_ex.o(.text.HAL_ADCEx_MultiModeStart_DMA) for HAL_ADCEx_MultiModeStart_DMA
    meas.o(.text.MEAS_ADC_start) refers to adc.o(.bss.hadc2) for hadc2
    meas.o(.text.MEAS_ADC_start) refers to meas.o(.bss..L_MergedGlobals) for [Anonymous Symbol]
    meas.o(.text.MEAS_ADC_start) refers to adc.o(.bss.hadc1) for hadc1
    meas.o(.ARM.exidx.text.MEAS_ADC_start) refers to meas.o(.text.MEAS_ADC_start) for [Anonymous Symbol]
    meas.o(.text.MEAS_ADC_stop) refers to stm32f3xx_hal_adc_ex.o(.text.HAL_ADC_Stop) for HAL_ADC_Stop
    meas.o(.text.MEAS_ADC_stop) refers to stm32f3xx_hal_adc_ex.o(.text.HAL_ADCEx_MultiModeStop_DMA) for HAL_ADCEx_MultiModeStop_DMA
    meas.o(.text.MEAS_ADC_stop) refers to adc.o(.bss.hadc2) for hadc2
    meas.o(.text.MEAS_ADC_stop) refers to adc.o(.bss.hadc1) for hadc1
    meas.o(.ARM.exidx.text.MEAS_ADC_stop) refers to meas.o(.text.MEAS_ADC_stop) for [Anonymous Symbol]
    meas.o(.text.MEAS_ADC1_eval) refers to stm32f3xx_hal_adc_ex.o(.text.HAL_ADC_Start) for HAL_ADC_Start
    meas.o(.text.MEAS_ADC1_eval) refers to stm32f3xx_hal_adc_ex.o(.text.HAL_ADCEx_MultiModeStart_DMA) for HAL_ADCEx_MultiModeStart_DMA
    meas.o(.text.MEAS_ADC1_eval) refers to meas.o(.text.OUTLINED_FUNCTION_0) for OUTLINED_FUNCTION_0
    meas.o(.text.MEAS_ADC1_eval) refers to f2d.o(x$fpl$f2d) for __aeabi_f2d
    meas.o(.text.MEAS_ADC1_eval) refers to ddiv.o(x$fpl$ddiv) for __aeabi_ddiv
    meas.o(.text.MEAS_ADC1_eval) refers to meas.o(.text.OUTLINED_FUNCTION_1) for OUTLINED_FUNCTION_1
[...]
    _printf_fp_dec_real                      0x0800076f   Thumb Code   620  _printf_fp_dec.o(.text)
    _printf_char_common                      0x080009e7   Thumb Code    32  _printf_char_common.o(.text)
    _sputc                                   0x08000a0d   Thumb Code    10  _sputc.o(.text)
    _printf_cs_common                        0x08000a17   Thumb Code    20  _printf_char.o(.text)
    _printf_char                             0x08000a2b   Thumb Code    16  _printf_char.o(.text)
    _printf_string                           0x08000a3b   Thumb Code     8  _printf_char.o(.text)
    __aeabi_memcpy4                          0x08000a43   Thumb Code     0  rt_memcpy_w.o(.text)
    __aeabi_memcpy8                          0x08000a43   Thumb Code     0  rt_memcpy_w.o(.text)
    __rt_memcpy_w                            0x08000a43   Thumb Code   100  rt_memcpy_w.o(.text)
    _memcpy_lastbytes_aligned                0x08000a8b   Thumb Code     0  rt_memcpy_w.o(.text)
    __rt_locale                              0x08000aa9   Thumb Code     8  rt_locale_intlibspace.o(.text)
    _ll_udiv10                               0x08000ab1   Thumb Code   138  lludiv10.o(.text)
    _printf_fp_infnan                        0x08000b3d   Thumb Code   112  _printf_fp_infnan.o(.text)
    _btod_etento                             0x08000bbd   Thumb Code   224  bigflt0.o(.text)
    __user_libspace                          0x08000ca1   Thumb Code     8  libspace.o(.text)
    __user_perproc_libspace                  0x08000ca1   Thumb Code     0  libspace.o(.text)
    __user_perthread_libspace                0x08000ca1   Thumb Code     0  libspace.o(.text)
    __user_setup_stackheap                   0x08000ca9   Thumb Code    74  sys_stackheap_outer.o(.text)
    exit                                     0x08000cf3   Thumb Code    18  exit.o(.text)
    strcmp                                   0x08000d09   Thumb Code   124  strcmpv7em.o(.text)
    _sys_exit                                0x08000d85   Thumb Code     8  sys_exit.o(.text)
    __I$use$semihosting                      0x08000d91   Thumb Code     0  use_no_semi.o(.text)
    __use_no_semihosting_swi                 0x08000d91   Thumb Code     2  use_no_semi.o(.text)
    __semihosting_library_function           0x08000d93   Thumb Code     0  indicate_semi.o(.text)
    AnalogPing                               0x08000e91   Thumb Code    68  main.o(.text.AnalogPing)
    BusFault_Handler                         0x08000ee5   Thumb Code     2  stm32f3xx_it.o(.text.BusFault_Handler)
    COMP2_IRQHandler                         0x08000ee9   Thumb Code    16  stm32f3xx_it.o(.text.COMP2_IRQHandler)
    DMA1_Channel1_IRQHandler                 0x08000fb5   Thumb Code     8  stm32f3xx_it.o(.text.DMA1_Channel1_IRQHandler)
    DMA1_Channel5_IRQHandler                 0x08000fc1   Thumb Code     8  stm32f3xx_it.o(.text.DMA1_Channel5_IRQHandler)
    DebugMon_Handler                         0x08000ff3   Thumb Code     2  stm32f3xx_it.o(.text.DebugMon_Handler)
    Error_Handler                            0x08000ff5   Thumb Code     8  main.o(.text.Error_Handler)
    HAL_ADCEx_Calibration_Start              0x08000ffd   Thumb Code   130  stm32f3xx_hal_adc_ex.o(.text.HAL_ADCEx_Calibration_Start)
    HAL_ADCEx_MultiModeConfigChannel         0x08001081   Thumb Code   212  stm32f3xx_hal_adc_ex.o(.text.HAL_ADCEx_MultiModeConfigChannel)
    HAL_ADCEx_MultiModeStart_DMA             0x08001159   Thumb Code   196  stm32f3xx_hal_adc_ex.o(.text.HAL_ADCEx_MultiModeStart_DMA)
    HAL_ADC_ConfigChannel                    0x08001231   Thumb Code   756  stm32f3xx_hal_adc_ex.o(.text.HAL_ADC_ConfigChannel)
    HAL_ADC_ConvCpltCallback                 0x0800152d   Thumb Code    10  main.o(.text.HAL_ADC_ConvCpltCallback)
    HAL_ADC_ConvHalfCpltCallback             0x08001537   Thumb Code    10  main.o(.text.HAL_ADC_ConvHalfCpltCallback)
    HAL_ADC_ErrorCallback                    0x08001541   Thumb Code     2  stm32f3xx_hal_adc.o(.text.HAL_ADC_ErrorCallback)
    HAL_ADC_Init                             0x08001545   Thumb Code   440  stm32f3xx_hal_adc_ex.o(.text.HAL_ADC_Init)
    HAL_ADC_MspInit                          0x08001711   Thumb Code   176  adc.o(.text.HAL_ADC_MspInit)
    HAL_ADC_Start                            0x080017cd   Thumb Code   144  stm32f3xx_hal_adc_ex.o(.text.HAL_ADC_Start)
    HAL_COMP_IRQHandler                      0x08001861   Thumb Code    68  stm32f3xx_hal_comp.o(.text.HAL_COMP_IRQHandler)
    HAL_COMP_Init                            0x080018a9   Thumb Code   184  stm32f3xx_hal_comp.o(.text.HAL_COMP_Init)
    HAL_COMP_MspInit                         0x0800196d   Thumb Code    76  comp.o(.text.HAL_COMP_MspInit)
    HAL_COMP_TriggerCallback                 0x080019bd   Thumb Code     2  stm32f3xx_hal_comp.o(.text.HAL_COMP_TriggerCallback)
    HAL_DACEx_DMAUnderrunCallbackCh2         0x080019bf   Thumb Code     2  stm32f3xx_hal_dac_ex.o(.text.HAL_DACEx_DMAUnderrunCallbackCh2)
    HAL_DAC_ConfigChannel                    0x080019c1   Thumb Code    92  stm32f3xx_hal_dac_ex.o(.text.HAL_DAC_ConfigChannel)
    HAL_DAC_DMAUnderrunCallbackCh1           0x08001a21   Thumb Code     2  stm32f3xx_hal_dac.o(.text.HAL_DAC_DMAUnderrunCallbackCh1)
    HAL_DAC_IRQHandler                       0x08001a23   Thumb Code   102  stm32f3xx_hal_dac_ex.o(.text.HAL_DAC_IRQHandler)
    HAL_DAC_Init                             0x08001a89   Thumb Code    38  stm32f3xx_hal_dac.o(.text.HAL_DAC_Init)
    HAL_DAC_MspInit                          0x08001ab1   Thumb Code    96  dac.o(.text.HAL_DAC_MspInit)
    HAL_DMA_Abort                            0x08001b19   Thumb Code    62  stm32f3xx_hal_dma.o(.text.HAL_DMA_Abort)
    HAL_DMA_Abort_IT                         0x08001b57   Thumb Code    62  stm32f3xx_hal_dma.o(.text.HAL_DMA_Abort_IT)
    HAL_DMA_IRQHandler                       0x08001b95   Thumb Code   138  stm32f3xx_hal_dma.o(.text.HAL_DMA_IRQHandler)
    HAL_DMA_Init                             0x08001c21   Thumb Code    92  stm32f3xx_hal_dma.o(.text.HAL_DMA_Init)
    HAL_DMA_Start_IT                         0x08001c85   Thumb Code   102  stm32f3xx_hal_dma.o(.text.HAL_DMA_Start_IT)
    HAL_Delay                                0x08001ced   Thumb Code    32  stm32f3xx_hal.o(.text.HAL_Delay)
    HAL_GPIO_Init                            0x08001d11   Thumb Code   380  stm32f3xx_hal_gpio.o(.text.HAL_GPIO_Init)
    HAL_GPIO_ReadPin                         0x08001ea5   Thumb Code    10  stm32f3xx_hal_gpio.o(.text.HAL_GPIO_ReadPin)
    HAL_GPIO_TogglePin                       0x08001eaf   Thumb Code    16  stm32f3xx_hal_gpio.o(.text.HAL_GPIO_TogglePin)
    HAL_GPIO_WritePin                        0x08001ebf   Thumb Code    12  stm32f3xx_hal_gpio.o(.text.HAL_GPIO_WritePin)
    HAL_GetTick                              0x08001ecd   Thumb Code     8  stm32f3xx_hal.o(.text.HAL_GetTick)
    HAL_HRTIM_BurstModePeriodCallback        0x08001ed9   Thumb Code     2  stm32f3xx_hal_hrtim.o(.text.HAL_HRTIM_BurstModePeriodCallback)
    HAL_HRTIM_Capture1EventCallback          0x08001edb   Thumb Code     2  stm32f3xx_hal_hrtim.o(.text.HAL_HRTIM_Capture1EventCallback)
    HAL_HRTIM_Capture2EventCallback          0x08001edd   Thumb Code     2  stm32f3xx_hal_hrtim.o(.text.HAL_HRTIM_Capture2EventCallback)
    HAL_HRTIM_Compare1EventCallback          0x08001edf   Thumb Code     2  stm32f3xx_hal_hrtim.o(.text.HAL_HRTIM_Compare1EventCallback)
    HAL_HRTIM_Compare2EventCallback          0x08001ee1   Thumb Code     2  stm32f3xx_hal_hrtim.o(.text.HAL_HRTIM_Compare2EventCallback)
    HAL_HRTIM_Compare3EventCallback          0x08001ee3   Thumb Code     2  stm32f3xx_hal_hrtim.o(.text.HAL_HRTIM_Compare3EventCallback)
    HAL_HRTIM_Compare4EventCallback          0x08001ee5   Thumb Code     2  stm32f3xx_hal_hrtim.o(.text.HAL_HRTIM_Compare4EventCallback)
    HAL_HRTIM_CounterResetCallback           0x08001ee7   Thumb Code     2  stm32f3xx_hal_hrtim.o(.text.HAL_HRTIM_CounterResetCallback)
    HAL_HRTIM_DLLCalibrationReadyCallback    0x08001ee9   Thumb Code     2  stm32f3xx_hal_hrtim.o(.text.HAL_HRTIM_DLLCalibrationReadyCallback)
    HAL_HRTIM_DLLCalibrationStart            0x08001eeb   Thumb Code    46  stm32f3xx_hal_hrtim.o(.text.HAL_HRTIM_DLLCalibrationStart)
    HAL_HRTIM_DelayedProtectionCallback      0x08001f19   Thumb Code     2  stm32f3xx_hal_hrtim.o(.text.HAL_HRTIM_DelayedProtectionCallback)
    HAL_HRTIM_EventConfig                    0x08001f1b   Thumb Code    40  stm32f3xx_hal_hrtim.o(.text.HAL_HRTIM_EventConfig)
    HAL_HRTIM_EventPrescalerConfig           0x08001f43   Thumb Code    62  stm32f3xx_hal_hrtim.o(.text.HAL_HRTIM_EventPrescalerConfig)
    HAL_HRTIM_Fault1Callback                 0x08001f81   Thumb Code     2  stm32f3xx_hal_hrtim.o(.text.HAL_HRTIM_Fault1Callback)
    HAL_HRTIM_Fault2Callback                 0x08001f83   Thumb Code     2  stm32f3xx_hal_hrtim.o(.text.HAL_HRTIM_Fault2Callback)
    HAL_HRTIM_Fault3Callback                 0x08001f85   Thumb Code     2  stm32f3xx_hal_hrtim.o(.text.HAL_HRTIM_Fault3Callback)
    HAL_HRTIM_Fault4Callback                 0x08001f87   Thumb Code     2  stm32f3xx_hal_hrtim.o(.text.HAL_HRTIM_Fault4Callback)
    HAL_HRTIM_Fault5Callback                 0x08001f89   Thumb Code     2  stm32f3xx_hal_hrtim.o(.text.HAL_HRTIM_Fault5Callback)
    HAL_HRTIM_GetCapturedValue               0x08001f8b   Thumb Code    46  stm32f3xx_hal_hrtim.o(.text.HAL_HRTIM_GetCapturedValue)
    HAL_HRTIM_IRQHandler                     0x08001fb9   Thumb Code   726  stm32f3xx_hal_hrtim.o(.text.HAL_HRTIM_IRQHandler)
    HAL_HRTIM_Init                           0x08002291   Thumb Code   152  stm32f3xx_hal_hrtim.o(.text.HAL_HRTIM_Init)
    HAL_HRTIM_MspInit                        0x0800232d   Thumb Code    96  hrtim.o(.text.HAL_HRTIM_MspInit)
    HAL_HRTIM_MspPostInit                    0x0800238d   Thumb Code    48  hrtim.o(.text.HAL_HRTIM_MspPostInit)
    HAL_HRTIM_Output1ResetCallback           0x080023c9   Thumb Code     2  stm32f3xx_hal_hrtim.o(.text.HAL_HRTIM_Output1ResetCallback)
    HAL_HRTIM_Output1SetCallback             0x080023cb   Thumb Code     2  stm32f3xx_hal_hrtim.o(.text.HAL_HRTIM_Output1SetCallback)
    HAL_HRTIM_Output2ResetCallback           0x080023cd   Thumb Code     2  stm32f3xx_hal_hrtim.o(.text.HAL_HRTIM_Output2ResetCallback)
    HAL_HRTIM_Output2SetCallback             0x080023cf   Thumb Code     2  stm32f3xx_hal_hrtim.o(.text.HAL_HRTIM_Output2SetCallback)
    HAL_HRTIM_PollForDLLCalibration          0x080023d1   Thumb Code    56  stm32f3xx_hal_hrtim.o(.text.HAL_HRTIM_PollForDLLCalibration)
    HAL_HRTIM_RegistersUpdateCallback        0x08002409   Thumb Code     2  stm32f3xx_hal_hrtim.o(.text.HAL_HRTIM_RegistersUpdateCallback)
    HAL_HRTIM_RepetitionEventCallback        0x0800240b   Thumb Code     2  stm32f3xx_hal_hrtim.o(.text.HAL_HRTIM_RepetitionEventCallback)
    HAL_HRTIM_SynchronizationEventCallback   0x0800240d   Thumb Code     2  stm32f3xx_hal_hrtim.o(.text.HAL_HRTIM_SynchronizationEventCallback)
    HAL_HRTIM_SystemFaultCallback            0x0800240f   Thumb Code     2  stm32f3xx_hal_hrtim.o(.text.HAL_HRTIM_SystemFaultCallback)
    HAL_HRTIM_TimeBaseConfig                 0x08002411   Thumb Code   100  stm32f3xx_hal_hrtim.o(.text.HAL_HRTIM_TimeBaseConfig)
    HAL_HRTIM_WaveformCaptureConfig          0x08002475   Thumb Code    76  stm32f3xx_hal_hrtim.o(.text.HAL_HRTIM_WaveformCaptureConfig)
    HAL_HRTIM_WaveformCountStart             0x080024c1   Thumb Code    38  stm32f3xx_hal_hrtim.o(.text.HAL_HRTIM_WaveformCountStart)
    HAL_HRTIM_WaveformCountStart_IT          0x080024e9   Thumb Code    84  stm32f3xx_hal_hrtim.o(.text.HAL_HRTIM_WaveformCountStart_IT)
    HAL_HRTIM_WaveformCountStop              0x0800253d   Thumb Code    40  stm32f3xx_hal_hrtim.o(.text.HAL_HRTIM_WaveformCountStop)
    HAL_HRTIM_WaveformCountStop_IT           0x08002565   Thumb Code   112  stm32f3xx_hal_hrtim.o(.text.HAL_HRTIM_WaveformCountStop_IT)
    HAL_HRTIM_WaveformOutputConfig           0x080025d9   Thumb Code    40  stm32f3xx_hal_hrtim.o(.text.HAL_HRTIM_WaveformOutputConfig)
    HAL_HRTIM_WaveformOutputStart            0x08002601   Thumb Code    42  stm32f3xx_hal_hrtim.o(.text.HAL_HRTIM_WaveformOutputStart)
    HAL_HRTIM_WaveformOutputStop             0x0800262b   Thumb Code    42  stm32f3xx_hal_hrtim.o(.text.HAL_HRTIM_WaveformOutputStop)
    HAL_HRTIM_WaveformTimerConfig            0x08002655   Thumb Code   472  stm32f3xx_hal_hrtim.o(.text.HAL_HRTIM_WaveformTimerConfig)
    HAL_IncTick                              0x08002875   Thumb Code    16  stm32f3xx_hal.o(.text.HAL_IncTick)
    HAL_Init                                 0x08002889   Thumb Code    32  stm32f3xx_hal.o(.text.HAL_Init)
    HAL_InitTick                             0x080028a9   Thumb Code    56  stm32f3xx_hal.o(.text.HAL_InitTick)
    HAL_MspInit                              0x080028e5   Thumb Code    44  stm32f3xx_hal_msp.o(.text.HAL_MspInit)
    HAL_NVIC_EnableIRQ                       0x08002915   Thumb Code    28  stm32f3xx_hal_cortex.o(.text.HAL_NVIC_EnableIRQ)
    HAL_NVIC_SetPriority                     0x08002935   Thumb Code    72  stm32f3xx_hal_cortex.o(.text.HAL_NVIC_SetPriority)
    HAL_NVIC_SetPriorityGrouping             0x08002981   Thumb Code    24  stm32f3xx_hal_cortex.o(.text.HAL_NVIC_SetPriorityGrouping)
    HAL_RCCEx_PeriphCLKConfig                0x080029a1   Thumb Code   268  stm32f3xx_hal_rcc_ex.o(.text.HAL_RCCEx_PeriphCLKConfig)
    HAL_RCC_ClockConfig                      0x08002ab9   Thumb Code   280  stm32f3xx_hal_rcc.o(.text.HAL_RCC_ClockConfig)
    HAL_RCC_GetPCLK1Freq                     0x08002bdd   Thumb Code    20  stm32f3xx_hal_rcc.o(.text.HAL_RCC_GetPCLK1Freq)
    HAL_RCC_GetSysClockFreq                  0x08002bf9   Thumb Code    52  stm32f3xx_hal_rcc.o(.text.HAL_RCC_GetSysClockFreq)
    HAL_RCC_OscConfig                        0x08002c41   Thumb Code   708  stm32f3xx_hal_rcc.o(.text.HAL_RCC_OscConfig)
    HAL_SYSTICK_Config                       0x08002f11   Thumb Code    32  stm32f3xx_hal_cortex.o(.text.HAL_SYSTICK_Config)
    HAL_TIMEx_Break2Callback                 0x08002f39   Thumb Code     2  stm32f3xx_hal_tim_ex.o(.text.HAL_TIMEx_Break2Callback)
    HAL_TIMEx_BreakCallback                  0x08002f3b   Thumb Code     2  stm32f3xx_hal_tim_ex.o(.text.HAL_TIMEx_BreakCallback)
    HAL_TIMEx_CommutCallback                 0x08002f3d   Thumb Code     2  stm32f3xx_hal_tim_ex.o(.text.HAL_TIMEx_CommutCallback)
    HAL_TIMEx_MasterConfigSynchronization    0x08002f41   Thumb Code    96  stm32f3xx_hal_tim_ex.o(.text.HAL_TIMEx_MasterConfigSynchronization)
    HAL_TIM_Base_Init                        0x08002fa1   Thumb Code    30  stm32f3xx_hal_tim.o(.text.HAL_TIM_Base_Init)
    HAL_TIM_Base_MspInit                     0x08002fc1   Thumb Code    52  tim.o(.text.HAL_TIM_Base_MspInit)
    HAL_TIM_Base_Start_IT                    0x08002ff9   Thumb Code    80  stm32f3xx_hal_tim.o(.text.HAL_TIM_Base_Start_IT)
    HAL_TIM_Base_Stop_IT                     0x08003059   Thumb Code    42  stm32f3xx_hal_tim.o(.text.HAL_TIM_Base_Stop_IT)
    HAL_TIM_IC_CaptureCallback               0x08003083   Thumb Code     2  stm32f3xx_hal_tim.o(.text.HAL_TIM_IC_CaptureCallback)
    HAL_TIM_IRQHandler                       0x08003085   Thumb Code   320  stm32f3xx_hal_tim.o(.text.HAL_TIM_IRQHandler)
    HAL_TIM_OC_DelayElapsedCallback          0x080031c5   Thumb Code     2  stm32f3xx_hal_tim.o(.text.HAL_TIM_OC_DelayElapsedCallback)
    HAL_TIM_PWM_PulseFinishedCallback        0x080031c7   Thumb Code     2  stm32f3xx_hal_tim.o(.text.HAL_TIM_PWM_PulseFinishedCallback)
    HAL_TIM_PeriodElapsedCallback            0x080031c9   Thumb Code    72  main.o(.text.HAL_TIM_PeriodElapsedCallback)
    HAL_TIM_TriggerCallback                  0x0800321d   Thumb Code     2  stm32f3xx_hal_tim.o(.text.HAL_TIM_TriggerCallback)
    HAL_UARTEx_RxEventCallback               0x0800321f   Thumb Code     2  stm32f3xx_hal_uart.o(.text.HAL_UARTEx_RxEventCallback)
    HAL_UARTEx_WakeupCallback                0x08003221   Thumb Code     2  stm32f3xx_hal_uart_ex.o(.text.HAL_UARTEx_WakeupCallback)
    HAL_UART_ErrorCallback                   0x08003223   Thumb Code     2  stm32f3xx_hal_uart.o(.text.HAL_UART_ErrorCallback)
    HAL_UART_IRQHandler                      0x08003225   Thumb Code   588  stm32f3xx_hal_uart.o(.text.HAL_UART_IRQHandler)
    HAL_UART_Init                            0x08003479   Thumb Code    56  stm32f3xx_hal_uart.o(.text.HAL_UART_Init)
    HAL_UART_MspInit                         0x080034b1   Thumb Code   204  usart.o(.text.HAL_UART_MspInit)
    HAL_UART_Receive_DMA                     0x08003595   Thumb Code    48  stm32f3xx_hal_uart.o(.text.HAL_UART_Receive_DMA)
    HAL_UART_RxCpltCallback                  0x080035c5   Thumb Code    24  main.o(.text.HAL_UART_RxCpltCallback)
    HAL_UART_RxHalfCpltCallback              0x080035e5   Thumb Code     2  main.o(.text.HAL_UART_RxHalfCpltCallback)
    HAL_UART_Transmit_IT                     0x080035e9   Thumb Code    96  stm32f3xx_hal_uart.o(.text.HAL_UART_Transmit_IT)
    HAL_UART_TxCpltCallback                  0x08003651   Thumb Code     2  stm32f3xx_hal_uart.o(.text.HAL_UART_TxCpltCallback)
    HRTIM1_TIMA_IRQHandler                   0x08003655   Thumb Code   292  stm32f3xx_it.o(.text.HRTIM1_TIMA_IRQHandler)
    HRTIM1_TIMC_IRQHandler                   0x08003791   Thumb Code    24  stm32f3xx_it.o(.text.HRTIM1_TIMC_IRQHandler)
    HardFault_Handler                        0x08003a05   Thumb Code     2  stm32f3xx_it.o(.text.HardFault_Handler)
    MEAS_ADC1_eval                           0x08003a09   Thumb Code   256  meas.o(.text.MEAS_ADC1_eval)
    MEAS_ADC_start                           0x08003b3d   Thumb Code    40  meas.o(.text.MEAS_ADC_start)
    MX_ADC1_Init                             0x08003b69   Thumb Code   160  adc.o(.text.MX_ADC1_Init)
    MX_ADC2_Init                             0x08003c0d   Thumb Code    88  adc.o(.text.MX_ADC2_Init)
    MX_COMP2_Init                            0x08003c6d   Thumb Code    48  comp.o(.text.MX_COMP2_Init)
    MX_DAC2_Init                             0x08003ca5   Thumb Code    48  dac.o(.text.MX_DAC2_Init)
    MX_DMA_Init                              0x08003cdd   Thumb Code    60  dma.o(.text.MX_DMA_Init)
    MX_GPIO_Init                             0x08003d19   Thumb Code   204  gpio.o(.text.MX_GPIO_Init)
    MX_HRTIM1_Init                           0x08003ded   Thumb Code   436  hrtim.o(.text.MX_HRTIM1_Init)
    MX_TIM6_Init                             0x08003fa5   Thumb Code    52  tim.o(.text.MX_TIM6_Init)
    MX_USART1_UART_Init                      0x08003fe1   Thumb Code    32  usart.o(.text.MX_USART1_UART_Init)
    MX_USART3_UART_Init                      0x08004009   Thumb Code    32  usart.o(.text.MX_USART3_UART_Init)
    MemManage_Handler                        0x08004031   Thumb Code     2  stm32f3xx_it.o(.text.MemManage_Handler)
    ModulateFrequency                        0x08004035   Thumb Code    44  main.o(.text.ModulateFrequency)
    NMI_Handler                              0x0800406d   Thumb Code     2  stm32f3xx_it.o(.text.NMI_Handler)
    PendSV_Handler                           0x08004535   Thumb Code     2  stm32f3xx_it.o(.text.PendSV_Handler)
    SVC_Handler                              0x08004537   Thumb Code     2  stm32f3xx_it.o(.text.SVC_Handler)
    SysTick_Handler                          0x0800458d   Thumb Code    16  stm32f3xx_it.o(.text.SysTick_Handler)
    SystemClock_Config                       0x080045a1   Thumb Code   136  main.o(.text.SystemClock_Config)
    SystemInit                               0x08004629   Thumb Code    12  system_stm32f3xx.o(.text.SystemInit)
    TIM6_DAC1_IRQHandler                     0x08004639   Thumb Code     8  stm32f3xx_it.o(.text.TIM6_DAC1_IRQHandler)
    TIM7_DAC2_IRQHandler                     0x08004645   Thumb Code     8  stm32f3xx_it.o(.text.TIM7_DAC2_IRQHandler)
    TIM_Base_SetConfig                       0x08004651   Thumb Code   124  stm32f3xx_hal_tim.o(.text.TIM_Base_SetConfig)
    UART_AdvFeatureConfig                    0x080046e1   Thumb Code   168  stm32f3xx_hal_uart.o(.text.UART_AdvFeatureConfig)
    UART_CheckIdleState                      0x08004789   Thumb Code    80  stm32f3xx_hal_uart.o(.text.UART_CheckIdleState)
    UART_SetConfig                           0x08004901   Thumb Code   248  stm32f3xx_hal_uart.o(.text.UART_SetConfig)
    UART_Start_Receive_DMA                   0x08004a21   Thumb Code   116  stm32f3xx_hal_uart.o(.text.UART_Start_Receive_DMA)
    UART_WaitOnFlagUntilTimeout              0x08004b35   Thumb Code   170  stm32f3xx_hal_uart.o(.text.UART_WaitOnFlagUntilTimeout)
    USART1_IRQHandler                        0x08004be1   Thumb Code     8  stm32f3xx_it.o(.text.USART1_IRQHandler)
    UsageFault_Handler                       0x08004bed   Thumb Code     2  stm32f3xx_it.o(.text.UsageFault_Handler)
    calculateCheckSum                        0x08004bef   Thumb Code    94  qi_transmitter.o(.text.calculateCheckSum)
    demodulateAskByte                        0x08004c4d   Thumb Code   126  qi_transmitter.o(.text.demodulateAskByte)
    get_data_packet_size                     0x08004ccb   Thumb Code    14  queue.o(.text.get_data_packet_size)
    main                                     0x08004cd9   Thumb Code  4416  main.o(.text.main)
    modulateFskByte                          0x08005f45   Thumb Code    50  qi_transmitter.o(.text.modulateFskByte)
    queue_dequeue                            0x08005f77   Thumb Code    74  queue.o(.text.queue_dequeue)
    queue_enqueue                            0x08005fc1   Thumb Code   106  queue.o(.text.queue_enqueue)
    queue_init                               0x0800602b   Thumb Code    12  queue.o(.text.queue_init)
    queue_is_empty                           0x08006037   Thumb Code    12  queue.o(.text.queue_is_empty)
    serialize_data_packet                    0x08006043   Thumb Code   114  queue.o(.text.serialize_data_packet)
    serialize_response_pattern               0x080060b5   Thumb Code    22  queue.o(.text.serialize_response_pattern)
    _btod_d2e                                0x080060cb   Thumb Code    62  btod.o(CL$$btod_d2e)
    _d2e_denorm_low                          0x08006109   Thumb Code    70  btod.o(CL$$btod_d2e_denorm_low)
    _d2e_norm_op1                            0x0800614f   Thumb Code    96  btod.o(CL$$btod_d2e_norm_op1)
    __btod_div_common                        0x080061b1   Thumb Code   696  btod.o(CL$$btod_div_common)
    _e2e                                     0x080064e9   Thumb Code   220  btod.o(CL$$btod_e2e)
    _btod_ediv                               0x080065c5   Thumb Code    42  btod.o(CL$$btod_ediv)
    _btod_emul                               0x080065ef   Thumb Code    42  btod.o(CL$$btod_emul)
    __btod_mult_common                       0x08006619   Thumb Code   580  btod.o(CL$$btod_mult_common)
    __ARM_fpclassify                         0x0800685d   Thumb Code    48  fpclassify.o(i.__ARM_fpclassify)
    _get_lc_numeric                          0x0800688d   Thumb Code    44  lc_numeric_c.o(locale$$code)
    __aeabi_d2f                              0x080068b9   Thumb Code     0  d2f.o(x$fpl$d2f)
    _d2f                                     0x080068b9   Thumb Code    98  d2f.o(x$fpl$d2f)
    __aeabi_dadd                             0x0800691d   Thumb Code     0  daddsub_clz.o(x$fpl$dadd)
    _dadd                                    0x0800691d   Thumb Code   332  daddsub_clz.o(x$fpl$dadd)
    __fpl_dcmp_Inf                           0x08006a6d   Thumb Code    24  dcmpi.o(x$fpl$dcmpinf)
    __aeabi_ddiv                             0x08006a85   Thumb Code     0  ddiv.o(x$fpl$ddiv)
    _ddiv                                    0x08006a85   Thumb Code   556  ddiv.o(x$fpl$ddiv)
    __aeabi_cdcmpeq                          0x08006d39   Thumb Code     0  deqf.o(x$fpl$deqf)
    _dcmpeq                                  0x08006d39   Thumb Code   120  deqf.o(x$fpl$deqf)
    __aeabi_i2d                              0x08006db1   Thumb Code     0  dflt_clz.o(x$fpl$dflt)
    _dflt                                    0x08006db1   Thumb Code    46  dflt_clz.o(x$fpl$dflt)
    __aeabi_cdcmpge                          0x08006de1   Thumb Code     0  dgeqf.o(x$fpl$dgeqf)
    _dcmpge                                  0x08006de1   Thumb Code   120  dgeqf.o(x$fpl$dgeqf)
    __aeabi_cdcmple                          0x08006e59   Thumb Code     0  dleqf.o(x$fpl$dleqf)
    _dcmple                                  0x08006e59   Thumb Code   120  dleqf.o(x$fpl$dleqf)
    __fpl_dcmple_InfNaN                      0x08006ebb   Thumb Code     0  dleqf.o(x$fpl$dleqf)
    __aeabi_dmul                             0x08006ed1   Thumb Code     0  dmul.o(x$fpl$dmul)
    _dmul                                    0x08006ed1   Thumb Code   332  dmul.o(x$fpl$dmul)
    __fpl_dnaninf                            0x08007025   Thumb Code   156  dnaninf.o(x$fpl$dnaninf)
    __fpl_dretinf                            0x080070c1   Thumb Code    12  dretinf.o(x$fpl$dretinf)
    __aeabi_dsub                             0x080070cd   Thumb Code     0  daddsub_clz.o(x$fpl$dsub)
    _dsub                                    0x080070cd   Thumb Code   472  daddsub_clz.o(x$fpl$dsub)
    __aeabi_f2d                              0x080072a9   Thumb Code     0  f2d.o(x$fpl$f2d)
    _f2d                                     0x080072a9   Thumb Code    86  f2d.o(x$fpl$f2d)
    __aeabi_dcmpeq                           0x080072ff   Thumb Code     0  dcmp.o(x$fpl$fcmp)
    _deq                                     0x080072ff   Thumb Code    14  dcmp.o(x$fpl$fcmp)
    _dneq                                    0x0800730d   Thumb Code    14  dcmp.o(x$fpl$fcmp)
    __aeabi_dcmpgt                           0x0800731b   Thumb Code     0  dcmp.o(x$fpl$fcmp)
    _dgr                                     0x0800731b   Thumb Code    14  dcmp.o(x$fpl$fcmp)
    __aeabi_dcmpge                           0x08007329   Thumb Code     0  dcmp.o(x$fpl$fcmp)
    _dgeq                                    0x08007329   Thumb Code    14  dcmp.o(x$fpl$fcmp)
    __aeabi_dcmple                           0x08007337   Thumb Code     0  dcmp.o(x$fpl$fcmp)
    _dleq                                    0x08007337   Thumb Code    14  dcmp.o(x$fpl$fcmp)
    __aeabi_dcmplt                           0x08007345   Thumb Code     0  dcmp.o(x$fpl$fcmp)
    _dls                                     0x08007345   Thumb Code    14  dcmp.o(x$fpl$fcmp)
    __fpl_fnaninf                            0x08007353   Thumb Code   140  fnaninf.o(x$fpl$fnaninf)
    _fp_init                                 0x080073df   Thumb Code    26  fpinit.o(x$fpl$fpinit)
    __fplib_config_fpu_vfp                   0x080073f7   Thumb Code     0  fpinit.o(x$fpl$fpinit)
    __fplib_config_pureend_doubles           0x080073f7   Thumb Code     0  fpinit.o(x$fpl$fpinit)
    __fpl_fretinf                            0x080073f9   Thumb Code    10  fretinf.o(x$fpl$fretinf)
    _printf_fp_dec                           0x08007403   Thumb Code     4  printf1.o(x$fpl$printf1)
    __I$use$fp                               0x08007406   Number         0  usenofp.o(x$fpl$usenofp)
    AHBPrescTable                            0x0800749c   Data          16  system_stm32f3xx.o(.rodata.AHBPrescTable)
    APBPrescTable                            0x080074ac   Data           8  system_stm32f3xx.o(.rodata.APBPrescTable)
    aPLLMULFactorTable                       0x080074cc   Data          16  stm32f3xx_hal_rcc.o(.rodata.aPLLMULFactorTable)
    aPredivFactorTable                       0x080074dc   Data          16  stm32f3xx_hal_rcc.o(.rodata.aPredivFactorTable)
    Region$$Table$$Base                      0x08007950   Number         0  anon$$obj.o(Region$$Table)
    Region$$Table$$Limit                     0x08007970   Number         0  anon$$obj.o(Region$$Table)
    K_p                                      0x20000000   Data           4  main.o(.data..L_MergedGlobals)
    K_i                                      0x20000004   Data           4  main.o(.data..L_MergedGlobals)
    uwTickFreq                               0x20000008   Data           1  stm32f3xx_hal.o(.data..L_MergedGlobals)
    uwTickPrio                               0x2000000c   Data           4  stm32f3xx_hal.o(.data..L_MergedGlobals)
    SystemCoreClock                          0x20000014   Data           4  system_stm32f3xx.o(.data.SystemCoreClock)
    __libspace_start                         0x20000018   Data          96  libspace.o(.bss)
    __temporary_stack_top$libspace           0x20000078   Data           0  libspace.o(.bss)
    total_measurements                       0x20000078   Data           1  meas.o(.bss..L_MergedGlobals)
    actual_measurement                       0x20000079   Data           1  meas.o(.bss..L_MergedGlobals)
    type                                     0x2000007a   Data           1  meas.o(.bss..L_MergedGlobals)
    MEAS_samplectr                           0x2000007b   Data           1  meas.o(.bss..L_MergedGlobals)
    ADC1_Brf                                 0x2000007c   Data           2  meas.o(.bss..L_MergedGlobals)
    ADC2_Brf                                 0x2000007e   Data           2  meas.o(.bss..L_MergedGlobals)
    i_sum                                    0x20000080   Data           4  meas.o(.bss..L_MergedGlobals)
    u_sum                                    0x20000084   Data           4  meas.o(.bss..L_MergedGlobals)
    ADC1_Buffer                              0x20000088   Data           8  meas.o(.bss..L_MergedGlobals)
    adc                                      0x20000090   Data          12  meas.o(.bss..L_MergedGlobals)
    hdma_adc1                                0x200000a0   Data          68  adc.o(.bss..L_MergedGlobals)
    false_edge                               0x200000e4   Data           1  stm32f3xx_it.o(.bss..L_MergedGlobals)
    one_flag                                 0x200000e5   Data           1  stm32f3xx_it.o(.bss..L_MergedGlobals)
    ASK_byte_position                        0x200000e6   Data           1  stm32f3xx_it.o(.bss..L_MergedGlobals)
    prev_done                                0x200000e7   Data           1  stm32f3xx_it.o(.bss..L_MergedGlobals)
    ASK_error                                0x200000e8   Data           1  stm32f3xx_it.o(.bss..L_MergedGlobals)
    preamble_done                            0x200000e9   Data           1  stm32f3xx_it.o(.bss..L_MergedGlobals)
    ASK_byte_done                            0x200000ea   Data           1  stm32f3xx_it.o(.bss..L_MergedGlobals)
    preamble_ones                            0x200000eb   Data           1  stm32f3xx_it.o(.bss..L_MergedGlobals)
    ASK_byte                                 0x200000ec   Data           2  stm32f3xx_it.o(.bss..L_MergedGlobals)
    memory                                   0x200000f0   Data           4  stm32f3xx_it.o(.bss..L_MergedGlobals)
    capture_value                            0x200000f4   Data           4  stm32f3xx_it.o(.bss..L_MergedGlobals)
    comp_treshold                            0x200000f8   Data           1  main.o(.bss..L_MergedGlobals.51)
    run_test                                 0x200000f9   Data           1  main.o(.bss..L_MergedGlobals.51)
    analog_ping_done                         0x200000fa   Data           1  main.o(.bss..L_MergedGlobals.51)
    analog_ping_counter                      0x200000fb   Data           1  main.o(.bss..L_MergedGlobals.51)
    analog_ping_measure                      0x200000fc   Data           1  main.o(.bss..L_MergedGlobals.51)
    ASK_msg_position                         0x200000fd   Data           1  main.o(.bss..L_MergedGlobals.51)
    error_type                               0x200000fe   Data           1  main.o(.bss..L_MergedGlobals.51)
    FSK_interrupt                            0x200000ff   Data           1  main.o(.bss..L_MergedGlobals.51)
    new_FSK                                  0x20000100   Data           1  main.o(.bss..L_MergedGlobals.51)
    Rx_data                                  0x20000101   Data           1  main.o(.bss..L_MergedGlobals.51)
    new_dbg_uart_msg                         0x20000102   Data           1  main.o(.bss..L_MergedGlobals.51)
    one_ms                                   0x20000103   Data           1  main.o(.bss..L_MergedGlobals.51)
    MEAS_ACD1_update                         0x20000104   Data           1  main.o(.bss..L_MergedGlobals.51)
    FSK_size                                 0x20000106   Data           2  main.o(.bss..L_MergedGlobals.51)
    ASK_byte_main                            0x20000108   Data           2  main.o(.bss..L_MergedGlobals.51)
    K_d                                      0x2000010c   Data           4  main.o(.bss..L_MergedGlobals.51)
    test_increment                           0x20000110   Data           4  main.o(.bss..L_MergedGlobals.51)
    act_vals                                 0x20000114   Data          16  main.o(.bss..L_MergedGlobals.51)
    serialized_data_FSK                      0x20000124   Data          33  main.o(.bss..L_MergedGlobals.51)
    hadc1                                    0x20000148   Data          80  adc.o(.bss.hadc1)
    hadc2                                    0x20000198   Data          80  adc.o(.bss.hadc2)
    hcomp2                                   0x200001e8   Data          48  comp.o(.bss.hcomp2)
    hdac2                                    0x20000218   Data          20  dac.o(.bss.hdac2)
    hdma_usart1_rx                           0x2000022c   Data          68  usart.o(.bss.hdma_usart1_rx)
    hhrtim1                                  0x20000270   Data         220  hrtim.o(.bss.hhrtim1)
    htim6                                    0x2000034c   Data          76  tim.o(.bss.htim6)
    huart1                                   0x20000398   Data         132  usart.o(.bss.huart1)
    huart3                                   0x2000041c   Data         132  usart.o(.bss.huart3)
    uwTick                                   0x200004a0   Data           4  stm32f3xx_hal.o(.bss.uwTick)



==============================================================================

Memory Map of the image

  Image Entry point : 0x08000189

  Load Region LR_IROM1 (Base: 0x08000000, Size: 0x000079a8, Max: 0x00010000, ABSOLUTE)

    Execution Region ER_IROM1 (Exec base: 0x08000000, Load base: 0x08000000, Size: 0x0000798c, Max: 0x00010000, ABSOLUTE)

    Exec Addr    Load Addr    Size         Type   Attr      Idx    E Section Name        Object

    0x08000000   0x08000000   0x00000188   Data   RO            3    RESET               startup_stm32f334x8.o
    0x08000188   0x08000188   0x00000008   Code   RO         2626  * !!!main             c_w.l(__main.o)
    0x08000190   0x08000190   0x00000034   Code   RO         2898    !!!scatter          c_w.l(__scatter.o)
    0x080001c4   0x080001c4   0x0000001a   Code   RO         2900    !!handler_copy      c_w.l(__scatter_copy.o)
    0x080001de   0x080001de   0x00000002   PAD
    0x080001e0   0x080001e0   0x0000001c   Code   RO         2902    !!handler_zi        c_w.l(__scatter_zi.o)
    0x080001fc   0x080001fc   0x00000000   Code   RO         2617    .ARM.Collect$$_printf_percent$$00000000  c_w.l(_printf_percent.o)
    0x080001fc   0x080001fc   0x00000006   Code   RO         2616    .ARM.Collect$$_printf_percent$$00000003  c_w.l(_printf_f.o)
    0x08000202   0x08000202   0x00000006   Code   RO         2614    .ARM.Collect$$_printf_percent$$00000009  c_w.l(_printf_d.o)
    0x08000208   0x08000208   0x00000006   Code   RO         2615    .ARM.Collect$$_printf_percent$$0000000A  c_w.l(_printf_u.o)
    0x0800020e   0x0800020e   0x00000006   Code   RO         2613    .ARM.Collect$$_printf_percent$$00000013  c_w.l(_printf_c.o)
    0x08000214   0x08000214   0x00000004   Code   RO         2667    .ARM.Collect$$_printf_percent$$00000017  c_w.l(_printf_percent_end.o)
    0x08000218   0x08000218   0x00000002   Code   RO         2763    .ARM.Collect$$libinit$$00000000  c_w.l(libinit.o)
    0x0800021a   0x0800021a   0x00000004   Code   RO         2764    .ARM.Collect$$libinit$$00000001  c_w.l(libinit2.o)
    0x0800021e   0x0800021e   0x00000000   Code   RO         2767    .ARM.Collect$$libinit$$00000004  c_w.l(libinit2.o)
    0x0800021e   0x0800021e   0x00000000   Code   RO         2769    .ARM.Collect$$libinit$$00000006  c_w.l(libinit2.o)
    0x0800021e   0x0800021e   0x00000000   Code   RO         2772    .ARM.Collect$$libinit$$0000000C  c_w.l(libinit2.o)
    0x0800021e   0x0800021e   0x00000000   Code   RO         2774    .ARM.Collect$$libinit$$0000000E  c_w.l(libinit2.o)
    0x0800021e   0x0800021e   0x00000000   Code   RO         2776    .ARM.Collect$$libinit$$00000010  c_w.l(libinit2.o)
    0x0800021e   0x0800021e   0x00000006   Code   RO         2777    .ARM.Collect$$libinit$$00000011  c_w.l(libinit2.o)
    0x08000224   0x08000224   0x00000000   Code   RO         2779    .ARM.Collect$$libinit$$00000013  c_w.l(libinit2.o)
    0x08000224   0x08000224   0x00000000   Code   RO         2781    .ARM.Collect$$libinit$$00000015  c_w.l(libinit2.o)
    0x08000224   0x08000224   0x00000000   Code   RO         2783    .ARM.Collect$$libinit$$00000017  c_w.l(libinit2.o)
    0x08000224   0x08000224   0x0000000a   Code   RO         2784    .ARM.Collect$$libinit$$00000018  c_w.l(libinit2.o)
    0x0800022e   0x0800022e   0x00000000   Code   RO         2785    .ARM.Collect$$libinit$$00000019  c_w.l(libinit2.o)
    0x0800022e   0x0800022e   0x00000000   Code   RO         2787    .ARM.Collect$$libinit$$0000001B  c_w.l(libinit2.o)
    0x0800022e   0x0800022e   0x00000000   Code   RO         2789    .ARM.Collect$$libinit$$0000001D  c_w.l(libinit2.o)
    0x0800022e   0x0800022e   0x00000000   Code   RO         2791    .ARM.Collect$$libinit$$0000001F  c_w.l(libinit2.o)
    0x0800022e   0x0800022e   0x00000000   Code   RO         2793    .ARM.Collect$$libinit$$00000021  c_w.l(libinit2.o)
    0x0800022e   0x0800022e   0x00000000   Code   RO         2795    .ARM.Collect$$libinit$$00000023  c_w.l(libinit2.o)
    0x0800022e   0x0800022e   0x00000000   Code   RO         2797    .ARM.Collect$$libinit$$00000025  c_w.l(libinit2.o)
    0x0800022e   0x0800022e   0x00000000   Code   RO         2799    .ARM.Collect$$libinit$$00000027  c_w.l(libinit2.o)
    0x0800022e   0x0800022e   0x00000000   Code   RO         2803    .ARM.Collect$$libinit$$0000002E  c_w.l(libinit2.o)
    0x0800022e   0x0800022e   0x00000000   Code   RO         2805    .ARM.Collect$$libinit$$00000030  c_w.l(libinit2.o)
    0x0800022e   0x0800022e   0x00000000   Code   RO         2807    .ARM.Collect$$libinit$$00000032  c_w.l(libinit2.o)
    0x0800022e   0x0800022e   0x00000000   Code   RO         2809    .ARM.Collect$$libinit$$00000034  c_w.l(libinit2.o)
    0x0800022e   0x0800022e   0x00000002   Code   RO         2810    .ARM.Collect$$libinit$$00000035  c_w.l(libinit2.o)
    0x08000230   0x08000230   0x00000002   Code   RO         2844    .ARM.Collect$$libshutdown$$00000000  c_w.l(libshutdown.o)
    0x08000232   0x08000232   0x00000000   Code   RO         2855    .ARM.Collect$$libshutdown$$00000002  c_w.l(libshutdown2.o)
    0x08000232   0x08000232   0x00000000   Code   RO         2857    .ARM.Collect$$libshutdown$$00000004  c_w.l(libshutdown2.o)
    0x08000232   0x08000232   0x00000000   Code   RO         2860    .ARM.Collect$$libshutdown$$00000007  c_w.l(libshutdown2.o)
    0x08000232   0x08000232   0x00000000   Code   RO         2863    .ARM.Collect$$libshutdown$$0000000A  c_w.l(libshutdown2.o)
    0x08000232   0x08000232   0x00000000   Code   RO         2865    .ARM.Collect$$libshutdown$$0000000C  c_w.l(libshutdown2.o)
    0x08000232   0x08000232   0x00000000   Code   RO         2868    .ARM.Collect$$libshutdown$$0000000F  c_w.l(libshutdown2.o)
    0x08000232   0x08000232   0x00000002   Code   RO         2869    .ARM.Collect$$libshutdown$$00000010  c_w.l(libshutdown2.o)
    0x08000234   0x08000234   0x00000000   Code   RO         2654    .ARM.Collect$$rtentry$$00000000  c_w.l(__rtentry.o)
    0x08000234   0x08000234   0x00000000   Code   RO         2686    .ARM.Collect$$rtentry$$00000002  c_w.l(__rtentry2.o)
    0x08000234   0x08000234   0x00000006   Code   RO         2698    .ARM.Collect$$rtentry$$00000004  c_w.l(__rtentry4.o)
    0x0800023a   0x0800023a   0x00000000   Code   RO         2688    .ARM.Collect$$rtentry$$00000009  c_w.l(__rtentry2.o)
    0x0800023a   0x0800023a   0x00000004   Code   RO         2689    .ARM.Collect$$rtentry$$0000000A  c_w.l(__rtentry2.o)
    0x0800023e   0x0800023e   0x00000000   Code   RO         2691    .ARM.Collect$$rtentry$$0000000C  c_w.l(__rtentry2.o)
    0x0800023e   0x0800023e   0x00000008   Code   RO         2692    .ARM.Collect$$rtentry$$0000000D  c_w.l(__rtentry2.o)
    0x08000246   0x08000246   0x00000002   Code   RO         2811    .ARM.Collect$$rtexit$$00000000  c_w.l(rtexit.o)
    0x08000248   0x08000248   0x00000000   Code   RO         2818    .ARM.Collect$$rtexit$$00000002  c_w.l(rtexit2.o)
    0x08000248   0x08000248   0x00000004   Code   RO         2819    .ARM.Collect$$rtexit$$00000003  c_w.l(rtexit2.o)
    0x0800024c   0x0800024c   0x00000006   Code   RO         2820    .ARM.Collect$$rtexit$$00000004  c_w.l(rtexit2.o)
    0x08000252   0x08000252   0x00000002   PAD
    0x08000254   0x08000254   0x00000040   Code   RO            4    .text               startup_stm32f334x8.o
    0x08000294   0x08000294   0x00000028   Code   RO         2585    .text               c_w.l(noretval__2sprintf.o)
    0x080002bc   0x080002bc   0x00000068   Code   RO         2587    .text               c_w.l(__printf.o)
    0x08000324   0x08000324   0x00000052   Code   RO         2589    .text               c_w.l(_printf_str.o)
    0x08000376   0x08000376   0x00000002   PAD
    0x08000378   0x08000378   0x00000078   Code   RO         2591    .text               c_w.l(_printf_dec.o)
    0x080003f0   0x080003f0   0x0000003e   Code   RO         2618    .text               c_w.l(strlen.o)
    0x0800042e   0x0800042e   0x0000008a   Code   RO         2620    .text               c_w.l(rt_memcpy_v6.o)
    0x080004b8   0x080004b8   0x0000004e   Code   RO         2622    .text               c_w.l(rt_memclr_w.o)
    0x08000506   0x08000506   0x00000006   Code   RO         2624    .text               c_w.l(heapauxi.o)
    0x0800050c   0x0800050c   0x000000b2   Code   RO         2655    .text               c_w.l(_printf_intcommon.o)
    0x080005be   0x080005be   0x0000041c   Code   RO         2657    .text               c_w.l(_printf_fp_dec.o)
    0x080009da   0x080009da   0x00000002   PAD
    0x080009dc   0x080009dc   0x00000030   Code   RO         2661    .text               c_w.l(_printf_char_common.o)
    0x08000a0c   0x08000a0c   0x0000000a   Code   RO         2663    .text               c_w.l(_sputc.o)
    0x08000a16   0x08000a16   0x0000002c   Code   RO         2665    .text               c_w.l(_printf_char.o)
    0x08000a42   0x08000a42   0x00000064   Code   RO         2668    .text               c_w.l(rt_memcpy_w.o)
    0x08000aa6   0x08000aa6   0x00000002   PAD
    0x08000aa8   0x08000aa8   0x00000008   Code   RO         2703    .text               c_w.l(rt_locale_intlibspace.o)
    0x08000ab0   0x08000ab0   0x0000008a   Code   RO         2705    .text               c_w.l(lludiv10.o)
    0x08000b3a   0x08000b3a   0x00000002   PAD
    0x08000b3c   0x08000b3c   0x00000080   Code   RO         2707    .text               c_w.l(_printf_fp_infnan.o)
    0x08000bbc   0x08000bbc   0x000000e4   Code   RO         2711    .text               c_w.l(bigflt0.o)
    0x08000ca0   0x08000ca0   0x00000008   Code   RO         2747    .text               c_w.l(libspace.o)
    0x08000ca8   0x08000ca8   0x0000004a   Code   RO         2750    .text               c_w.l(sys_stackheap_outer.o)
    0x08000cf2   0x08000cf2   0x00000012   Code   RO         2754    .text               c_w.l(exit.o)
    0x08000d04   0x08000d04   0x00000004   PAD
    0x08000d08   0x08000d08   0x0000007c   Code   RO         2756    .text               c_w.l(strcmpv7em.o)
    0x08000d84   0x08000d84   0x0000000c   Code   RO         2830    .text               c_w.l(sys_exit.o)
    0x08000d90   0x08000d90   0x00000002   Code   RO         2845    .text               c_w.l(use_no_semi.o)
    0x08000d92   0x08000d92   0x00000000   Code   RO         2847    .text               c_w.l(indicate_semi.o)
    0x08000d92   0x08000d92   0x0000004a   Code   RO          389    .text.ADC_DMAConvCplt  stm32f3xx_hal_adc_ex.o
    0x08000ddc   0x08000ddc   0x00000016   Code   RO          393    .text.ADC_DMAError  stm32f3xx_hal_adc_ex.o
    0x08000df2   0x08000df2   0x00000006   Code   RO          391    .text.ADC_DMAHalfConvCplt  stm32f3xx_hal_adc_ex.o
    0x08000df8   0x08000df8   0x0000004c   Code   RO          367    .text.ADC_Disable   stm32f3xx_hal_adc_ex.o
    0x08000e44   0x08000e44   0x0000004c   Code   RO          375    .text.ADC_Enable    stm32f3xx_hal_adc_ex.o
    0x08000e90   0x08000e90   0x00000054   Code   RO           84    .text.AnalogPing    main.o
    0x08000ee4   0x08000ee4   0x00000002   Code   RO          269    .text.BusFault_Handler  stm32f3xx_it.o
    0x08000ee6   0x08000ee6   0x00000002   PAD
    0x08000ee8   0x08000ee8   0x00000018   Code   RO          291    .text.COMP2_IRQHandler  stm32f3xx_it.o
    0x08000f00   0x08000f00   0x000000b4   Code   RO           78    .text.ChangeOPFrequency  main.o
    0x08000fb4   0x08000fb4   0x0000000c   Code   RO          281    .text.DMA1_Channel1_IRQHandler  stm32f3xx_it.o
    0x08000fc0   0x08000fc0   0x0000000c   Code   RO          283    .text.DMA1_Channel5_IRQHandler  stm32f3xx_it.o
    0x08000fcc   0x08000fcc   0x00000026   Code   RO          667    .text.DMA_SetConfig  stm32f3xx_hal_dma.o
    0x08000ff2   0x08000ff2   0x00000002   Code   RO          275    .text.DebugMon_Handler  stm32f3xx_it.o
    0x08000ff4   0x08000ff4   0x00000008   Code   RO           88    .text.Error_Handler  main.o
    0x08000ffc   0x08000ffc   0x00000082   Code   RO          409    .text.HAL_ADCEx_Calibration_Start  stm32f3xx_hal_adc_ex.o
    0x0800107e   0x0800107e   0x00000002   PAD
    0x08001080   0x08001080   0x000000d8   Code   RO          447    .text.HAL_ADCEx_MultiModeConfigChannel  stm32f3xx_hal_adc_ex.o
    0x08001158   0x08001158   0x000000d8   Code   RO          425    .text.HAL_ADCEx_MultiModeStart_DMA  stm32f3xx_hal_adc_ex.o
    0x08001230   0x08001230   0x000002fc   Code   RO          441    .text.HAL_ADC_ConfigChannel  stm32f3xx_hal_adc_ex.o
    0x0800152c   0x0800152c   0x0000000a   Code   RO           92    .text.HAL_ADC_ConvCpltCallback  main.o
    0x08001536   0x08001536   0x0000000a   Code   RO           94    .text.HAL_ADC_ConvHalfCpltCallback  main.o
    0x08001540   0x08001540   0x00000002   Code   RO          347    .text.HAL_ADC_ErrorCallback  stm32f3xx_hal_adc.o
    0x08001542   0x08001542   0x00000002   PAD
    0x08001544   0x08001544   0x000001cc   Code   RO          365    .text.HAL_ADC_Init  stm32f3xx_hal_adc_ex.o
    0x08001710   0x08001710   0x000000bc   Code   RO          148    .text.HAL_ADC_MspInit  adc.o
    0x080017cc   0x080017cc   0x00000094   Code   RO          373    .text.HAL_ADC_Start  stm32f3xx_hal_adc_ex.o
    0x08001860   0x08001860   0x00000048   Code   RO         1269    .text.HAL_COMP_IRQHandler  stm32f3xx_hal_comp.o
    0x080018a8   0x080018a8   0x000000c4   Code   RO         1253    .text.HAL_COMP_Init  stm32f3xx_hal_comp.o
    0x0800196c   0x0800196c   0x00000050   Code   RO          169    .text.HAL_COMP_MspInit  comp.o
    0x080019bc   0x080019bc   0x00000002   Code   RO         1271    .text.HAL_COMP_TriggerCallback  stm32f3xx_hal_comp.o
    0x080019be   0x080019be   0x00000002   Code   RO         1361    .text.HAL_DACEx_DMAUnderrunCallbackCh2  stm32f3xx_hal_dac_ex.o
    0x080019c0   0x080019c0   0x00000060   Code   RO         1363    .text.HAL_DAC_ConfigChannel  stm32f3xx_hal_dac_ex.o
    0x08001a20   0x08001a20   0x00000002   Code   RO         1325    .text.HAL_DAC_DMAUnderrunCallbackCh1  stm32f3xx_hal_dac.o
    0x08001a22   0x08001a22   0x00000066   Code   RO         1359    .text.HAL_DAC_IRQHandler  stm32f3xx_hal_dac_ex.o
    0x08001a88   0x08001a88   0x00000026   Code   RO         1291    .text.HAL_DAC_Init  stm32f3xx_hal_dac.o
    0x08001aae   0x08001aae   0x00000002   PAD
    0x08001ab0   0x08001ab0   0x00000068   Code   RO          184    .text.HAL_DAC_MspInit  dac.o
    0x08001b18   0x08001b18   0x0000003e   Code   RO          671    .text.HAL_DMA_Abort  stm32f3xx_hal_dma.o
    0x08001b56   0x08001b56   0x0000003e   Code   RO          673    .text.HAL_DMA_Abort_IT  stm32f3xx_hal_dma.o
    0x08001b94   0x08001b94   0x0000008a   Code   RO          677    .text.HAL_DMA_IRQHandler  stm32f3xx_hal_dma.o
    0x08001c1e   0x08001c1e   0x00000002   PAD
    0x08001c20   0x08001c20   0x00000064   Code   RO          661    .text.HAL_DMA_Init  stm32f3xx_hal_dma.o
    0x08001c84   0x08001c84   0x00000066   Code   RO          669    .text.HAL_DMA_Start_IT  stm32f3xx_hal_dma.o
    0x08001cea   0x08001cea   0x00000002   PAD
    0x08001cec   0x08001cec   0x00000024   Code   RO          535    .text.HAL_Delay     stm32f3xx_hal.o
    0x08001d10   0x08001d10   0x00000194   Code   RO          637    .text.HAL_GPIO_Init  stm32f3xx_hal_gpio.o
    0x08001ea4   0x08001ea4   0x0000000a   Code   RO          641    .text.HAL_GPIO_ReadPin  stm32f3xx_hal_gpio.o
    0x08001eae   0x08001eae   0x00000010   Code   RO          645    .text.HAL_GPIO_TogglePin  stm32f3xx_hal_gpio.o
    0x08001ebe   0x08001ebe   0x0000000c   Code   RO          643    .text.HAL_GPIO_WritePin  stm32f3xx_hal_gpio.o
    0x08001eca   0x08001eca   0x00000002   PAD
    0x08001ecc   0x08001ecc   0x0000000c   Code   RO          527    .text.HAL_GetTick   stm32f3xx_hal.o
    0x08001ed8   0x08001ed8   0x00000002   Code   RO         1583    .text.HAL_HRTIM_BurstModePeriodCallback  stm32f3xx_hal_hrtim.o
    0x08001eda   0x08001eda   0x00000002   Code   RO         1599    .text.HAL_HRTIM_Capture1EventCallback  stm32f3xx_hal_hrtim.o
    0x08001edc   0x08001edc   0x00000002   Code   RO         1601    .text.HAL_HRTIM_Capture2EventCallback  stm32f3xx_hal_hrtim.o
    0x08001ede   0x08001ede   0x00000002   Code   RO         1591    .text.HAL_HRTIM_Compare1EventCallback  stm32f3xx_hal_hrtim.o
    0x08001ee0   0x08001ee0   0x00000002   Code   RO         1593    .text.HAL_HRTIM_Compare2EventCallback  stm32f3xx_hal_hrtim.o
    0x08001ee2   0x08001ee2   0x00000002   Code   RO         1595    .text.HAL_HRTIM_Compare3EventCallback  stm32f3xx_hal_hrtim.o
    0x08001ee4   0x08001ee4   0x00000002   Code   RO         1597    .text.HAL_HRTIM_Compare4EventCallback  stm32f3xx_hal_hrtim.o
    0x08001ee6   0x08001ee6   0x00000002   Code   RO         1605    .text.HAL_HRTIM_CounterResetCallback  stm32f3xx_hal_hrtim.o
    0x08001ee8   0x08001ee8   0x00000002   Code   RO         1581    .text.HAL_HRTIM_DLLCalibrationReadyCallback  stm32f3xx_hal_hrtim.o
    0x08001eea   0x08001eea   0x0000002e   Code   RO         1397    .text.HAL_HRTIM_DLLCalibrationStart  stm32f3xx_hal_hrtim.o
    0x08001f18   0x08001f18   0x00000002   Code   RO         1603    .text.HAL_HRTIM_DelayedProtectionCallback  stm32f3xx_hal_hrtim.o
    0x08001f1a   0x08001f1a   0x00000028   Code   RO         1487    .text.HAL_HRTIM_EventConfig  stm32f3xx_hal_hrtim.o
    0x08001f42   0x08001f42   0x0000003e   Code   RO         1489    .text.HAL_HRTIM_EventPrescalerConfig  stm32f3xx_hal_hrtim.o
    0x08001f80   0x08001f80   0x00000002   Code   RO         1569    .text.HAL_HRTIM_Fault1Callback  stm32f3xx_hal_hrtim.o
    0x08001f82   0x08001f82   0x00000002   Code   RO         1571    .text.HAL_HRTIM_Fault2Callback  stm32f3xx_hal_hrtim.o
    0x08001f84   0x08001f84   0x00000002   Code   RO         1573    .text.HAL_HRTIM_Fault3Callback  stm32f3xx_hal_hrtim.o
    0x08001f86   0x08001f86   0x00000002   Code   RO         1575    .text.HAL_HRTIM_Fault4Callback  stm32f3xx_hal_hrtim.o
    0x08001f88   0x08001f88   0x00000002   Code   RO         1577    .text.HAL_HRTIM_Fault5Callback  stm32f3xx_hal_hrtim.o
    0x08001f8a   0x08001f8a   0x0000002e   Code   RO         1553    .text.HAL_HRTIM_GetCapturedValue  stm32f3xx_hal_hrtim.o
    0x08001fb8   0x08001fb8   0x000002d6   Code   RO         1567    .text.HAL_HRTIM_IRQHandler  stm32f3xx_hal_hrtim.o
    0x0800228e   0x0800228e   0x00000002   PAD
    0x08002290   0x08002290   0x0000009c   Code   RO         1389    .text.HAL_HRTIM_Init  stm32f3xx_hal_hrtim.o
    0x0800232c   0x0800232c   0x00000060   Code   RO          210    .text.HAL_HRTIM_MspInit  hrtim.o
    0x0800238c   0x0800238c   0x0000003c   Code   RO          208    .text.HAL_HRTIM_MspPostInit  hrtim.o
    0x080023c8   0x080023c8   0x00000002   Code   RO         1609    .text.HAL_HRTIM_Output1ResetCallback  stm32f3xx_hal_hrtim.o
    0x080023ca   0x080023ca   0x00000002   Code   RO         1607    .text.HAL_HRTIM_Output1SetCallback  stm32f3xx_hal_hrtim.o
    0x080023cc   0x080023cc   0x00000002   Code   RO         1613    .text.HAL_HRTIM_Output2ResetCallback  stm32f3xx_hal_hrtim.o
    0x080023ce   0x080023ce   0x00000002   Code   RO         1611    .text.HAL_HRTIM_Output2SetCallback  stm32f3xx_hal_hrtim.o
    0x080023d0   0x080023d0   0x00000038   Code   RO         1401    .text.HAL_HRTIM_PollForDLLCalibration  stm32f3xx_hal_hrtim.o
    0x08002408   0x08002408   0x00000002   Code   RO         1587    .text.HAL_HRTIM_RegistersUpdateCallback  stm32f3xx_hal_hrtim.o
    0x0800240a   0x0800240a   0x00000002   Code   RO         1589    .text.HAL_HRTIM_RepetitionEventCallback  stm32f3xx_hal_hrtim.o
    0x0800240c   0x0800240c   0x00000002   Code   RO         1585    .text.HAL_HRTIM_SynchronizationEventCallback  stm32f3xx_hal_hrtim.o
    0x0800240e   0x0800240e   0x00000002   Code   RO         1579    .text.HAL_HRTIM_SystemFaultCallback  stm32f3xx_hal_hrtim.o
    0x08002410   0x08002410   0x00000064   Code   RO         1403    .text.HAL_HRTIM_TimeBaseConfig  stm32f3xx_hal_hrtim.o
    0x08002474   0x08002474   0x0000004c   Code   RO         1511    .text.HAL_HRTIM_WaveformCaptureConfig  stm32f3xx_hal_hrtim.o
    0x080024c0   0x080024c0   0x00000026   Code   RO         1521    .text.HAL_HRTIM_WaveformCountStart  stm32f3xx_hal_hrtim.o
    0x080024e6   0x080024e6   0x00000002   PAD
    0x080024e8   0x080024e8   0x00000054   Code   RO         1525    .text.HAL_HRTIM_WaveformCountStart_IT  stm32f3xx_hal_hrtim.o
    0x0800253c   0x0800253c   0x00000028   Code   RO         1523    .text.HAL_HRTIM_WaveformCountStop  stm32f3xx_hal_hrtim.o
    0x08002564   0x08002564   0x00000074   Code   RO         1527    .text.HAL_HRTIM_WaveformCountStop_IT  stm32f3xx_hal_hrtim.o
    0x080025d8   0x080025d8   0x00000028   Code   RO         1513    .text.HAL_HRTIM_WaveformOutputConfig  stm32f3xx_hal_hrtim.o
    0x08002600   0x08002600   0x0000002a   Code   RO         1517    .text.HAL_HRTIM_WaveformOutputStart  stm32f3xx_hal_hrtim.o
    0x0800262a   0x0800262a   0x0000002a   Code   RO         1519    .text.HAL_HRTIM_WaveformOutputStop  stm32f3xx_hal_hrtim.o
    0x08002654   0x08002654   0x00000220   Code   RO         1499    .text.HAL_HRTIM_WaveformTimerConfig  stm32f3xx_hal_hrtim.o
    0x08002874   0x08002874   0x00000014   Code   RO          525    .text.HAL_IncTick   stm32f3xx_hal.o
    0x08002888   0x08002888   0x00000020   Code   RO          515    .text.HAL_Init      stm32f3xx_hal.o
    0x080028a8   0x080028a8   0x0000003c   Code   RO          517    .text.HAL_InitTick  stm32f3xx_hal.o
    0x080028e4   0x080028e4   0x00000030   Code   RO          305    .text.HAL_MspInit   stm32f3xx_hal_msp.o
    0x08002914   0x08002914   0x00000020   Code   RO          699    .text.HAL_NVIC_EnableIRQ  stm32f3xx_hal_cortex.o
    0x08002934   0x08002934   0x0000004c   Code   RO          697    .text.HAL_NVIC_SetPriority  stm32f3xx_hal_cortex.o
    0x08002980   0x08002980   0x00000020   Code   RO          695    .text.HAL_NVIC_SetPriorityGrouping  stm32f3xx_hal_cortex.o
    0x080029a0   0x080029a0   0x00000118   Code   RO          621    .text.HAL_RCCEx_PeriphCLKConfig  stm32f3xx_hal_rcc_ex.o
    0x08002ab8   0x08002ab8   0x00000124   Code   RO          583    .text.HAL_RCC_ClockConfig  stm32f3xx_hal_rcc.o
    0x08002bdc   0x08002bdc   0x0000001c   Code   RO          595    .text.HAL_RCC_GetPCLK1Freq  stm32f3xx_hal_rcc.o
    0x08002bf8   0x08002bf8   0x00000048   Code   RO          585    .text.HAL_RCC_GetSysClockFreq  stm32f3xx_hal_rcc.o
    0x08002c40   0x08002c40   0x000002d0   Code   RO          581    .text.HAL_RCC_OscConfig  stm32f3xx_hal_rcc.o
    0x08002f10   0x08002f10   0x00000028   Code   RO          707    .text.HAL_SYSTICK_Config  stm32f3xx_hal_cortex.o
    0x08002f38   0x08002f38   0x00000002   Code   RO         2261    .text.HAL_TIMEx_Break2Callback  stm32f3xx_hal_tim_ex.o
    0x08002f3a   0x08002f3a   0x00000002   Code   RO         2259    .text.HAL_TIMEx_BreakCallback  stm32f3xx_hal_tim_ex.o
    0x08002f3c   0x08002f3c   0x00000002   Code   RO         2255    .text.HAL_TIMEx_CommutCallback  stm32f3xx_hal_tim_ex.o
    0x08002f3e   0x08002f3e   0x00000002   PAD
    0x08002f40   0x08002f40   0x00000060   Code   RO         2247    .text.HAL_TIMEx_MasterConfigSynchronization  stm32f3xx_hal_tim_ex.o
    0x08002fa0   0x08002fa0   0x0000001e   Code   RO         1780    .text.HAL_TIM_Base_Init  stm32f3xx_hal_tim.o
    0x08002fbe   0x08002fbe   0x00000002   PAD
    0x08002fc0   0x08002fc0   0x00000038   Code   RO          227    .text.HAL_TIM_Base_MspInit  tim.o
    0x08002ff8   0x08002ff8   0x00000060   Code   RO         1794    .text.HAL_TIM_Base_Start_IT  stm32f3xx_hal_tim.o
    0x08003058   0x08003058   0x0000002a   Code   RO         1796    .text.HAL_TIM_Base_Stop_IT  stm32f3xx_hal_tim.o
    0x08003082   0x08003082   0x00000002   Code   RO         1916    .text.HAL_TIM_IC_CaptureCallback  stm32f3xx_hal_tim.o
    0x08003084   0x08003084   0x00000140   Code   RO         1914    .text.HAL_TIM_IRQHandler  stm32f3xx_hal_tim.o
    0x080031c4   0x080031c4   0x00000002   Code   RO         1918    .text.HAL_TIM_OC_DelayElapsedCallback  stm32f3xx_hal_tim.o
    0x080031c6   0x080031c6   0x00000002   Code   RO         1920    .text.HAL_TIM_PWM_PulseFinishedCallback  stm32f3xx_hal_tim.o
    0x080031c8   0x080031c8   0x00000054   Code   RO           72    .text.HAL_TIM_PeriodElapsedCallback  main.o
    0x0800321c   0x0800321c   0x00000002   Code   RO         1924    .text.HAL_TIM_TriggerCallback  stm32f3xx_hal_tim.o
    0x0800321e   0x0800321e   0x00000002   Code   RO         2431    .text.HAL_UARTEx_RxEventCallback  stm32f3xx_hal_uart.o
    0x08003220   0x08003220   0x00000002   Code   RO         2539    .text.HAL_UARTEx_WakeupCallback  stm32f3xx_hal_uart_ex.o
    0x08003222   0x08003222   0x00000002   Code   RO         2429    .text.HAL_UART_ErrorCallback  stm32f3xx_hal_uart.o
    0x08003224   0x08003224   0x00000254   Code   RO         2425    .text.HAL_UART_IRQHandler  stm32f3xx_hal_uart.o
    0x08003478   0x08003478   0x00000038   Code   RO         2341    .text.HAL_UART_Init  stm32f3xx_hal_uart.o
    0x080034b0   0x080034b0   0x000000e4   Code   RO          244    .text.HAL_UART_MspInit  usart.o
    0x08003594   0x08003594   0x00000030   Code   RO         2385    .text.HAL_UART_Receive_DMA  stm32f3xx_hal_uart.o
    0x080035c4   0x080035c4   0x00000020   Code   RO           70    .text.HAL_UART_RxCpltCallback  main.o
    0x080035e4   0x080035e4   0x00000002   Code   RO           68    .text.HAL_UART_RxHalfCpltCallback  main.o
    0x080035e6   0x080035e6   0x00000002   PAD
    0x080035e8   0x080035e8   0x00000068   Code   RO         2367    .text.HAL_UART_Transmit_IT  stm32f3xx_hal_uart.o
    0x08003650   0x08003650   0x00000002   Code   RO         2433    .text.HAL_UART_TxCpltCallback  stm32f3xx_hal_uart.o
    0x08003652   0x08003652   0x00000002   PAD
    0x08003654   0x08003654   0x0000013c   Code   RO          293    .text.HRTIM1_TIMA_IRQHandler  stm32f3xx_it.o
    0x08003790   0x08003790   0x00000024   Code   RO          295    .text.HRTIM1_TIMC_IRQHandler  stm32f3xx_it.o
    0x080037b4   0x080037b4   0x000001ae   Code   RO         1461    .text.HRTIM_EventConfig  stm32f3xx_hal_hrtim.o
    0x08003962   0x08003962   0x00000002   PAD
    0x08003964   0x08003964   0x000000a0   Code   RO         1427    .text.HRTIM_OutputConfig  stm32f3xx_hal_hrtim.o
    0x08003a04   0x08003a04   0x00000002   Code   RO          265    .text.HardFault_Handler  stm32f3xx_it.o
    0x08003a06   0x08003a06   0x00000002   PAD
    0x08003a08   0x08003a08   0x00000134   Code   RO           29    .text.MEAS_ADC1_eval  meas.o
    0x08003b3c   0x08003b3c   0x0000002c   Code   RO           25    .text.MEAS_ADC_start  meas.o
    0x08003b68   0x08003b68   0x000000a4   Code   RO          144    .text.MX_ADC1_Init  adc.o
    0x08003c0c   0x08003c0c   0x00000060   Code   RO          146    .text.MX_ADC2_Init  adc.o
    0x08003c6c   0x08003c6c   0x00000038   Code   RO          167    .text.MX_COMP2_Init  comp.o
    0x08003ca4   0x08003ca4   0x00000038   Code   RO          182    .text.MX_DAC2_Init  dac.o
    0x08003cdc   0x08003cdc   0x0000003c   Code   RO          197    .text.MX_DMA_Init   dma.o
    0x08003d18   0x08003d18   0x000000d4   Code   RO          135    .text.MX_GPIO_Init  gpio.o
    0x08003dec   0x08003dec   0x000001b8   Code   RO          206    .text.MX_HRTIM1_Init  hrtim.o
    0x08003fa4   0x08003fa4   0x0000003c   Code   RO          225    .text.MX_TIM6_Init  tim.o
    0x08003fe0   0x08003fe0   0x00000028   Code   RO          240    .text.MX_USART1_UART_Init  usart.o
    0x08004008   0x08004008   0x00000028   Code   RO          242    .text.MX_USART3_UART_Init  usart.o
    0x08004030   0x08004030   0x00000002   Code   RO          267    .text.MemManage_Handler  stm32f3xx_it.o
    0x08004032   0x08004032   0x00000002   PAD
    0x08004034   0x08004034   0x00000038   Code   RO           82    .text.ModulateFrequency  main.o
    0x0800406c   0x0800406c   0x00000002   Code   RO          263    .text.NMI_Handler   stm32f3xx_it.o
    0x0800406e   0x0800406e   0x00000012   Code   RO           31    .text.OUTLINED_FUNCTION_0  meas.o
    0x08004080   0x08004080   0x0000000a   Code   RO           96    .text.OUTLINED_FUNCTION_0  main.o
    0x0800408a   0x0800408a   0x00000014   Code   RO          152    .text.OUTLINED_FUNCTION_0  adc.o
    0x0800409e   0x0800409e   0x00000016   Code   RO          214    .text.OUTLINED_FUNCTION_0  hrtim.o
    0x080040b4   0x080040b4   0x00000018   Code   RO          248    .text.OUTLINED_FUNCTION_0  usart.o
    0x080040cc   0x080040cc   0x00000010   Code   RO          607    .text.OUTLINED_FUNCTION_0  stm32f3xx_hal_rcc.o
    0x080040dc   0x080040dc   0x0000000e   Code   RO         1621    .text.OUTLINED_FUNCTION_0  stm32f3xx_hal_hrtim.o
    0x080040ea   0x080040ea   0x00000014   Code   RO         2471    .text.OUTLINED_FUNCTION_0  stm32f3xx_hal_uart.o
    0x080040fe   0x080040fe   0x00000008   Code   RO           33    .text.OUTLINED_FUNCTION_1  meas.o
    0x08004106   0x08004106   0x00000006   Code   RO           98    .text.OUTLINED_FUNCTION_1  main.o
    0x0800410c   0x0800410c   0x00000010   Code   RO          154    .text.OUTLINED_FUNCTION_1  adc.o
    0x0800411c   0x0800411c   0x00000014   Code   RO          250    .text.OUTLINED_FUNCTION_1  usart.o
    0x08004130   0x08004130   0x0000000a   Code   RO          609    .text.OUTLINED_FUNCTION_1  stm32f3xx_hal_rcc.o
    0x0800413a   0x0800413a   0x0000000e   Code   RO          729    .text.OUTLINED_FUNCTION_1  stm32f3xx_hal_cortex.o
    0x08004148   0x08004148   0x0000000a   Code   RO         1623    .text.OUTLINED_FUNCTION_1  stm32f3xx_hal_hrtim.o
    0x08004152   0x08004152   0x00000036   Code   RO         2018    .text.OUTLINED_FUNCTION_1  stm32f3xx_hal_tim.o
    0x08004188   0x08004188   0x00000014   Code   RO         2473    .text.OUTLINED_FUNCTION_1  stm32f3xx_hal_uart.o
    0x0800419c   0x0800419c   0x0000000a   Code   RO          116    .text.OUTLINED_FUNCTION_10  main.o
    0x080041a6   0x080041a6   0x0000000c   Code   RO         2491    .text.OUTLINED_FUNCTION_10  stm32f3xx_hal_uart.o
    0x080041b2   0x080041b2   0x00000008   Code   RO          471    .text.OUTLINED_FUNCTION_11  stm32f3xx_hal_adc_ex.o
    0x080041ba   0x080041ba   0x0000000a   Code   RO         1643    .text.OUTLINED_FUNCTION_11  stm32f3xx_hal_hrtim.o
    0x080041c4   0x080041c4   0x00000014   Code   RO         2493    .text.OUTLINED_FUNCTION_11  stm32f3xx_hal_uart.o
    0x080041d8   0x080041d8   0x0000000c   Code   RO          473    .text.OUTLINED_FUNCTION_12  stm32f3xx_hal_adc_ex.o
    0x080041e4   0x080041e4   0x00000014   Code   RO         2495    .text.OUTLINED_FUNCTION_12  stm32f3xx_hal_uart.o
    0x080041f8   0x080041f8   0x0000000a   Code   RO          475    .text.OUTLINED_FUNCTION_13  stm32f3xx_hal_adc_ex.o
    0x08004202   0x08004202   0x00000014   Code   RO         2499    .text.OUTLINED_FUNCTION_14  stm32f3xx_hal_uart.o
    0x08004216   0x08004216   0x00000008   Code   RO          479    .text.OUTLINED_FUNCTION_15  stm32f3xx_hal_adc_ex.o
    0x0800421e   0x0800421e   0x00000012   Code   RO         2501    .text.OUTLINED_FUNCTION_15  stm32f3xx_hal_uart.o
    0x08004230   0x08004230   0x00000010   Code   RO          481    .text.OUTLINED_FUNCTION_16  stm32f3xx_hal_adc_ex.o
    0x08004240   0x08004240   0x0000000e   Code   RO          483    .text.OUTLINED_FUNCTION_17  stm32f3xx_hal_adc_ex.o
    0x0800424e   0x0800424e   0x0000000c   Code   RO         2505    .text.OUTLINED_FUNCTION_17  stm32f3xx_hal_uart.o
    0x0800425a   0x0800425a   0x0000001a   Code   RO         1657    .text.OUTLINED_FUNCTION_18  stm32f3xx_hal_hrtim.o
    0x08004274   0x08004274   0x00000010   Code   RO         2507    .text.OUTLINED_FUNCTION_18  stm32f3xx_hal_uart.o
    0x08004284   0x08004284   0x0000000e   Code   RO          487    .text.OUTLINED_FUNCTION_19  stm32f3xx_hal_adc_ex.o
    0x08004292   0x08004292   0x0000000a   Code   RO         1659    .text.OUTLINED_FUNCTION_19  stm32f3xx_hal_hrtim.o
    0x0800429c   0x0800429c   0x00000008   Code   RO         2509    .text.OUTLINED_FUNCTION_19  stm32f3xx_hal_uart.o
    0x080042a4   0x080042a4   0x00000014   Code   RO          100    .text.OUTLINED_FUNCTION_2  main.o
    0x080042b8   0x080042b8   0x00000008   Code   RO          453    .text.OUTLINED_FUNCTION_2  stm32f3xx_hal_adc_ex.o
    0x080042c0   0x080042c0   0x0000000e   Code   RO         1625    .text.OUTLINED_FUNCTION_2  stm32f3xx_hal_hrtim.o
    0x080042ce   0x080042ce   0x00000008   Code   RO         1661    .text.OUTLINED_FUNCTION_20  stm32f3xx_hal_hrtim.o
    0x080042d6   0x080042d6   0x0000000e   Code   RO          491    .text.OUTLINED_FUNCTION_21  stm32f3xx_hal_adc_ex.o
    0x080042e4   0x080042e4   0x0000000c   Code   RO         1663    .text.OUTLINED_FUNCTION_21  stm32f3xx_hal_hrtim.o
    0x080042f0   0x080042f0   0x00000014   Code   RO         2513    .text.OUTLINED_FUNCTION_21  stm32f3xx_hal_uart.o
    0x08004304   0x08004304   0x00000014   Code   RO         2515    .text.OUTLINED_FUNCTION_22  stm32f3xx_hal_uart.o
    0x08004318   0x08004318   0x0000000a   Code   RO          495    .text.OUTLINED_FUNCTION_23  stm32f3xx_hal_adc_ex.o
    0x08004322   0x08004322   0x0000000e   Code   RO         2521    .text.OUTLINED_FUNCTION_25  stm32f3xx_hal_uart.o
    0x08004330   0x08004330   0x0000000a   Code   RO         2523    .text.OUTLINED_FUNCTION_26  stm32f3xx_hal_uart.o
    0x0800433a   0x0800433a   0x0000000e   Code   RO          503    .text.OUTLINED_FUNCTION_27  stm32f3xx_hal_adc_ex.o
    0x08004348   0x08004348   0x0000000a   Code   RO         2525    .text.OUTLINED_FUNCTION_27  stm32f3xx_hal_uart.o
    0x08004352   0x08004352   0x0000000a   Code   RO          505    .text.OUTLINED_FUNCTION_28  stm32f3xx_hal_adc_ex.o
    0x0800435c   0x0800435c   0x00000006   Code   RO         2527    .text.OUTLINED_FUNCTION_28  stm32f3xx_hal_uart.o
    0x08004362   0x08004362   0x0000000e   Code   RO         1679    .text.OUTLINED_FUNCTION_29  stm32f3xx_hal_hrtim.o
    0x08004370   0x08004370   0x0000000a   Code   RO          102    .text.OUTLINED_FUNCTION_3  main.o
    0x0800437a   0x0800437a   0x0000000a   Code   RO          455    .text.OUTLINED_FUNCTION_3  stm32f3xx_hal_adc_ex.o
    0x08004384   0x08004384   0x0000000e   Code   RO         1627    .text.OUTLINED_FUNCTION_3  stm32f3xx_hal_hrtim.o
    0x08004392   0x08004392   0x00000014   Code   RO         2477    .text.OUTLINED_FUNCTION_3  stm32f3xx_hal_uart.o
    0x080043a6   0x080043a6   0x0000000a   Code   RO         2076    .text.OUTLINED_FUNCTION_30  stm32f3xx_hal_tim.o
    0x080043b0   0x080043b0   0x00000008   Code   RO         1685    .text.OUTLINED_FUNCTION_32  stm32f3xx_hal_hrtim.o
    0x080043b8   0x080043b8   0x00000014   Code   RO         1687    .text.OUTLINED_FUNCTION_33  stm32f3xx_hal_hrtim.o
    0x080043cc   0x080043cc   0x00000008   Code   RO         1689    .text.OUTLINED_FUNCTION_34  stm32f3xx_hal_hrtim.o
    0x080043d4   0x080043d4   0x00000014   Code   RO         2086    .text.OUTLINED_FUNCTION_35  stm32f3xx_hal_tim.o
    0x080043e8   0x080043e8   0x0000000c   Code   RO         1693    .text.OUTLINED_FUNCTION_36  stm32f3xx_hal_hrtim.o
    0x080043f4   0x080043f4   0x00000008   Code   RO         1697    .text.OUTLINED_FUNCTION_38  stm32f3xx_hal_hrtim.o
    0x080043fc   0x080043fc   0x00000008   Code   RO          104    .text.OUTLINED_FUNCTION_4  main.o
    0x08004404   0x08004404   0x00000006   Code   RO          457    .text.OUTLINED_FUNCTION_4  stm32f3xx_hal_adc_ex.o
    0x0800440a   0x0800440a   0x0000000e   Code   RO         1629    .text.OUTLINED_FUNCTION_4  stm32f3xx_hal_hrtim.o
    0x08004418   0x08004418   0x00000014   Code   RO         2479    .text.OUTLINED_FUNCTION_4  stm32f3xx_hal_uart.o
    0x0800442c   0x0800442c   0x0000000a   Code   RO         1711    .text.OUTLINED_FUNCTION_45  stm32f3xx_hal_hrtim.o
    0x08004436   0x08004436   0x0000000a   Code   RO         1713    .text.OUTLINED_FUNCTION_46  stm32f3xx_hal_hrtim.o
    0x08004440   0x08004440   0x00000006   Code   RO          106    .text.OUTLINED_FUNCTION_5  main.o
    0x08004446   0x08004446   0x00000014   Code   RO         2481    .text.OUTLINED_FUNCTION_5  stm32f3xx_hal_uart.o
    0x0800445a   0x0800445a   0x00000008   Code   RO         1723    .text.OUTLINED_FUNCTION_51  stm32f3xx_hal_hrtim.o
    0x08004462   0x08004462   0x00000008   Code   RO         2118    .text.OUTLINED_FUNCTION_51  stm32f3xx_hal_tim.o
    0x0800446a   0x0800446a   0x0000000a   Code   RO         1733    .text.OUTLINED_FUNCTION_56  stm32f3xx_hal_hrtim.o
    0x08004474   0x08004474   0x0000000a   Code   RO         2128    .text.OUTLINED_FUNCTION_56  stm32f3xx_hal_tim.o
    0x0800447e   0x0800447e   0x0000000e   Code   RO         1739    .text.OUTLINED_FUNCTION_59  stm32f3xx_hal_hrtim.o
    0x0800448c   0x0800448c   0x00000006   Code   RO          108    .text.OUTLINED_FUNCTION_6  main.o
    0x08004492   0x08004492   0x0000000c   Code   RO          461    .text.OUTLINED_FUNCTION_6  stm32f3xx_hal_adc_ex.o
    0x0800449e   0x0800449e   0x00000008   Code   RO         2483    .text.OUTLINED_FUNCTION_6  stm32f3xx_hal_uart.o
    0x080044a6   0x080044a6   0x0000000c   Code   RO         2136    .text.OUTLINED_FUNCTION_60  stm32f3xx_hal_tim.o
    0x080044b2   0x080044b2   0x0000000a   Code   RO         1749    .text.OUTLINED_FUNCTION_64  stm32f3xx_hal_hrtim.o
    0x080044bc   0x080044bc   0x00000006   Code   RO         2144    .text.OUTLINED_FUNCTION_64  stm32f3xx_hal_tim.o
    0x080044c2   0x080044c2   0x0000000e   Code   RO         1751    .text.OUTLINED_FUNCTION_65  stm32f3xx_hal_hrtim.o
    0x080044d0   0x080044d0   0x00000006   Code   RO          110    .text.OUTLINED_FUNCTION_7  main.o
    0x080044d6   0x080044d6   0x00000014   Code   RO          463    .text.OUTLINED_FUNCTION_7  stm32f3xx_hal_adc_ex.o
    0x080044ea   0x080044ea   0x00000014   Code   RO         2485    .text.OUTLINED_FUNCTION_7  stm32f3xx_hal_uart.o
    0x080044fe   0x080044fe   0x0000000a   Code   RO         2158    .text.OUTLINED_FUNCTION_71  stm32f3xx_hal_tim.o
    0x08004508   0x08004508   0x0000000a   Code   RO          112    .text.OUTLINED_FUNCTION_8  main.o
    0x08004512   0x08004512   0x0000000c   Code   RO         2487    .text.OUTLINED_FUNCTION_8  stm32f3xx_hal_uart.o
    0x0800451e   0x0800451e   0x00000008   Code   RO          114    .text.OUTLINED_FUNCTION_9  main.o
    0x08004526   0x08004526   0x0000000e   Code   RO         2034    .text.OUTLINED_FUNCTION_9  stm32f3xx_hal_tim.o
    0x08004534   0x08004534   0x00000002   Code   RO          277    .text.PendSV_Handler  stm32f3xx_it.o
    0x08004536   0x08004536   0x00000002   Code   RO          273    .text.SVC_Handler   stm32f3xx_it.o
    0x08004538   0x08004538   0x00000028   Code   RO           80    .text.StartInverter  main.o
    0x08004560   0x08004560   0x0000002c   Code   RO           86    .text.StopInverter  main.o
    0x0800458c   0x0800458c   0x00000014   Code   RO          279    .text.SysTick_Handler  stm32f3xx_it.o
    0x080045a0   0x080045a0   0x00000088   Code   RO           76    .text.SystemClock_Config  main.o
    0x08004628   0x08004628   0x00000010   Code   RO         2565    .text.SystemInit    system_stm32f3xx.o
    0x08004638   0x08004638   0x0000000c   Code   RO          287    .text.TIM6_DAC1_IRQHandler  stm32f3xx_it.o
    0x08004644   0x08004644   0x0000000c   Code   RO          289    .text.TIM7_DAC2_IRQHandler  stm32f3xx_it.o
    0x08004650   0x08004650   0x00000090   Code   RO         1784    .text.TIM_Base_SetConfig  stm32f3xx_hal_tim.o
    0x080046e0   0x080046e0   0x000000a8   Code   RO         2347    .text.UART_AdvFeatureConfig  stm32f3xx_hal_uart.o
    0x08004788   0x08004788   0x00000050   Code   RO         2349    .text.UART_CheckIdleState  stm32f3xx_hal_uart.o
    0x080047d8   0x080047d8   0x00000010   Code   RO         2427    .text.UART_DMAAbortOnError  stm32f3xx_hal_uart.o
    0x080047e8   0x080047e8   0x0000004e   Code   RO         2383    .text.UART_DMAError  stm32f3xx_hal_uart.o
    0x08004836   0x08004836   0x0000005e   Code   RO         2467    .text.UART_DMAReceiveCplt  stm32f3xx_hal_uart.o
    0x08004894   0x08004894   0x00000016   Code   RO         2469    .text.UART_DMARxHalfCplt  stm32f3xx_hal_uart.o
    0x080048aa   0x080048aa   0x0000003c   Code   RO         2397    .text.UART_EndRxTransfer  stm32f3xx_hal_uart.o
    0x080048e6   0x080048e6   0x0000001a   Code   RO         2395    .text.UART_EndTxTransfer  stm32f3xx_hal_uart.o
    0x08004900   0x08004900   0x00000120   Code   RO         2345    .text.UART_SetConfig  stm32f3xx_hal_uart.o
    0x08004a20   0x08004a20   0x00000080   Code   RO         2387    .text.UART_Start_Receive_DMA  stm32f3xx_hal_uart.o
    0x08004aa0   0x08004aa0   0x0000004c   Code   RO         2369    .text.UART_TxISR_16BIT  stm32f3xx_hal_uart.o
    0x08004aec   0x08004aec   0x00000048   Code   RO         2371    .text.UART_TxISR_8BIT  stm32f3xx_hal_uart.o
    0x08004b34   0x08004b34   0x000000aa   Code   RO         2363    .text.UART_WaitOnFlagUntilTimeout  stm32f3xx_hal_uart.o
    0x08004bde   0x08004bde   0x00000002   PAD
    0x08004be0   0x08004be0   0x0000000c   Code   RO          285    .text.USART1_IRQHandler  stm32f3xx_it.o
    0x08004bec   0x08004bec   0x00000002   Code   RO          271    .text.UsageFault_Handler  stm32f3xx_it.o
    0x08004bee   0x08004bee   0x0000005e   Code   RO           13    .text.calculateCheckSum  qi_transmitter.o
    0x08004c4c   0x08004c4c   0x0000007e   Code   RO           15    .text.demodulateAskByte  qi_transmitter.o
    0x08004cca   0x08004cca   0x0000000e   Code   RO           54    .text.get_data_packet_size  queue.o
    0x08004cd8   0x08004cd8   0x0000126c   Code   RO           74    .text.main          main.o
    0x08005f44   0x08005f44   0x00000032   Code   RO           11    .text.modulateFskByte  qi_transmitter.o
    0x08005f76   0x08005f76   0x0000004a   Code   RO           52    .text.queue_dequeue  queue.o
    0x08005fc0   0x08005fc0   0x0000006a   Code   RO           50    .text.queue_enqueue  queue.o
    0x0800602a   0x0800602a   0x0000000c   Code   RO           44    .text.queue_init    queue.o
    0x08006036   0x08006036   0x0000000c   Code   RO           46    .text.queue_is_empty  queue.o
    0x08006042   0x08006042   0x00000072   Code   RO           58    .text.serialize_data_packet  queue.o
    0x080060b4   0x080060b4   0x00000016   Code   RO           56    .text.serialize_response_pattern  queue.o
    0x080060ca   0x080060ca   0x0000003e   Code   RO         2714    CL$$btod_d2e        c_w.l(btod.o)
    0x08006108   0x08006108   0x00000046   Code   RO         2716    CL$$btod_d2e_denorm_low  c_w.l(btod.o)
    0x0800614e   0x0800614e   0x00000060   Code   RO         2715    CL$$btod_d2e_norm_op1  c_w.l(btod.o)
    0x080061ae   0x080061ae   0x00000002   PAD
    0x080061b0   0x080061b0   0x00000338   Code   RO         2724    CL$$btod_div_common  c_w.l(btod.o)
    0x080064e8   0x080064e8   0x000000dc   Code   RO         2721    CL$$btod_e2e        c_w.l(btod.o)
    0x080065c4   0x080065c4   0x0000002a   Code   RO         2718    CL$$btod_ediv       c_w.l(btod.o)
    0x080065ee   0x080065ee   0x0000002a   Code   RO         2717    CL$$btod_emul       c_w.l(btod.o)
    0x08006618   0x08006618   0x00000244   Code   RO         2723    CL$$btod_mult_common  c_w.l(btod.o)
    0x0800685c   0x0800685c   0x00000030   Code   RO         2745    i.__ARM_fpclassify  m_wm.l(fpclassify.o)
    0x0800688c   0x0800688c   0x0000002c   Code   RO         2739    locale$$code        c_w.l(lc_numeric_c.o)
    0x080068b8   0x080068b8   0x00000062   Code   RO         2628    x$fpl$d2f           fz_wm.l(d2f.o)
    0x0800691a   0x0800691a   0x00000002   PAD
    0x0800691c   0x0800691c   0x00000150   Code   RO         2630    x$fpl$dadd          fz_wm.l(daddsub_clz.o)
    0x08006a6c   0x08006a6c   0x00000018   Code   RO         2741    x$fpl$dcmpinf       fz_wm.l(dcmpi.o)
    0x08006a84   0x08006a84   0x000002b4   Code   RO         2639    x$fpl$ddiv          fz_wm.l(ddiv.o)
    0x08006d38   0x08006d38   0x00000078   Code   RO         2670    x$fpl$deqf          fz_wm.l(deqf.o)
    0x08006db0   0x08006db0   0x0000002e   Code   RO         2643    x$fpl$dflt          fz_wm.l(dflt_clz.o)
    0x08006dde   0x08006dde   0x00000002   PAD
    0x08006de0   0x08006de0   0x00000078   Code   RO         2672    x$fpl$dgeqf         fz_wm.l(dgeqf.o)
    0x08006e58   0x08006e58   0x00000078   Code   RO         2674    x$fpl$dleqf         fz_wm.l(dleqf.o)
    0x08006ed0   0x08006ed0   0x00000154   Code   RO         2648    x$fpl$dmul          fz_wm.l(dmul.o)
    0x08007024   0x08007024   0x0000009c   Code   RO         2676    x$fpl$dnaninf       fz_wm.l(dnaninf.o)
    0x080070c0   0x080070c0   0x0000000c   Code   RO         2678    x$fpl$dretinf       fz_wm.l(dretinf.o)
    0x080070cc   0x080070cc   0x000001dc   Code   RO         2632    x$fpl$dsub          fz_wm.l(daddsub_clz.o)
    0x080072a8   0x080072a8   0x00000056   Code   RO         2650    x$fpl$f2d           fz_wm.l(f2d.o)
    0x080072fe   0x080072fe   0x00000054   Code   RO         2636    x$fpl$fcmp          fz_wm.l(dcmp.o)
    0x08007352   0x08007352   0x0000008c   Code   RO         2680    x$fpl$fnaninf       fz_wm.l(fnaninf.o)
    0x080073de   0x080073de   0x0000001a   Code   RO         2815    x$fpl$fpinit        fz_wm.l(fpinit.o)
    0x080073f8   0x080073f8   0x0000000a   Code   RO         2682    x$fpl$fretinf       fz_wm.l(fretinf.o)
    0x08007402   0x08007402   0x00000004   Code   RO         2652    x$fpl$printf1       fz_wm.l(printf1.o)
    0x08007406   0x08007406   0x00000000   Code   RO         2684    x$fpl$usenofp       fz_wm.l(usenofp.o)
    0x08007406   0x08007406   0x00000002   PAD
    0x08007408   0x08007408   0x00000094   Data   RO         2712    .constdata          c_w.l(bigflt0.o)
    0x0800749c   0x0800749c   0x00000010   Data   RO         2570    .rodata.AHBPrescTable  system_stm32f3xx.o
    0x080074ac   0x080074ac   0x00000008   Data   RO         2571    .rodata.APBPrescTable  system_stm32f3xx.o
    0x080074b4   0x080074b4   0x00000018   Data   RO         1771    .rodata.TimerIdxToTimerId  stm32f3xx_hal_hrtim.o
    0x080074cc   0x080074cc   0x00000010   Data   RO          611    .rodata.aPLLMULFactorTable  stm32f3xx_hal_rcc.o
    0x080074dc   0x080074dc   0x00000010   Data   RO          612    .rodata.aPredivFactorTable  stm32f3xx_hal_rcc.o
    0x080074ec   0x080074ec   0x000000bd   Data   RO          121    .rodata.str1.1      main.o
    0x080075a9   0x080075a9   0x00000003   PAD
    0x080075ac   0x080075ac   0x000003a1   Data   RO          120    .rodata.str1.4      main.o
    0x0800794d   0x0800794d   0x00000003   PAD
    0x08007950   0x08007950   0x00000020   Data   RO         2897    Region$$Table       anon$$obj.o
    0x08007970   0x08007970   0x0000001c   Data   RO         2738    locale$$data        c_w.l(lc_numeric_c.o)


    Execution Region RW_IRAM2 (Exec base: 0x10000000, Load base: 0x080079a8, Size: 0x00000000, Max: 0x00001000, ABSOLUTE)

    **** No section assigned to this execution region ****


    Execution Region RW_IRAM1 (Exec base: 0x20000000, Load base: 0x08007990, Size: 0x00000aa8, Max: 0x00003000, ABSOLUTE)

    Exec Addr    Load Addr    Size         Type   Attr      Idx    E Section Name        Object

    0x20000000   0x08007990   0x00000008   Data   RW          125    .data..L_MergedGlobals  main.o
    0x20000008   0x08007998   0x00000008   Data   RW          570    .data..L_MergedGlobals  stm32f3xx_hal.o
    0x20000010   0x080079a0   0x00000001   Data   RW          122    .data.ModulateFrequency.iteration  main.o
    0x20000011   0x080079a1   0x00000003   PAD
    0x20000014   0x080079a4   0x00000004   Data   RW         2569    .data.SystemCoreClock  system_stm32f3xx.o
    0x20000018        -       0x00000060   Zero   RW         2748    .bss                c_w.l(libspace.o)
    0x20000078        -       0x00000024   Zero   RW           35    .bss..L_MergedGlobals  meas.o
    0x2000009c        -       0x00000048   Zero   RW          158    .bss..L_MergedGlobals  adc.o
    0x200000e4        -       0x00000014   Zero   RW          297    .bss..L_MergedGlobals  stm32f3xx_it.o
    0x200000f8        -       0x0000004d   Zero   RW          126    .bss..L_MergedGlobals.51  main.o
    0x20000145   0x080079a8   0x00000003   PAD
    0x20000148        -       0x00000050   Zero   RW          156    .bss.hadc1          adc.o
    0x20000198        -       0x00000050   Zero   RW          157    .bss.hadc2          adc.o
    0x200001e8        -       0x00000030   Zero   RW          173    .bss.hcomp2         comp.o
    0x20000218        -       0x00000014   Zero   RW          188    .bss.hdac2          dac.o
    0x2000022c        -       0x00000044   Zero   RW          254    .bss.hdma_usart1_rx  usart.o
    0x20000270        -       0x000000dc   Zero   RW          216    .bss.hhrtim1        hrtim.o
    0x2000034c        -       0x0000004c   Zero   RW          231    .bss.htim6          tim.o
    0x20000398        -       0x00000084   Zero   RW          252    .bss.huart1         usart.o
    0x2000041c        -       0x00000084   Zero   RW          253    .bss.huart3         usart.o
    0x200004a0        -       0x00000004   Zero   RW          569    .bss.uwTick         stm32f3xx_hal.o
    0x200004a4   0x080079a8   0x00000004   PAD
    0x200004a8        -       0x00000200   Zero   RW            2    HEAP                startup_stm32f334x8.o
    0x200006a8        -       0x00000400   Zero   RW            1    STACK               startup_stm32f334x8.o


==============================================================================

Image component sizes


      Code (inc. data)   RO Data    RW Data    ZI Data      Debug   Object Name

       484         24          0          0        232       5948   adc.o
       136         12          0          0         48       4379   comp.o
       160         16          0          0         20       5434   dac.o
        60          0          0          0          0       2433   dma.o
       212          8          0          0          0       1846   gpio.o
       618         16          0          0        220       9069   hrtim.o
      5502        710       1118          9         77      23142   main.o
       378         56          0          0         36       5128   meas.o
       270          0          0          0          0       2703   qi_transmitter.o
       354          0          0          0          0       3197   queue.o
        64         26        392          0       1536        872   startup_stm32f334x8.o
       160         16          0          8          4       6203   stm32f3xx_hal.o
         2          0          0          0          0       6961   stm32f3xx_hal_adc.o
      2374         64          0          0          0      25078   stm32f3xx_hal_adc_ex.o
       270         16          0          0          0       5707   stm32f3xx_hal_comp.o
       194         24          0          0          0       8570   stm32f3xx_hal_cortex.o
        40          0          0          0          0       5705   stm32f3xx_hal_dac.o
       200          4          0          0          0       8130   stm32f3xx_hal_dac_ex.o
       502          8          0          0          0       7326   stm32f3xx_hal_dma.o
       442         24          0          0          0       4980   stm32f3xx_hal_gpio.o
      3168        100         24          0          0      59922   stm32f3xx_hal_hrtim.o
        48          4          0          0          0       1026   stm32f3xx_hal_msp.o
      1138         52         32          0          0       7314   stm32f3xx_hal_rcc.o
       280         12          0          0          0       4256   stm32f3xx_hal_rcc_ex.o
       784         36          0          0          0      50957   stm32f3xx_hal_tim.o
       102          0          0          0          0      20853   stm32f3xx_hal_tim_ex.o
      2434         88          0          0          0      27620   stm32f3xx_hal_uart.o
         2          0          0          0          0       7630   stm32f3xx_hal_uart_ex.o
       472         68          0          0         20       8271   stm32f3xx_it.o
        16          4         24          4          0       2226   system_stm32f3xx.o
       116         12          0          0         76       6025   tim.o
       352         40          0          0        332       6571   usart.o

    ----------------------------------------------------------------------
     21368       1440       1628         24       2608     345482   Object Totals
         0          0         32          0          0          0   (incl. Generated)
        34          0          6          3          7          0   (incl. Padding)

    ----------------------------------------------------------------------

      Code (inc. data)   RO Data    RW Data    ZI Data      Debug   Library Member Name

         8          0          0          0          0         68   __main.o
       104          0          0          0          0         84   __printf.o
         0          0          0          0          0          0   __rtentry.o
        12          0          0          0          0          0   __rtentry2.o
         6          0          0          0          0          0   __rtentry4.o
        52          8          0          0          0          0   __scatter.o
        26          0          0          0          0          0   __scatter_copy.o
        28          0          0          0          0          0   __scatter_zi.o
         6          0          0          0          0          0   _printf_c.o
        44          0          0          0          0        108   _printf_char.o
        48          6          0          0          0         96   _printf_char_common.o
         6          0          0          0          0          0   _printf_d.o
       120         16          0          0          0         92   _printf_dec.o
         6          0          0          0          0          0   _printf_f.o
      1052          0          0          0          0        148   _printf_fp_dec.o
       128         16          0          0          0         84   _printf_fp_infnan.o
       178          0          0          0          0         88   _printf_intcommon.o
         0          0          0          0          0          0   _printf_percent.o
         4          0          0          0          0          0   _printf_percent_end.o
        82          0          0          0          0         80   _printf_str.o
         6          0          0          0          0          0   _printf_u.o
        10          0          0          0          0         68   _sputc.o
       228          4        148          0          0         96   bigflt0.o
      1936        128          0          0          0        668   btod.o
        18          0          0          0          0         80   exit.o
         6          0          0          0          0        152   heapauxi.o
         0          0          0          0          0          0   indicate_semi.o
        44         10         28          0          0         76   lc_numeric_c.o
         2          0          0          0          0          0   libinit.o
        22          0          0          0          0          0   libinit2.o
         2          0          0          0          0          0   libshutdown.o
         2          0          0          0          0          0   libshutdown2.o
         8          4          0          0         96         68   libspace.o
       138          0          0          0          0         80   lludiv10.o
        40          6          0          0          0         84   noretval__2sprintf.o
         8          4          0          0          0         68   rt_locale_intlibspace.o
        78          0          0          0          0         80   rt_memclr_w.o
       138          0          0          0          0         68   rt_memcpy_v6.o
       100          0          0          0          0         80   rt_memcpy_w.o
         2          0          0          0          0          0   rtexit.o
        10          0          0          0          0          0   rtexit2.o
       124          0          0          0          0         88   strcmpv7em.o
        62          0          0          0          0         76   strlen.o
        12          4          0          0          0         68   sys_exit.o
        74          0          0          0          0         80   sys_stackheap_outer.o
         2          0          0          0          0         68   use_no_semi.o
        98          4          0          0          0        140   d2f.o
       812         16          0          0          0        392   daddsub_clz.o
        84          0          0          0          0        244   dcmp.o
        24          0          0          0          0        116   dcmpi.o
       692        140          0          0          0        264   ddiv.o
       120          4          0          0          0        140   deqf.o
        46          0          0          0          0        116   dflt_clz.o
       120          4          0          0          0        140   dgeqf.o
       120          4          0          0          0        140   dleqf.o
       340         12          0          0          0        152   dmul.o
       156          4          0          0          0        140   dnaninf.o
        12          0          0          0          0        116   dretinf.o
        86          4          0          0          0        132   f2d.o
       140          4          0          0          0        132   fnaninf.o
        26          0          0          0          0        116   fpinit.o
        10          0          0          0          0        116   fretinf.o
         4          0          0          0          0        116   printf1.o
         0          0          0          0          0          0   usenofp.o
        48          0          0          0          0        124   fpclassify.o

    ----------------------------------------------------------------------
      7944        402        176          0         96       5732   Library Totals
        24          0          0          0          0          0   (incl. Padding)

    ----------------------------------------------------------------------

      Code (inc. data)   RO Data    RW Data    ZI Data      Debug   Library Name

      4982        206        176          0         96       2896   c_w.l
      2890        196          0          0          0       2712   fz_wm.l
        48          0          0          0          0        124   m_wm.l

    ----------------------------------------------------------------------
      7944        402        176          0         96       5732   Library Totals

    ----------------------------------------------------------------------

==============================================================================


      Code (inc. data)   RO Data    RW Data    ZI Data      Debug   

     29312       1842       1804         24       2704     347354   Grand Totals
     29312       1842       1804         24       2704     347354   ELF Image Totals
     29312       1842       1804         24          0          0   ROM Totals

==============================================================================

    Total RO  Size (Code + RO Data)                31116 (  30.39kB)
    Total RW  Size (RW Data + ZI Data)              2728 (   2.66kB)
    Total ROM Size (Code + RO Data + RW Data)      31140 (  30.41kB)

==============================================================================

