Component: Arm Compiler for Embedded 6.19 Tool: armlink [5e73cb00]

==============================================================================

Section Cross References

    startup_stm32f334x8.o(STACK) refers (Special) to heapauxi.o(.text) for __use_two_region_memory
    startup_stm32f334x8.o(HEAP) refers (Special) to heapauxi.o(.text) for __use_two_region_memory
    startup_stm32f334x8.o(RESET) refers (Special) to heapauxi.o(.text) for __use_two_region_memory
    startup_stm32f334x8.o(RESET) refers to startup_stm32f334x8.o(STACK) for __initial_sp
    startup_stm32f334x8.o(RESET) refers to startup_stm32f334x8.o(.text) for Reset_Handler
    startup_stm32f334x8.o(RESET) refers to stm32f3xx_it.o(.text.NMI_Handler) for NMI_Handler
    startup_stm32f334x8.o(RESET) refers to stm32f3xx_it.o(.text.HardFault_Handler) for HardFault_Handler
    startup_stm32f334x8.o(RESET) refers to stm32f3xx_it.o(.text.MemManage_Handler) for MemManage_Handler
    startup_stm32f334x8.o(RESET) refers to stm32f3xx_it.o(.text.BusFault_Handler) for BusFault_Handler
    startup_stm32f334x8.o(RESET) refers to stm32f3xx_it.o(.text.UsageFault_Handler) for UsageFault_Handler
    startup_stm32f334x8.o(RESET) refers to stm32f3xx_it.o(.text.SVC_Handler) for SVC_Handler
    startup_stm32f334x8.o(RESET) refers to stm32f3xx_it.o(.text.DebugMon_Handler) for DebugMon_Handler
    startup_stm32f334x8.o(RESET) refers to stm32f3xx_it.o(.text.PendSV_Handler) for PendSV_Handler
    startup_stm32f334x8.o(RESET) refers to stm32f3xx_it.o(.text.SysTick_Handler) for SysTick_Handler
    startup_stm32f334x8.o(RESET) refers to stm32f3xx_it.o(.text.DMA1_Channel1_IRQHandler) for DMA1_Channel1_IRQHandler
    startup_stm32f334x8.o(RESET) refers to stm32f3xx_it.o(.text.DMA1_Channel3_IRQHandler) for DMA1_Channel3_IRQHandler
    startup_stm32f334x8.o(RESET) refers to stm32f3xx_it.o(.text.DMA1_Channel5_IRQHandler) for DMA1_Channel5_IRQHandler
    startup_stm32f334x8.o(RESET) refers to stm32f3xx_it.o(.text.USART1_IRQHandler) for USART1_IRQHandler
    startup_stm32f334x8.o(RESET) refers to stm32f3xx_it.o(.text.USART3_IRQHandler) for USART3_IRQHandler
    startup_stm32f334x8.o(RESET) refers to stm32f3xx_it.o(.text.COMP2_IRQHandler) for COMP2_IRQHandler
    startup_stm32f334x8.o(RESET) refers to stm32f3xx_it.o(.text.HRTIM1_TIMA_IRQHandler) for HRTIM1_TIMA_IRQHandler
    startup_stm32f334x8.o(RESET) refers to stm32f3xx_it.o(.text.HRTIM1_TIMB_IRQHandler) for HRTIM1_TIMB_IRQHandler
    startup_stm32f334x8.o(.text) refers (Special) to heapauxi.o(.text) for __use_two_region_memory
    startup_stm32f334x8.o(.text) refers to system_stm32f3xx.o(.text.SystemInit) for SystemInit
    startup_stm32f334x8.o(.text) refers to __main.o(!!!main) for __main
    startup_stm32f334x8.o(.text) refers to startup_stm32f334x8.o(HEAP) for Heap_Mem
    startup_stm32f334x8.o(.text) refers to startup_stm32f334x8.o(STACK) for Stack_Mem
    qi.o(.ARM.exidx.text.modulateAskByte) refers to qi.o(.text.modulateAskByte) for [Anonymous Symbol]
    qi.o(.ARM.exidx.text.calculateCheckSum) refers to qi.o(.text.calculateCheckSum) for [Anonymous Symbol]
    qi.o(.ARM.exidx.text.demodulateFskByte) refers to qi.o(.text.demodulateFskByte) for [Anonymous Symbol]
    meas.o(.text.MEAS_ADC_start) refers to stm32f3xx_hal_adc_ex.o(.text.HAL_ADC_Start) for HAL_ADC_Start
    meas.o(.text.MEAS_ADC_start) refers to stm32f3xx_hal_adc_ex.o(.text.HAL_ADCEx_MultiModeStart_DMA) for HAL_ADCEx_MultiModeStart_DMA
    meas.o(.text.MEAS_ADC_start) refers to adc.o(.bss.hadc2) for hadc2
    meas.o(.text.MEAS_ADC_start) refers to meas.o(.bss..L_MergedGlobals) for [Anonymous Symbol]
    meas.o(.text.MEAS_ADC_start) refers to adc.o(.bss.hadc1) for hadc1
    meas.o(.ARM.exidx.text.MEAS_ADC_start) refers to meas.o(.text.MEAS_ADC_start) for [Anonymous Symbol]
    meas.o(.text.MEAS_ADC_stop) refers to stm32f3xx_hal_adc_ex.o(.text.HAL_ADC_Stop) for HAL_ADC_Stop
    meas.o(.text.MEAS_ADC_stop) refers to stm32f3xx_hal_adc_ex.o(.text.HAL_ADCEx_MultiModeStop_DMA) for HAL_ADCEx_MultiModeStop_DMA
    meas.o(.text.MEAS_ADC_stop) refers to adc.o(.bss.hadc2) for hadc2
    meas.o(.text.MEAS_ADC_stop) refers to adc.o(.bss.hadc1) for hadc1
    meas.o(.ARM.exidx.text.MEAS_ADC_stop) refers to meas.o(.text.MEAS_ADC_stop) for [Anonymous Symbol]
    meas.o(.text.MEAS_ADC1_eval) refers to stm32f3xx_hal_adc_ex.o(.text.HAL_ADC_Start) for HAL_ADC_Start
    meas.o(.text.MEAS_ADC1_eval) refers to stm32f3xx_hal_adc_ex.o(.text.HAL_ADCEx_MultiModeStart_DMA) for HAL_ADCEx_MultiModeStart_DMA
    meas.o(.text.MEAS_ADC1_eval) refers to meas.o(.text.OUTLINED_FUNCTION_0) for OUTLINED_FUNCTION_0
    meas.o(.text.MEAS_ADC1_eval) refers to f2d.o(x$fpl$f2d) for __aeabi_f2d
    meas.o(.text.MEAS_ADC1_eval) refers to ddiv.o(x$fpl$ddiv) for __aeabi_ddiv
    meas.o(.text.MEAS_ADC1_eval) refers to dmul.o(x$fpl$dmul) for __aeabi_dmul
    meas.o(.text.MEAS_ADC1_eval) refers to daddsub_clz.o(x$fpl$dadd) for __aeabi_dadd
[...]
    CAN_SCE_IRQHandler                       0x0800026f   Thumb Code     0  startup_stm32f334x8.o(.text)
    CAN_TX_IRQHandler                        0x0800026f   Thumb Code     0  startup_stm32f334x8.o(.text)
    COMP4_6_IRQHandler                       0x0800026f   Thumb Code     0  startup_stm32f334x8.o(.text)
    DMA1_Channel2_IRQHandler                 0x0800026f   Thumb Code     0  startup_stm32f334x8.o(.text)
    DMA1_Channel4_IRQHandler                 0x0800026f   Thumb Code     0  startup_stm32f334x8.o(.text)
    DMA1_Channel6_IRQHandler                 0x0800026f   Thumb Code     0  startup_stm32f334x8.o(.text)
    DMA1_Channel7_IRQHandler                 0x0800026f   Thumb Code     0  startup_stm32f334x8.o(.text)
    EXTI0_IRQHandler                         0x0800026f   Thumb Code     0  startup_stm32f334x8.o(.text)
    EXTI15_10_IRQHandler                     0x0800026f   Thumb Code     0  startup_stm32f334x8.o(.text)
    EXTI1_IRQHandler                         0x0800026f   Thumb Code     0  startup_stm32f334x8.o(.text)
    EXTI2_TSC_IRQHandler                     0x0800026f   Thumb Code     0  startup_stm32f334x8.o(.text)
    EXTI3_IRQHandler                         0x0800026f   Thumb Code     0  startup_stm32f334x8.o(.text)
    EXTI4_IRQHandler                         0x0800026f   Thumb Code     0  startup_stm32f334x8.o(.text)
    EXTI9_5_IRQHandler                       0x0800026f   Thumb Code     0  startup_stm32f334x8.o(.text)
    FLASH_IRQHandler                         0x0800026f   Thumb Code     0  startup_stm32f334x8.o(.text)
    FPU_IRQHandler                           0x0800026f   Thumb Code     0  startup_stm32f334x8.o(.text)
    HRTIM1_FLT_IRQHandler                    0x0800026f   Thumb Code     0  startup_stm32f334x8.o(.text)
    HRTIM1_Master_IRQHandler                 0x0800026f   Thumb Code     0  startup_stm32f334x8.o(.text)
    HRTIM1_TIMC_IRQHandler                   0x0800026f   Thumb Code     0  startup_stm32f334x8.o(.text)
    HRTIM1_TIMD_IRQHandler                   0x0800026f   Thumb Code     0  startup_stm32f334x8.o(.text)
    HRTIM1_TIME_IRQHandler                   0x0800026f   Thumb Code     0  startup_stm32f334x8.o(.text)
    I2C1_ER_IRQHandler                       0x0800026f   Thumb Code     0  startup_stm32f334x8.o(.text)
    I2C1_EV_IRQHandler                       0x0800026f   Thumb Code     0  startup_stm32f334x8.o(.text)
    PVD_IRQHandler                           0x0800026f   Thumb Code     0  startup_stm32f334x8.o(.text)
    RCC_IRQHandler                           0x0800026f   Thumb Code     0  startup_stm32f334x8.o(.text)
    RTC_Alarm_IRQHandler                     0x0800026f   Thumb Code     0  startup_stm32f334x8.o(.text)
    RTC_WKUP_IRQHandler                      0x0800026f   Thumb Code     0  startup_stm32f334x8.o(.text)
    SPI1_IRQHandler                          0x0800026f   Thumb Code     0  startup_stm32f334x8.o(.text)
    TAMP_STAMP_IRQHandler                    0x0800026f   Thumb Code     0  startup_stm32f334x8.o(.text)
    TIM1_BRK_TIM15_IRQHandler                0x0800026f   Thumb Code     0  startup_stm32f334x8.o(.text)
    TIM1_CC_IRQHandler                       0x0800026f   Thumb Code     0  startup_stm32f334x8.o(.text)
    TIM1_TRG_COM_TIM17_IRQHandler            0x0800026f   Thumb Code     0  startup_stm32f334x8.o(.text)
    TIM1_UP_TIM16_IRQHandler                 0x0800026f   Thumb Code     0  startup_stm32f334x8.o(.text)
    TIM2_IRQHandler                          0x0800026f   Thumb Code     0  startup_stm32f334x8.o(.text)
    TIM3_IRQHandler                          0x0800026f   Thumb Code     0  startup_stm32f334x8.o(.text)
    TIM6_DAC1_IRQHandler                     0x0800026f   Thumb Code     0  startup_stm32f334x8.o(.text)
    TIM7_DAC2_IRQHandler                     0x0800026f   Thumb Code     0  startup_stm32f334x8.o(.text)
    USART2_IRQHandler                        0x0800026f   Thumb Code     0  startup_stm32f334x8.o(.text)
    WWDG_IRQHandler                          0x0800026f   Thumb Code     0  startup_stm32f334x8.o(.text)
    __user_initial_stackheap                 0x08000271   Thumb Code     0  startup_stm32f334x8.o(.text)
    __2sprintf                               0x08000295   Thumb Code    34  noretval__2sprintf.o(.text)
    __printf                                 0x080002bd   Thumb Code   104  __printf.o(.text)
    _printf_str                              0x08000325   Thumb Code    82  _printf_str.o(.text)
    _printf_int_dec                          0x08000379   Thumb Code   104  _printf_dec.o(.text)
    strlen                                   0x080003f1   Thumb Code    62  strlen.o(.text)
    __aeabi_memcpy                           0x0800042f   Thumb Code     0  rt_memcpy_v6.o(.text)
    __rt_memcpy                              0x0800042f   Thumb Code   138  rt_memcpy_v6.o(.text)
    _memcpy_lastbytes                        0x08000495   Thumb Code     0  rt_memcpy_v6.o(.text)
    __aeabi_memclr4                          0x080004b9   Thumb Code     0  rt_memclr_w.o(.text)
    __aeabi_memclr8                          0x080004b9   Thumb Code     0  rt_memclr_w.o(.text)
    __rt_memclr_w                            0x080004b9   Thumb Code     0  rt_memclr_w.o(.text)
    _memset_w                                0x080004bd   Thumb Code    74  rt_memclr_w.o(.text)
    __use_two_region_memory                  0x08000507   Thumb Code     2  heapauxi.o(.text)
    __rt_heap_escrow$2region                 0x08000509   Thumb Code     2  heapauxi.o(.text)
    __rt_heap_expand$2region                 0x0800050b   Thumb Code     2  heapauxi.o(.text)
    _printf_int_common                       0x0800050d   Thumb Code   178  _printf_intcommon.o(.text)
    _printf_fp_dec_real                      0x0800076f   Thumb Code   620  _printf_fp_dec.o(.text)
    _printf_char_common                      0x080009e7   Thumb Code    32  _printf_char_common.o(.text)
    _sputc                                   0x08000a0d   Thumb Code    10  _sputc.o(.text)
    _printf_cs_common                        0x08000a17   Thumb Code    20  _printf_char.o(.text)
    _printf_char                             0x08000a2b   Thumb Code    16  _printf_char.o(.text)
    _printf_string                           0x08000a3b   Thumb Code     8  _printf_char.o(.text)
    __aeabi_memcpy4                          0x08000a43   Thumb Code     0  rt_memcpy_w.o(.text)
    __aeabi_memcpy8                          0x08000a43   Thumb Code     0  rt_memcpy_w.o(.text)
    __rt_memcpy_w                            0x08000a43   Thumb Code   100  rt_memcpy_w.o(.text)
    _memcpy_lastbytes_aligned                0x08000a8b   Thumb Code     0  rt_memcpy_w.o(.text)
    __rt_locale                              0x08000aa9   Thumb Code     8  rt_locale_intlibspace.o(.text)
    _ll_udiv10                               0x08000ab1   Thumb Code   138  lludiv10.o(.text)
    _printf_fp_infnan                        0x08000b3d   Thumb Code   112  _printf_fp_infnan.o(.text)
    _btod_etento                             0x08000bbd   Thumb Code   224  bigflt0.o(.text)
    __user_libspace                          0x08000ca1   Thumb Code     8  libspace.o(.text)
    __user_perproc_libspace                  0x08000ca1   Thumb Code     0  libspace.o(.text)
    __user_perthread_libspace                0x08000ca1   Thumb Code     0  libspace.o(.text)
    __user_setup_stackheap                   0x08000ca9   Thumb Code    74  sys_stackheap_outer.o(.text)
    exit                                     0x08000cf3   Thumb Code    18  exit.o(.text)
    strcmp                                   0x08000d09   Thumb Code   124  strcmpv7em.o(.text)
    _sys_exit                                0x08000d85   Thumb Code     8  sys_exit.o(.text)
    __I$use$semihosting                      0x08000d91   Thumb Code     0  use_no_semi.o(.text)
    __use_no_semihosting_swi                 0x08000d91   Thumb Code     2  use_no_semi.o(.text)
    __semihosting_library_function           0x08000d93   Thumb Code     0  indicate_semi.o(.text)
    BusFault_Handler                         0x08000e91   Thumb Code     2  stm32f3xx_it.o(.text.BusFault_Handler)
    COMP2_IRQHandler                         0x08000e95   Thumb Code    16  stm32f3xx_it.o(.text.COMP2_IRQHandler)
    DMA1_Channel1_IRQHandler                 0x08000ead   Thumb Code     8  stm32f3xx_it.o(.text.DMA1_Channel1_IRQHandler)
    DMA1_Channel3_IRQHandler                 0x08000eb9   Thumb Code     8  stm32f3xx_it.o(.text.DMA1_Channel3_IRQHandler)
    DMA1_Channel5_IRQHandler                 0x08000ec5   Thumb Code     8  stm32f3xx_it.o(.text.DMA1_Channel5_IRQHandler)
    DebugMon_Handler                         0x08000ef7   Thumb Code     2  stm32f3xx_it.o(.text.DebugMon_Handler)
    Error_Handler                            0x08000ef9   Thumb Code     8  main.o(.text.Error_Handler)
    HAL_ADCEx_Calibration_Start              0x08000f01   Thumb Code   130  stm32f3xx_hal_adc_ex.o(.text.HAL_ADCEx_Calibration_Start)
    HAL_ADCEx_MultiModeConfigChannel         0x08000f85   Thumb Code   212  stm32f3xx_hal_adc_ex.o(.text.HAL_ADCEx_MultiModeConfigChannel)
    HAL_ADCEx_MultiModeStart_DMA             0x0800105d   Thumb Code   196  stm32f3xx_hal_adc_ex.o(.text.HAL_ADCEx_MultiModeStart_DMA)
    HAL_ADC_ConfigChannel                    0x08001135   Thumb Code   756  stm32f3xx_hal_adc_ex.o(.text.HAL_ADC_ConfigChannel)
    HAL_ADC_ConvCpltCallback                 0x08001431   Thumb Code    10  main.o(.text.HAL_ADC_ConvCpltCallback)
    HAL_ADC_ConvHalfCpltCallback             0x0800143b   Thumb Code    10  main.o(.text.HAL_ADC_ConvHalfCpltCallback)
    HAL_ADC_ErrorCallback                    0x08001445   Thumb Code     2  stm32f3xx_hal_adc.o(.text.HAL_ADC_ErrorCallback)
    HAL_ADC_Init                             0x08001449   Thumb Code   440  stm32f3xx_hal_adc_ex.o(.text.HAL_ADC_Init)
    HAL_ADC_MspInit                          0x08001615   Thumb Code   176  adc.o(.text.HAL_ADC_MspInit)
    HAL_ADC_Start                            0x080016d1   Thumb Code   144  stm32f3xx_hal_adc_ex.o(.text.HAL_ADC_Start)
    HAL_COMP_IRQHandler                      0x08001765   Thumb Code    68  stm32f3xx_hal_comp.o(.text.HAL_COMP_IRQHandler)
    HAL_COMP_Init                            0x080017ad   Thumb Code   184  stm32f3xx_hal_comp.o(.text.HAL_COMP_Init)
    HAL_COMP_MspInit                         0x08001871   Thumb Code    76  comp.o(.text.HAL_COMP_MspInit)
    HAL_COMP_Start_IT                        0x080018c5   Thumb Code   164  stm32f3xx_hal_comp.o(.text.HAL_COMP_Start_IT)
    HAL_COMP_TriggerCallback                 0x08001971   Thumb Code     2  stm32f3xx_hal_comp.o(.text.HAL_COMP_TriggerCallback)
    HAL_DAC_ConfigChannel                    0x08001975   Thumb Code    92  stm32f3xx_hal_dac_ex.o(.text.HAL_DAC_ConfigChannel)
    HAL_DAC_Init                             0x080019d5   Thumb Code    38  stm32f3xx_hal_dac.o(.text.HAL_DAC_Init)
    HAL_DAC_MspInit                          0x080019fd   Thumb Code    80  dac.o(.text.HAL_DAC_MspInit)
    HAL_DAC_SetValue                         0x08001a55   Thumb Code    32  stm32f3xx_hal_dac_ex.o(.text.HAL_DAC_SetValue)
    HAL_DAC_Start                            0x08001a75   Thumb Code    72  stm32f3xx_hal_dac_ex.o(.text.HAL_DAC_Start)
    HAL_DMA_Abort                            0x08001abd   Thumb Code    62  stm32f3xx_hal_dma.o(.text.HAL_DMA_Abort)
    HAL_DMA_Abort_IT                         0x08001afb   Thumb Code    62  stm32f3xx_hal_dma.o(.text.HAL_DMA_Abort_IT)
    HAL_DMA_IRQHandler                       0x08001b39   Thumb Code   138  stm32f3xx_hal_dma.o(.text.HAL_DMA_IRQHandler)
    HAL_DMA_Init                             0x08001bc5   Thumb Code    92  stm32f3xx_hal_dma.o(.text.HAL_DMA_Init)
    HAL_DMA_Start_IT                         0x08001c29   Thumb Code   102  stm32f3xx_hal_dma.o(.text.HAL_DMA_Start_IT)
    HAL_Delay                                0x08001c91   Thumb Code    32  stm32f3xx_hal.o(.text.HAL_Delay)
    HAL_GPIO_Init                            0x08001cb5   Thumb Code   384  stm32f3xx_hal_gpio.o(.text.HAL_GPIO_Init)
    HAL_GPIO_ReadPin                         0x08001e4d   Thumb Code    10  stm32f3xx_hal_gpio.o(.text.HAL_GPIO_ReadPin)
    HAL_GPIO_TogglePin                       0x08001e57   Thumb Code    16  stm32f3xx_hal_gpio.o(.text.HAL_GPIO_TogglePin)
    HAL_GPIO_WritePin                        0x08001e67   Thumb Code    12  stm32f3xx_hal_gpio.o(.text.HAL_GPIO_WritePin)
    HAL_GetTick                              0x08001e75   Thumb Code     8  stm32f3xx_hal.o(.text.HAL_GetTick)
    HAL_HRTIM_BurstModePeriodCallback        0x08001e81   Thumb Code     2  stm32f3xx_hal_hrtim.o(.text.HAL_HRTIM_BurstModePeriodCallback)
    HAL_HRTIM_Capture1EventCallback          0x08001e83   Thumb Code     2  stm32f3xx_hal_hrtim.o(.text.HAL_HRTIM_Capture1EventCallback)
    HAL_HRTIM_Capture2EventCallback          0x08001e85   Thumb Code     2  stm32f3xx_hal_hrtim.o(.text.HAL_HRTIM_Capture2EventCallback)
    HAL_HRTIM_Compare1EventCallback          0x08001e87   Thumb Code     2  stm32f3xx_hal_hrtim.o(.text.HAL_HRTIM_Compare1EventCallback)
    HAL_HRTIM_Compare2EventCallback          0x08001e89   Thumb Code     2  stm32f3xx_hal_hrtim.o(.text.HAL_HRTIM_Compare2EventCallback)
    HAL_HRTIM_Compare3EventCallback          0x08001e8b   Thumb Code     2  stm32f3xx_hal_hrtim.o(.text.HAL_HRTIM_Compare3EventCallback)
    HAL_HRTIM_Compare4EventCallback          0x08001e8d   Thumb Code     2  stm32f3xx_hal_hrtim.o(.text.HAL_HRTIM_Compare4EventCallback)
    HAL_HRTIM_CounterResetCallback           0x08001e8f   Thumb Code     2  stm32f3xx_hal_hrtim.o(.text.HAL_HRTIM_CounterResetCallback)
    HAL_HRTIM_DLLCalibrationReadyCallback    0x08001e91   Thumb Code     2  stm32f3xx_hal_hrtim.o(.text.HAL_HRTIM_DLLCalibrationReadyCallback)
    HAL_HRTIM_DLLCalibrationStart            0x08001e93   Thumb Code    46  stm32f3xx_hal_hrtim.o(.text.HAL_HRTIM_DLLCalibrationStart)
    HAL_HRTIM_DelayedProtectionCallback      0x08001ec1   Thumb Code     2  stm32f3xx_hal_hrtim.o(.text.HAL_HRTIM_DelayedProtectionCallback)
    HAL_HRTIM_EventConfig                    0x08001ec3   Thumb Code    40  stm32f3xx_hal_hrtim.o(.text.HAL_HRTIM_EventConfig)
    HAL_HRTIM_EventPrescalerConfig           0x08001eeb   Thumb Code    62  stm32f3xx_hal_hrtim.o(.text.HAL_HRTIM_EventPrescalerConfig)
    HAL_HRTIM_Fault1Callback                 0x08001f29   Thumb Code     2  stm32f3xx_hal_hrtim.o(.text.HAL_HRTIM_Fault1Callback)
    HAL_HRTIM_Fault2Callback                 0x08001f2b   Thumb Code     2  stm32f3xx_hal_hrtim.o(.text.HAL_HRTIM_Fault2Callback)
    HAL_HRTIM_Fault3Callback                 0x08001f2d   Thumb Code     2  stm32f3xx_hal_hrtim.o(.text.HAL_HRTIM_Fault3Callback)
    HAL_HRTIM_Fault4Callback                 0x08001f2f   Thumb Code     2  stm32f3xx_hal_hrtim.o(.text.HAL_HRTIM_Fault4Callback)
    HAL_HRTIM_Fault5Callback                 0x08001f31   Thumb Code     2  stm32f3xx_hal_hrtim.o(.text.HAL_HRTIM_Fault5Callback)
    HAL_HRTIM_GetCapturedValue               0x08001f33   Thumb Code    36  stm32f3xx_hal_hrtim.o(.text.HAL_HRTIM_GetCapturedValue)
    HAL_HRTIM_IRQHandler                     0x08001f57   Thumb Code   726  stm32f3xx_hal_hrtim.o(.text.HAL_HRTIM_IRQHandler)
    HAL_HRTIM_Init                           0x0800222d   Thumb Code   152  stm32f3xx_hal_hrtim.o(.text.HAL_HRTIM_Init)
    HAL_HRTIM_MspInit                        0x080022c9   Thumb Code   112  hrtim.o(.text.HAL_HRTIM_MspInit)
    HAL_HRTIM_Output1ResetCallback           0x08002345   Thumb Code     2  stm32f3xx_hal_hrtim.o(.text.HAL_HRTIM_Output1ResetCallback)
    HAL_HRTIM_Output1SetCallback             0x08002347   Thumb Code     2  stm32f3xx_hal_hrtim.o(.text.HAL_HRTIM_Output1SetCallback)
    HAL_HRTIM_Output2ResetCallback           0x08002349   Thumb Code     2  stm32f3xx_hal_hrtim.o(.text.HAL_HRTIM_Output2ResetCallback)
    HAL_HRTIM_Output2SetCallback             0x0800234b   Thumb Code     2  stm32f3xx_hal_hrtim.o(.text.HAL_HRTIM_Output2SetCallback)
    HAL_HRTIM_PollForDLLCalibration          0x0800234d   Thumb Code    56  stm32f3xx_hal_hrtim.o(.text.HAL_HRTIM_PollForDLLCalibration)
    HAL_HRTIM_RegistersUpdateCallback        0x08002385   Thumb Code     2  stm32f3xx_hal_hrtim.o(.text.HAL_HRTIM_RegistersUpdateCallback)
    HAL_HRTIM_RepetitionEventCallback        0x08002387   Thumb Code     2  stm32f3xx_hal_hrtim.o(.text.HAL_HRTIM_RepetitionEventCallback)
    HAL_HRTIM_SynchronizationEventCallback   0x08002389   Thumb Code     2  stm32f3xx_hal_hrtim.o(.text.HAL_HRTIM_SynchronizationEventCallback)
    HAL_HRTIM_SystemFaultCallback            0x0800238b   Thumb Code     2  stm32f3xx_hal_hrtim.o(.text.HAL_HRTIM_SystemFaultCallback)
    HAL_HRTIM_TimeBaseConfig                 0x0800238d   Thumb Code   100  stm32f3xx_hal_hrtim.o(.text.HAL_HRTIM_TimeBaseConfig)
    HAL_HRTIM_WaveformCaptureConfig          0x080023f1   Thumb Code    76  stm32f3xx_hal_hrtim.o(.text.HAL_HRTIM_WaveformCaptureConfig)
    HAL_HRTIM_WaveformCountStart             0x0800243d   Thumb Code    38  stm32f3xx_hal_hrtim.o(.text.HAL_HRTIM_WaveformCountStart)
    HAL_HRTIM_WaveformCountStart_IT          0x08002465   Thumb Code    84  stm32f3xx_hal_hrtim.o(.text.HAL_HRTIM_WaveformCountStart_IT)
    HAL_HRTIM_WaveformCountStop_IT           0x080024b9   Thumb Code   112  stm32f3xx_hal_hrtim.o(.text.HAL_HRTIM_WaveformCountStop_IT)
    HAL_HRTIM_WaveformTimerConfig            0x0800252d   Thumb Code   472  stm32f3xx_hal_hrtim.o(.text.HAL_HRTIM_WaveformTimerConfig)
    HAL_IncTick                              0x0800274d   Thumb Code    16  stm32f3xx_hal.o(.text.HAL_IncTick)
    HAL_Init                                 0x08002761   Thumb Code    32  stm32f3xx_hal.o(.text.HAL_Init)
    HAL_InitTick                             0x08002781   Thumb Code    56  stm32f3xx_hal.o(.text.HAL_InitTick)
    HAL_MspInit                              0x080027bd   Thumb Code    44  stm32f3xx_hal_msp.o(.text.HAL_MspInit)
    HAL_NVIC_EnableIRQ                       0x080027ed   Thumb Code    28  stm32f3xx_hal_cortex.o(.text.HAL_NVIC_EnableIRQ)
    HAL_NVIC_SetPriority                     0x0800280d   Thumb Code    72  stm32f3xx_hal_cortex.o(.text.HAL_NVIC_SetPriority)
    HAL_NVIC_SetPriorityGrouping             0x08002859   Thumb Code    24  stm32f3xx_hal_cortex.o(.text.HAL_NVIC_SetPriorityGrouping)
    HAL_RCCEx_PeriphCLKConfig                0x08002879   Thumb Code   268  stm32f3xx_hal_rcc_ex.o(.text.HAL_RCCEx_PeriphCLKConfig)
    HAL_RCC_ClockConfig                      0x08002991   Thumb Code   280  stm32f3xx_hal_rcc.o(.text.HAL_RCC_ClockConfig)
    HAL_RCC_GetPCLK1Freq                     0x08002ab5   Thumb Code    20  stm32f3xx_hal_rcc.o(.text.HAL_RCC_GetPCLK1Freq)
    HAL_RCC_GetSysClockFreq                  0x08002ad1   Thumb Code    52  stm32f3xx_hal_rcc.o(.text.HAL_RCC_GetSysClockFreq)
    HAL_RCC_OscConfig                        0x08002b31   Thumb Code   708  stm32f3xx_hal_rcc.o(.text.HAL_RCC_OscConfig)
    HAL_SYSTICK_Config                       0x08002e01   Thumb Code    32  stm32f3xx_hal_cortex.o(.text.HAL_SYSTICK_Config)
    HAL_UARTEx_RxEventCallback               0x08002e29   Thumb Code     2  stm32f3xx_hal_uart.o(.text.HAL_UARTEx_RxEventCallback)
    HAL_UARTEx_WakeupCallback                0x08002e2b   Thumb Code     2  stm32f3xx_hal_uart_ex.o(.text.HAL_UARTEx_WakeupCallback)
    HAL_UART_ErrorCallback                   0x08002e2d   Thumb Code     2  stm32f3xx_hal_uart.o(.text.HAL_UART_ErrorCallback)
    HAL_UART_IRQHandler                      0x08002e31   Thumb Code   600  stm32f3xx_hal_uart.o(.text.HAL_UART_IRQHandler)
    HAL_UART_Init                            0x08003091   Thumb Code    56  stm32f3xx_hal_uart.o(.text.HAL_UART_Init)
    HAL_UART_MspInit                         0x080030c9   Thumb Code   240  usart.o(.text.HAL_UART_MspInit)
    HAL_UART_Receive_DMA                     0x080031d1   Thumb Code    48  stm32f3xx_hal_uart.o(.text.HAL_UART_Receive_DMA)
    HAL_UART_RxCpltCallback                  0x08003201   Thumb Code    64  main.o(.text.HAL_UART_RxCpltCallback)
    HAL_UART_RxHalfCpltCallback              0x08003251   Thumb Code     2  main.o(.text.HAL_UART_RxHalfCpltCallback)
    HAL_UART_Transmit_IT                     0x08003255   Thumb Code    84  stm32f3xx_hal_uart.o(.text.HAL_UART_Transmit_IT)
    HAL_UART_TxCpltCallback                  0x080032b1   Thumb Code     2  stm32f3xx_hal_uart.o(.text.HAL_UART_TxCpltCallback)
    HRTIM1_TIMA_IRQHandler                   0x080032b5   Thumb Code   116  stm32f3xx_it.o(.text.HRTIM1_TIMA_IRQHandler)
    HRTIM1_TIMB_IRQHandler                   0x08003341   Thumb Code   212  stm32f3xx_it.o(.text.HRTIM1_TIMB_IRQHandler)
    HardFault_Handler                        0x080035eb   Thumb Code     2  stm32f3xx_it.o(.text.HardFault_Handler)
    MEAS_ADC1_eval                           0x080035f1   Thumb Code   360  meas.o(.text.MEAS_ADC1_eval)
    MEAS_ADC_start                           0x08003799   Thumb Code    44  meas.o(.text.MEAS_ADC_start)
    MX_ADC1_Init                             0x080037c9   Thumb Code   160  adc.o(.text.MX_ADC1_Init)
    MX_ADC2_Init                             0x0800386d   Thumb Code    88  adc.o(.text.MX_ADC2_Init)
    MX_COMP2_Init                            0x080038cd   Thumb Code    48  comp.o(.text.MX_COMP2_Init)
    MX_DAC2_Init                             0x08003905   Thumb Code    48  dac.o(.text.MX_DAC2_Init)
    MX_DMA_Init                              0x0800393d   Thumb Code    68  dma.o(.text.MX_DMA_Init)
    MX_GPIO_Init                             0x08003989   Thumb Code   212  gpio.o(.text.MX_GPIO_Init)
    MX_HRTIM1_Init                           0x08003a69   Thumb Code   316  hrtim.o(.text.MX_HRTIM1_Init)
    MX_USART1_UART_Init                      0x08003bad   Thumb Code    24  usart.o(.text.MX_USART1_UART_Init)
    MX_USART3_UART_Init                      0x08003bcd   Thumb Code    24  usart.o(.text.MX_USART3_UART_Init)
    MemManage_Handler                        0x08003bed   Thumb Code     2  stm32f3xx_it.o(.text.MemManage_Handler)
    NMI_Handler                              0x08003bef   Thumb Code     2  stm32f3xx_it.o(.text.NMI_Handler)
    PendSV_Handler                           0x080041d5   Thumb Code     2  stm32f3xx_it.o(.text.PendSV_Handler)
    SVC_Handler                              0x080041d7   Thumb Code     2  stm32f3xx_it.o(.text.SVC_Handler)
    SysTick_Handler                          0x080041d9   Thumb Code    16  stm32f3xx_it.o(.text.SysTick_Handler)
    SystemClock_Config                       0x080041ed   Thumb Code   136  main.o(.text.SystemClock_Config)
    SystemInit                               0x08004275   Thumb Code    12  system_stm32f3xx.o(.text.SystemInit)
    UART_AdvFeatureConfig                    0x08004285   Thumb Code   168  stm32f3xx_hal_uart.o(.text.UART_AdvFeatureConfig)
    UART_CheckIdleState                      0x0800432d   Thumb Code   136  stm32f3xx_hal_uart.o(.text.UART_CheckIdleState)
    UART_SetConfig                           0x080044ed   Thumb Code   264  stm32f3xx_hal_uart.o(.text.UART_SetConfig)
    UART_Start_Receive_DMA                   0x0800461d   Thumb Code   124  stm32f3xx_hal_uart.o(.text.UART_Start_Receive_DMA)
    UART_WaitOnFlagUntilTimeout              0x08004739   Thumb Code   128  stm32f3xx_hal_uart.o(.text.UART_WaitOnFlagUntilTimeout)
    USART1_IRQHandler                        0x080047b9   Thumb Code     8  stm32f3xx_it.o(.text.USART1_IRQHandler)
    USART3_IRQHandler                        0x080047c5   Thumb Code     8  stm32f3xx_it.o(.text.USART3_IRQHandler)
    UsageFault_Handler                       0x080047d1   Thumb Code     2  stm32f3xx_it.o(.text.UsageFault_Handler)
    calculateCheckSum                        0x080047d3   Thumb Code    82  qi.o(.text.calculateCheckSum)
    demodulateFskByte                        0x08004825   Thumb Code    98  qi.o(.text.demodulateFskByte)
    get_control_error                        0x08004889   Thumb Code    88  main.o(.text.get_control_error)
    get_data_packet_size                     0x080048e1   Thumb Code    22  queue.o(.text.get_data_packet_size)
    main                                     0x080048f9   Thumb Code  4884  main.o(.text.main)
    modulateAskByte                          0x08005cf1   Thumb Code    48  qi.o(.text.modulateAskByte)
    queue_dequeue                            0x08005d21   Thumb Code    64  queue.o(.text.queue_dequeue)
    queue_enqueue                            0x08005d61   Thumb Code    74  queue.o(.text.queue_enqueue)
    queue_init                               0x08005dab   Thumb Code    12  queue.o(.text.queue_init)
    serialize_data_packet                    0x08005db7   Thumb Code   122  queue.o(.text.serialize_data_packet)
    _btod_d2e                                0x08005e31   Thumb Code    62  btod.o(CL$$btod_d2e)
    _d2e_denorm_low                          0x08005e6f   Thumb Code    70  btod.o(CL$$btod_d2e_denorm_low)
    _d2e_norm_op1                            0x08005eb5   Thumb Code    96  btod.o(CL$$btod_d2e_norm_op1)
    __btod_div_common                        0x08005f15   Thumb Code   696  btod.o(CL$$btod_div_common)
    _e2e                                     0x0800624d   Thumb Code   220  btod.o(CL$$btod_e2e)
    _btod_ediv                               0x08006329   Thumb Code    42  btod.o(CL$$btod_ediv)
    _btod_emul                               0x08006353   Thumb Code    42  btod.o(CL$$btod_emul)
    __btod_mult_common                       0x0800637d   Thumb Code   580  btod.o(CL$$btod_mult_common)
    __ARM_fpclassify                         0x080065c1   Thumb Code    48  fpclassify.o(i.__ARM_fpclassify)
    _get_lc_numeric                          0x080065f1   Thumb Code    44  lc_numeric_c.o(locale$$code)
    __aeabi_d2f                              0x0800661d   Thumb Code     0  d2f.o(x$fpl$d2f)
    _d2f                                     0x0800661d   Thumb Code    98  d2f.o(x$fpl$d2f)
    __aeabi_dadd                             0x08006681   Thumb Code     0  daddsub_clz.o(x$fpl$dadd)
    _dadd                                    0x08006681   Thumb Code   332  daddsub_clz.o(x$fpl$dadd)
    __fpl_dcmp_Inf                           0x080067d1   Thumb Code    24  dcmpi.o(x$fpl$dcmpinf)
    __aeabi_ddiv                             0x080067e9   Thumb Code     0  ddiv.o(x$fpl$ddiv)
    _ddiv                                    0x080067e9   Thumb Code   556  ddiv.o(x$fpl$ddiv)
    __aeabi_cdcmpeq                          0x08006a9d   Thumb Code     0  deqf.o(x$fpl$deqf)
    _dcmpeq                                  0x08006a9d   Thumb Code   120  deqf.o(x$fpl$deqf)
    __aeabi_d2iz                             0x08006b15   Thumb Code     0  dfix.o(x$fpl$dfix)
    _dfix                                    0x08006b15   Thumb Code    94  dfix.o(x$fpl$dfix)
    __aeabi_cdcmpge                          0x08006b75   Thumb Code     0  dgeqf.o(x$fpl$dgeqf)
    _dcmpge                                  0x08006b75   Thumb Code   120  dgeqf.o(x$fpl$dgeqf)
    __aeabi_cdcmple                          0x08006bed   Thumb Code     0  dleqf.o(x$fpl$dleqf)
    _dcmple                                  0x08006bed   Thumb Code   120  dleqf.o(x$fpl$dleqf)
    __fpl_dcmple_InfNaN                      0x08006c4f   Thumb Code     0  dleqf.o(x$fpl$dleqf)
    __aeabi_dmul                             0x08006c65   Thumb Code     0  dmul.o(x$fpl$dmul)
    _dmul                                    0x08006c65   Thumb Code   332  dmul.o(x$fpl$dmul)
    __fpl_dnaninf                            0x08006db9   Thumb Code   156  dnaninf.o(x$fpl$dnaninf)
    __fpl_dretinf                            0x08006e55   Thumb Code    12  dretinf.o(x$fpl$dretinf)
    __aeabi_dsub                             0x08006e61   Thumb Code     0  daddsub_clz.o(x$fpl$dsub)
    _dsub                                    0x08006e61   Thumb Code   472  daddsub_clz.o(x$fpl$dsub)
    __aeabi_f2d                              0x0800703d   Thumb Code     0  f2d.o(x$fpl$f2d)
    _f2d                                     0x0800703d   Thumb Code    86  f2d.o(x$fpl$f2d)
    __aeabi_dcmpeq                           0x08007093   Thumb Code     0  dcmp.o(x$fpl$fcmp)
    _deq                                     0x08007093   Thumb Code    14  dcmp.o(x$fpl$fcmp)
    _dneq                                    0x080070a1   Thumb Code    14  dcmp.o(x$fpl$fcmp)
    __aeabi_dcmpgt                           0x080070af   Thumb Code     0  dcmp.o(x$fpl$fcmp)
    _dgr                                     0x080070af   Thumb Code    14  dcmp.o(x$fpl$fcmp)
    __aeabi_dcmpge                           0x080070bd   Thumb Code     0  dcmp.o(x$fpl$fcmp)
    _dgeq                                    0x080070bd   Thumb Code    14  dcmp.o(x$fpl$fcmp)
    __aeabi_dcmple                           0x080070cb   Thumb Code     0  dcmp.o(x$fpl$fcmp)
    _dleq                                    0x080070cb   Thumb Code    14  dcmp.o(x$fpl$fcmp)
    __aeabi_dcmplt                           0x080070d9   Thumb Code     0  dcmp.o(x$fpl$fcmp)
    _dls                                     0x080070d9   Thumb Code    14  dcmp.o(x$fpl$fcmp)
    __fpl_fnaninf                            0x080070e7   Thumb Code   140  fnaninf.o(x$fpl$fnaninf)
    _fp_init                                 0x08007173   Thumb Code    26  fpinit.o(x$fpl$fpinit)
    __fplib_config_fpu_vfp                   0x0800718b   Thumb Code     0  fpinit.o(x$fpl$fpinit)
    __fplib_config_pureend_doubles           0x0800718b   Thumb Code     0  fpinit.o(x$fpl$fpinit)
    __fpl_fretinf                            0x0800718d   Thumb Code    10  fretinf.o(x$fpl$fretinf)
    _printf_fp_dec                           0x08007197   Thumb Code     4  printf1.o(x$fpl$printf1)
    __I$use$fp                               0x0800719a   Number         0  usenofp.o(x$fpl$usenofp)
    AHBPrescTable                            0x08007230   Data          16  system_stm32f3xx.o(.rodata.AHBPrescTable)
    APBPrescTable                            0x08007240   Data           8  system_stm32f3xx.o(.rodata.APBPrescTable)
    Region$$Table$$Base                      0x080075cc   Number         0  anon$$obj.o(Region$$Table)
    Region$$Table$$Limit                     0x080075ec   Number         0  anon$$obj.o(Region$$Table)
    current_state                            0x20000000   Data           1  main.o(.data..L_MergedGlobals)
    no_mute                                  0x20000001   Data           1  main.o(.data..L_MergedGlobals)
    dac_treshold                             0x20000002   Data           2  main.o(.data..L_MergedGlobals)
    uwTickFreq                               0x20000004   Data           1  stm32f3xx_hal.o(.data..L_MergedGlobals)
    uwTickPrio                               0x20000008   Data           4  stm32f3xx_hal.o(.data..L_MergedGlobals)
    SystemCoreClock                          0x2000000c   Data           4  system_stm32f3xx.o(.data.SystemCoreClock)
    first_half_FSK                           0x20000010   Data           1  stm32f3xx_it.o(.data.first_half_FSK)
    __libspace_start                         0x20000018   Data          96  libspace.o(.bss)
    __temporary_stack_top$libspace           0x20000078   Data           0  libspace.o(.bss)
    type                                     0x20000078   Data           1  meas.o(.bss..L_MergedGlobals)
    total_measurements                       0x2000007a   Data           2  meas.o(.bss..L_MergedGlobals)
    actual_measurement                       0x2000007c   Data           2  meas.o(.bss..L_MergedGlobals)
    ADC1_Brf                                 0x2000007e   Data           2  meas.o(.bss..L_MergedGlobals)
    ADC2_Brf                                 0x20000080   Data           2  meas.o(.bss..L_MergedGlobals)
    MEAS_samplectr                           0x20000082   Data           2  meas.o(.bss..L_MergedGlobals)
    i_sum                                    0x20000084   Data           4  meas.o(.bss..L_MergedGlobals)
    u_sum                                    0x20000088   Data           4  meas.o(.bss..L_MergedGlobals)
    temp_sum                                 0x2000008c   Data           4  meas.o(.bss..L_MergedGlobals)
    ADC1_Buffer                              0x20000090   Data           8  meas.o(.bss..L_MergedGlobals)
    adc                                      0x20000098   Data          12  meas.o(.bss..L_MergedGlobals)
    hdma_adc1                                0x200000a8   Data          68  adc.o(.bss..L_MergedGlobals)
    FSK_byte_position                        0x200000ec   Data           1  stm32f3xx_it.o(.bss..L_MergedGlobals)
    zero_flag                                0x200000ed   Data           1  stm32f3xx_it.o(.bss..L_MergedGlobals)
    possible_FSK                             0x200000ee   Data           1  stm32f3xx_it.o(.bss..L_MergedGlobals)
    FSK_byte                                 0x200000f0   Data           2  stm32f3xx_it.o(.bss..L_MergedGlobals)
    run_test                                 0x200000f4   Data           1  main.o(.bss..L_MergedGlobals.41)
    ASK_done                                 0x200000f5   Data           1  main.o(.bss..L_MergedGlobals.41)
    FSK_ready                                0x200000f6   Data           1  main.o(.bss..L_MergedGlobals.41)
    FSK_test                                 0x200000f7   Data           1  main.o(.bss..L_MergedGlobals.41)
    expecting_answer                         0x200000f8   Data           1  main.o(.bss..L_MergedGlobals.41)
    expecting_ACK                            0x200000f9   Data           1  main.o(.bss..L_MergedGlobals.41)
    response_pattern                         0x200000fa   Data           1  main.o(.bss..L_MergedGlobals.41)
    FSK_error                                0x200000fb   Data           1  main.o(.bss..L_MergedGlobals.41)
    rp_interval                              0x200000fc   Data           1  main.o(.bss..L_MergedGlobals.41)
    response_timeout                         0x200000fd   Data           1  main.o(.bss..L_MergedGlobals.41)
    atn_timeout                              0x200000fe   Data           1  main.o(.bss..L_MergedGlobals.41)
    comm_restored                            0x200000ff   Data           1  main.o(.bss..L_MergedGlobals.41)
    Rx_data                                  0x20000100   Data           1  main.o(.bss..L_MergedGlobals.41)
    new_dbg_uart_msg                         0x20000101   Data           1  main.o(.bss..L_MergedGlobals.41)
    new_uart_msg                             0x20000102   Data           1  main.o(.bss..L_MergedGlobals.41)
    new_ASK                                  0x20000103   Data           1  main.o(.bss..L_MergedGlobals.41)
    first_half_ASK                           0x20000104   Data           1  main.o(.bss..L_MergedGlobals.41)
    one_ms                                   0x20000105   Data           1  main.o(.bss..L_MergedGlobals.41)
    MEAS_ACD1_update                         0x20000106   Data           1  main.o(.bss..L_MergedGlobals.41)
    send_ce                                  0x20000107   Data           1  main.o(.bss..L_MergedGlobals.41)
    ASK_size                                 0x20000108   Data           2  main.o(.bss..L_MergedGlobals.41)
    FSK_byte_main                            0x2000010a   Data           2  main.o(.bss..L_MergedGlobals.41)
    FSK_packet                               0x2000010c   Data           3  main.o(.bss..L_MergedGlobals.41)
    ASK_index                                0x20000110   Data           4  main.o(.bss..L_MergedGlobals.41)
    number_of_ms                             0x20000114   Data           4  main.o(.bss..L_MergedGlobals.41)
    reference_value_FSK                      0x20000118   Data           4  main.o(.bss..L_MergedGlobals.41)
    UART_BUFFER                              0x2000011c   Data           7  main.o(.bss..L_MergedGlobals.41)
    act_vals                                 0x20000124   Data          16  main.o(.bss..L_MergedGlobals.41)
    ADC_BUFFER                               0x20000134   Data         100  main.o(.bss.ADC_BUFFER)
    DBG_UART_buffer                          0x20000198   Data         100  main.o(.bss.DBG_UART_buffer)
    captured_value_FSK                       0x200001fc   Data           4  main.o(.bss.captured_value_FSK)
    comp_treshold                            0x20000200   Data           1  main.o(.bss.comp_treshold)
    hadc1                                    0x20000204   Data          80  adc.o(.bss.hadc1)
    hadc2                                    0x20000254   Data          80  adc.o(.bss.hadc2)
    hcomp2                                   0x200002a4   Data          48  comp.o(.bss.hcomp2)
    hdac2                                    0x200002d4   Data          20  dac.o(.bss.hdac2)
    hdma_usart1_rx                           0x200002e8   Data          68  usart.o(.bss.hdma_usart1_rx)
    hdma_usart3_rx                           0x2000032c   Data          68  usart.o(.bss.hdma_usart3_rx)
    hhrtim1                                  0x20000370   Data         220  hrtim.o(.bss.hhrtim1)
    huart1                                   0x2000044c   Data         136  usart.o(.bss.huart1)
    huart3                                   0x200004d4   Data         136  usart.o(.bss.huart3)
    i_raw                                    0x2000055c   Data         400  meas.o(.bss.i_raw)
    serialized_data                          0x200006ec   Data          74  main.o(.bss.serialized_data)
    temp_raw                                 0x20000738   Data         400  meas.o(.bss.temp_raw)
    u_raw                                    0x200008c8   Data         400  meas.o(.bss.u_raw)
    uwTick                                   0x20000a58   Data           4  stm32f3xx_hal.o(.bss.uwTick)



==============================================================================

Memory Map of the image

  Image Entry point : 0x08000189

  Load Region LR_IROM1 (Base: 0x08000000, Size: 0x00007620, Max: 0x00010000, ABSOLUTE)

    Execution Region ER_IROM1 (Exec base: 0x08000000, Load base: 0x08000000, Size: 0x00007608, Max: 0x00010000, ABSOLUTE)

    Exec Addr    Load Addr    Size         Type   Attr      Idx    E Section Name        Object

    0x08000000   0x08000000   0x00000188   Data   RO            3    RESET               startup_stm32f334x8.o
    0x08000188   0x08000188   0x00000008   Code   RO         2054  * !!!main             c_w.l(__main.o)
    0x08000190   0x08000190   0x00000034   Code   RO         2324    !!!scatter          c_w.l(__scatter.o)
    0x080001c4   0x080001c4   0x0000001a   Code   RO         2326    !!handler_copy      c_w.l(__scatter_copy.o)
    0x080001de   0x080001de   0x00000002   PAD
    0x080001e0   0x080001e0   0x0000001c   Code   RO         2328    !!handler_zi        c_w.l(__scatter_zi.o)
    0x080001fc   0x080001fc   0x00000000   Code   RO         2045    .ARM.Collect$$_printf_percent$$00000000  c_w.l(_printf_percent.o)
    0x080001fc   0x080001fc   0x00000006   Code   RO         2044    .ARM.Collect$$_printf_percent$$00000003  c_w.l(_printf_f.o)
    0x08000202   0x08000202   0x00000006   Code   RO         2042    .ARM.Collect$$_printf_percent$$00000009  c_w.l(_printf_d.o)
    0x08000208   0x08000208   0x00000006   Code   RO         2043    .ARM.Collect$$_printf_percent$$0000000A  c_w.l(_printf_u.o)
    0x0800020e   0x0800020e   0x00000006   Code   RO         2041    .ARM.Collect$$_printf_percent$$00000013  c_w.l(_printf_c.o)
    0x08000214   0x08000214   0x00000004   Code   RO         2093    .ARM.Collect$$_printf_percent$$00000017  c_w.l(_printf_percent_end.o)
    0x08000218   0x08000218   0x00000002   Code   RO         2189    .ARM.Collect$$libinit$$00000000  c_w.l(libinit.o)
    0x0800021a   0x0800021a   0x00000004   Code   RO         2190    .ARM.Collect$$libinit$$00000001  c_w.l(libinit2.o)
    0x0800021e   0x0800021e   0x00000000   Code   RO         2193    .ARM.Collect$$libinit$$00000004  c_w.l(libinit2.o)
    0x0800021e   0x0800021e   0x00000000   Code   RO         2195    .ARM.Collect$$libinit$$00000006  c_w.l(libinit2.o)
    0x0800021e   0x0800021e   0x00000000   Code   RO         2198    .ARM.Collect$$libinit$$0000000C  c_w.l(libinit2.o)
    0x0800021e   0x0800021e   0x00000000   Code   RO         2200    .ARM.Collect$$libinit$$0000000E  c_w.l(libinit2.o)
    0x0800021e   0x0800021e   0x00000000   Code   RO         2202    .ARM.Collect$$libinit$$00000010  c_w.l(libinit2.o)
    0x0800021e   0x0800021e   0x00000006   Code   RO         2203    .ARM.Collect$$libinit$$00000011  c_w.l(libinit2.o)
    0x08000224   0x08000224   0x00000000   Code   RO         2205    .ARM.Collect$$libinit$$00000013  c_w.l(libinit2.o)
    0x08000224   0x08000224   0x00000000   Code   RO         2207    .ARM.Collect$$libinit$$00000015  c_w.l(libinit2.o)
    0x08000224   0x08000224   0x00000000   Code   RO         2209    .ARM.Collect$$libinit$$00000017  c_w.l(libinit2.o)
    0x08000224   0x08000224   0x0000000a   Code   RO         2210    .ARM.Collect$$libinit$$00000018  c_w.l(libinit2.o)
    0x0800022e   0x0800022e   0x00000000   Code   RO         2211    .ARM.Collect$$libinit$$00000019  c_w.l(libinit2.o)
    0x0800022e   0x0800022e   0x00000000   Code   RO         2213    .ARM.Collect$$libinit$$0000001B  c_w.l(libinit2.o)
    0x0800022e   0x0800022e   0x00000000   Code   RO         2215    .ARM.Collect$$libinit$$0000001D  c_w.l(libinit2.o)
    0x0800022e   0x0800022e   0x00000000   Code   RO         2217    .ARM.Collect$$libinit$$0000001F  c_w.l(libinit2.o)
    0x0800022e   0x0800022e   0x00000000   Code   RO         2219    .ARM.Collect$$libinit$$00000021  c_w.l(libinit2.o)
    0x0800022e   0x0800022e   0x00000000   Code   RO         2221    .ARM.Collect$$libinit$$00000023  c_w.l(libinit2.o)
    0x0800022e   0x0800022e   0x00000000   Code   RO         2223    .ARM.Collect$$libinit$$00000025  c_w.l(libinit2.o)
    0x0800022e   0x0800022e   0x00000000   Code   RO         2225    .ARM.Collect$$libinit$$00000027  c_w.l(libinit2.o)
    0x0800022e   0x0800022e   0x00000000   Code   RO         2229    .ARM.Collect$$libinit$$0000002E  c_w.l(libinit2.o)
    0x0800022e   0x0800022e   0x00000000   Code   RO         2231    .ARM.Collect$$libinit$$00000030  c_w.l(libinit2.o)
    0x0800022e   0x0800022e   0x00000000   Code   RO         2233    .ARM.Collect$$libinit$$00000032  c_w.l(libinit2.o)
    0x0800022e   0x0800022e   0x00000000   Code   RO         2235    .ARM.Collect$$libinit$$00000034  c_w.l(libinit2.o)
    0x0800022e   0x0800022e   0x00000002   Code   RO         2236    .ARM.Collect$$libinit$$00000035  c_w.l(libinit2.o)
    0x08000230   0x08000230   0x00000002   Code   RO         2270    .ARM.Collect$$libshutdown$$00000000  c_w.l(libshutdown.o)
    0x08000232   0x08000232   0x00000000   Code   RO         2281    .ARM.Collect$$libshutdown$$00000002  c_w.l(libshutdown2.o)
    0x08000232   0x08000232   0x00000000   Code   RO         2283    .ARM.Collect$$libshutdown$$00000004  c_w.l(libshutdown2.o)
    0x08000232   0x08000232   0x00000000   Code   RO         2286    .ARM.Collect$$libshutdown$$00000007  c_w.l(libshutdown2.o)
    0x08000232   0x08000232   0x00000000   Code   RO         2289    .ARM.Collect$$libshutdown$$0000000A  c_w.l(libshutdown2.o)
    0x08000232   0x08000232   0x00000000   Code   RO         2291    .ARM.Collect$$libshutdown$$0000000C  c_w.l(libshutdown2.o)
    0x08000232   0x08000232   0x00000000   Code   RO         2294    .ARM.Collect$$libshutdown$$0000000F  c_w.l(libshutdown2.o)
    0x08000232   0x08000232   0x00000002   Code   RO         2295    .ARM.Collect$$libshutdown$$00000010  c_w.l(libshutdown2.o)
    0x08000234   0x08000234   0x00000000   Code   RO         2080    .ARM.Collect$$rtentry$$00000000  c_w.l(__rtentry.o)
    0x08000234   0x08000234   0x00000000   Code   RO         2112    .ARM.Collect$$rtentry$$00000002  c_w.l(__rtentry2.o)
    0x08000234   0x08000234   0x00000006   Code   RO         2124    .ARM.Collect$$rtentry$$00000004  c_w.l(__rtentry4.o)
    0x0800023a   0x0800023a   0x00000000   Code   RO         2114    .ARM.Collect$$rtentry$$00000009  c_w.l(__rtentry2.o)
    0x0800023a   0x0800023a   0x00000004   Code   RO         2115    .ARM.Collect$$rtentry$$0000000A  c_w.l(__rtentry2.o)
    0x0800023e   0x0800023e   0x00000000   Code   RO         2117    .ARM.Collect$$rtentry$$0000000C  c_w.l(__rtentry2.o)
    0x0800023e   0x0800023e   0x00000008   Code   RO         2118    .ARM.Collect$$rtentry$$0000000D  c_w.l(__rtentry2.o)
    0x08000246   0x08000246   0x00000002   Code   RO         2237    .ARM.Collect$$rtexit$$00000000  c_w.l(rtexit.o)
    0x08000248   0x08000248   0x00000000   Code   RO         2244    .ARM.Collect$$rtexit$$00000002  c_w.l(rtexit2.o)
    0x08000248   0x08000248   0x00000004   Code   RO         2245    .ARM.Collect$$rtexit$$00000003  c_w.l(rtexit2.o)
    0x0800024c   0x0800024c   0x00000006   Code   RO         2246    .ARM.Collect$$rtexit$$00000004  c_w.l(rtexit2.o)
    0x08000252   0x08000252   0x00000002   PAD
    0x08000254   0x08000254   0x00000040   Code   RO            4    .text               startup_stm32f334x8.o
    0x08000294   0x08000294   0x00000028   Code   RO         2013    .text               c_w.l(noretval__2sprintf.o)
    0x080002bc   0x080002bc   0x00000068   Code   RO         2015    .text               c_w.l(__printf.o)
    0x08000324   0x08000324   0x00000052   Code   RO         2017    .text               c_w.l(_printf_str.o)
    0x08000376   0x08000376   0x00000002   PAD
    0x08000378   0x08000378   0x00000078   Code   RO         2019    .text               c_w.l(_printf_dec.o)
    0x080003f0   0x080003f0   0x0000003e   Code   RO         2046    .text               c_w.l(strlen.o)
    0x0800042e   0x0800042e   0x0000008a   Code   RO         2048    .text               c_w.l(rt_memcpy_v6.o)
    0x080004b8   0x080004b8   0x0000004e   Code   RO         2050    .text               c_w.l(rt_memclr_w.o)
    0x08000506   0x08000506   0x00000006   Code   RO         2052    .text               c_w.l(heapauxi.o)
    0x0800050c   0x0800050c   0x000000b2   Code   RO         2081    .text               c_w.l(_printf_intcommon.o)
    0x080005be   0x080005be   0x0000041c   Code   RO         2083    .text               c_w.l(_printf_fp_dec.o)
    0x080009da   0x080009da   0x00000002   PAD
    0x080009dc   0x080009dc   0x00000030   Code   RO         2087    .text               c_w.l(_printf_char_common.o)
    0x08000a0c   0x08000a0c   0x0000000a   Code   RO         2089    .text               c_w.l(_sputc.o)
    0x08000a16   0x08000a16   0x0000002c   Code   RO         2091    .text               c_w.l(_printf_char.o)
    0x08000a42   0x08000a42   0x00000064   Code   RO         2094    .text               c_w.l(rt_memcpy_w.o)
    0x08000aa6   0x08000aa6   0x00000002   PAD
    0x08000aa8   0x08000aa8   0x00000008   Code   RO         2129    .text               c_w.l(rt_locale_intlibspace.o)
    0x08000ab0   0x08000ab0   0x0000008a   Code   RO         2131    .text               c_w.l(lludiv10.o)
    0x08000b3a   0x08000b3a   0x00000002   PAD
    0x08000b3c   0x08000b3c   0x00000080   Code   RO         2133    .text               c_w.l(_printf_fp_infnan.o)
    0x08000bbc   0x08000bbc   0x000000e4   Code   RO         2137    .text               c_w.l(bigflt0.o)
    0x08000ca0   0x08000ca0   0x00000008   Code   RO         2173    .text               c_w.l(libspace.o)
    0x08000ca8   0x08000ca8   0x0000004a   Code   RO         2176    .text               c_w.l(sys_stackheap_outer.o)
    0x08000cf2   0x08000cf2   0x00000012   Code   RO         2180    .text               c_w.l(exit.o)
    0x08000d04   0x08000d04   0x00000004   PAD
    0x08000d08   0x08000d08   0x0000007c   Code   RO         2182    .text               c_w.l(strcmpv7em.o)
    0x08000d84   0x08000d84   0x0000000c   Code   RO         2256    .text               c_w.l(sys_exit.o)
    0x08000d90   0x08000d90   0x00000002   Code   RO         2271    .text               c_w.l(use_no_semi.o)
    0x08000d92   0x08000d92   0x00000000   Code   RO         2273    .text               c_w.l(indicate_semi.o)
    0x08000d92   0x08000d92   0x0000004a   Code   RO          380    .text.ADC_DMAConvCplt  stm32f3xx_hal_adc_ex.o
    0x08000ddc   0x08000ddc   0x00000016   Code   RO          384    .text.ADC_DMAError  stm32f3xx_hal_adc_ex.o
    0x08000df2   0x08000df2   0x00000006   Code   RO          382    .text.ADC_DMAHalfConvCplt  stm32f3xx_hal_adc_ex.o
    0x08000df8   0x08000df8   0x0000004c   Code   RO          358    .text.ADC_Disable   stm32f3xx_hal_adc_ex.o
    0x08000e44   0x08000e44   0x0000004c   Code   RO          366    .text.ADC_Enable    stm32f3xx_hal_adc_ex.o
    0x08000e90   0x08000e90   0x00000002   Code   RO          255    .text.BusFault_Handler  stm32f3xx_it.o
    0x08000e92   0x08000e92   0x00000002   PAD
    0x08000e94   0x08000e94   0x00000018   Code   RO          277    .text.COMP2_IRQHandler  stm32f3xx_it.o
    0x08000eac   0x08000eac   0x0000000c   Code   RO          267    .text.DMA1_Channel1_IRQHandler  stm32f3xx_it.o
    0x08000eb8   0x08000eb8   0x0000000c   Code   RO          269    .text.DMA1_Channel3_IRQHandler  stm32f3xx_it.o
    0x08000ec4   0x08000ec4   0x0000000c   Code   RO          271    .text.DMA1_Channel5_IRQHandler  stm32f3xx_it.o
    0x08000ed0   0x08000ed0   0x00000026   Code   RO          656    .text.DMA_SetConfig  stm32f3xx_hal_dma.o
    0x08000ef6   0x08000ef6   0x00000002   Code   RO          261    .text.DebugMon_Handler  stm32f3xx_it.o
    0x08000ef8   0x08000ef8   0x00000008   Code   RO           80    .text.Error_Handler  main.o
    0x08000f00   0x08000f00   0x00000082   Code   RO          400    .text.HAL_ADCEx_Calibration_Start  stm32f3xx_hal_adc_ex.o
    0x08000f82   0x08000f82   0x00000002   PAD
    0x08000f84   0x08000f84   0x000000d8   Code   RO          438    .text.HAL_ADCEx_MultiModeConfigChannel  stm32f3xx_hal_adc_ex.o
    0x0800105c   0x0800105c   0x000000d8   Code   RO          416    .text.HAL_ADCEx_MultiModeStart_DMA  stm32f3xx_hal_adc_ex.o
    0x08001134   0x08001134   0x000002fc   Code   RO          432    .text.HAL_ADC_ConfigChannel  stm32f3xx_hal_adc_ex.o
    0x08001430   0x08001430   0x0000000a   Code   RO           82    .text.HAL_ADC_ConvCpltCallback  main.o
    0x0800143a   0x0800143a   0x0000000a   Code   RO           84    .text.HAL_ADC_ConvHalfCpltCallback  main.o
    0x08001444   0x08001444   0x00000002   Code   RO          338    .text.HAL_ADC_ErrorCallback  stm32f3xx_hal_adc.o
    0x08001446   0x08001446   0x00000002   PAD
    0x08001448   0x08001448   0x000001cc   Code   RO          356    .text.HAL_ADC_Init  stm32f3xx_hal_adc_ex.o
    0x08001614   0x08001614   0x000000bc   Code   RO          152    .text.HAL_ADC_MspInit  adc.o
    0x080016d0   0x080016d0   0x00000094   Code   RO          364    .text.HAL_ADC_Start  stm32f3xx_hal_adc_ex.o
    0x08001764   0x08001764   0x00000048   Code   RO         1254    .text.HAL_COMP_IRQHandler  stm32f3xx_hal_comp.o
    0x080017ac   0x080017ac   0x000000c4   Code   RO         1238    .text.HAL_COMP_Init  stm32f3xx_hal_comp.o
    0x08001870   0x08001870   0x00000054   Code   RO          173    .text.HAL_COMP_MspInit  comp.o
    0x080018c4   0x080018c4   0x000000ac   Code   RO         1250    .text.HAL_COMP_Start_IT  stm32f3xx_hal_comp.o
    0x08001970   0x08001970   0x00000002   Code   RO         1256    .text.HAL_COMP_TriggerCallback  stm32f3xx_hal_comp.o
    0x08001972   0x08001972   0x00000002   PAD
    0x08001974   0x08001974   0x00000060   Code   RO         1348    .text.HAL_DAC_ConfigChannel  stm32f3xx_hal_dac_ex.o
    0x080019d4   0x080019d4   0x00000026   Code   RO         1276    .text.HAL_DAC_Init  stm32f3xx_hal_dac.o
    0x080019fa   0x080019fa   0x00000002   PAD
    0x080019fc   0x080019fc   0x00000058   Code   RO          188    .text.HAL_DAC_MspInit  dac.o
    0x08001a54   0x08001a54   0x00000020   Code   RO         1320    .text.HAL_DAC_SetValue  stm32f3xx_hal_dac_ex.o
    0x08001a74   0x08001a74   0x00000048   Code   RO         1324    .text.HAL_DAC_Start  stm32f3xx_hal_dac_ex.o
    0x08001abc   0x08001abc   0x0000003e   Code   RO          660    .text.HAL_DMA_Abort  stm32f3xx_hal_dma.o
    0x08001afa   0x08001afa   0x0000003e   Code   RO          662    .text.HAL_DMA_Abort_IT  stm32f3xx_hal_dma.o
    0x08001b38   0x08001b38   0x0000008a   Code   RO          666    .text.HAL_DMA_IRQHandler  stm32f3xx_hal_dma.o
    0x08001bc2   0x08001bc2   0x00000002   PAD
    0x08001bc4   0x08001bc4   0x00000064   Code   RO          650    .text.HAL_DMA_Init  stm32f3xx_hal_dma.o
    0x08001c28   0x08001c28   0x00000066   Code   RO          658    .text.HAL_DMA_Start_IT  stm32f3xx_hal_dma.o
    0x08001c8e   0x08001c8e   0x00000002   PAD
    0x08001c90   0x08001c90   0x00000024   Code   RO          526    .text.HAL_Delay     stm32f3xx_hal.o
    0x08001cb4   0x08001cb4   0x00000198   Code   RO          626    .text.HAL_GPIO_Init  stm32f3xx_hal_gpio.o
    0x08001e4c   0x08001e4c   0x0000000a   Code   RO          630    .text.HAL_GPIO_ReadPin  stm32f3xx_hal_gpio.o
    0x08001e56   0x08001e56   0x00000010   Code   RO          634    .text.HAL_GPIO_TogglePin  stm32f3xx_hal_gpio.o
    0x08001e66   0x08001e66   0x0000000c   Code   RO          632    .text.HAL_GPIO_WritePin  stm32f3xx_hal_gpio.o
    0x08001e72   0x08001e72   0x00000002   PAD
    0x08001e74   0x08001e74   0x0000000c   Code   RO          518    .text.HAL_GetTick   stm32f3xx_hal.o
    0x08001e80   0x08001e80   0x00000002   Code   RO         1568    .text.HAL_HRTIM_BurstModePeriodCallback  stm32f3xx_hal_hrtim.o
    0x08001e82   0x08001e82   0x00000002   Code   RO         1584    .text.HAL_HRTIM_Capture1EventCallback  stm32f3xx_hal_hrtim.o
    0x08001e84   0x08001e84   0x00000002   Code   RO         1586    .text.HAL_HRTIM_Capture2EventCallback  stm32f3xx_hal_hrtim.o
    0x08001e86   0x08001e86   0x00000002   Code   RO         1576    .text.HAL_HRTIM_Compare1EventCallback  stm32f3xx_hal_hrtim.o
    0x08001e88   0x08001e88   0x00000002   Code   RO         1578    .text.HAL_HRTIM_Compare2EventCallback  stm32f3xx_hal_hrtim.o
    0x08001e8a   0x08001e8a   0x00000002   Code   RO         1580    .text.HAL_HRTIM_Compare3EventCallback  stm32f3xx_hal_hrtim.o
    0x08001e8c   0x08001e8c   0x00000002   Code   RO         1582    .text.HAL_HRTIM_Compare4EventCallback  stm32f3xx_hal_hrtim.o
    0x08001e8e   0x08001e8e   0x00000002   Code   RO         1590    .text.HAL_HRTIM_CounterResetCallback  stm32f3xx_hal_hrtim.o
    0x08001e90   0x08001e90   0x00000002   Code   RO         1566    .text.HAL_HRTIM_DLLCalibrationReadyCallback  stm32f3xx_hal_hrtim.o
    0x08001e92   0x08001e92   0x0000002e   Code   RO         1382    .text.HAL_HRTIM_DLLCalibrationStart  stm32f3xx_hal_hrtim.o
    0x08001ec0   0x08001ec0   0x00000002   Code   RO         1588    .text.HAL_HRTIM_DelayedProtectionCallback  stm32f3xx_hal_hrtim.o
    0x08001ec2   0x08001ec2   0x00000028   Code   RO         1472    .text.HAL_HRTIM_EventConfig  stm32f3xx_hal_hrtim.o
    0x08001eea   0x08001eea   0x0000003e   Code   RO         1474    .text.HAL_HRTIM_EventPrescalerConfig  stm32f3xx_hal_hrtim.o
    0x08001f28   0x08001f28   0x00000002   Code   RO         1554    .text.HAL_HRTIM_Fault1Callback  stm32f3xx_hal_hrtim.o
    0x08001f2a   0x08001f2a   0x00000002   Code   RO         1556    .text.HAL_HRTIM_Fault2Callback  stm32f3xx_hal_hrtim.o
    0x08001f2c   0x08001f2c   0x00000002   Code   RO         1558    .text.HAL_HRTIM_Fault3Callback  stm32f3xx_hal_hrtim.o
    0x08001f2e   0x08001f2e   0x00000002   Code   RO         1560    .text.HAL_HRTIM_Fault4Callback  stm32f3xx_hal_hrtim.o
    0x08001f30   0x08001f30   0x00000002   Code   RO         1562    .text.HAL_HRTIM_Fault5Callback  stm32f3xx_hal_hrtim.o
    0x08001f32   0x08001f32   0x00000024   Code   RO         1538    .text.HAL_HRTIM_GetCapturedValue  stm32f3xx_hal_hrtim.o
    0x08001f56   0x08001f56   0x000002d6   Code   RO         1552    .text.HAL_HRTIM_IRQHandler  stm32f3xx_hal_hrtim.o
    0x0800222c   0x0800222c   0x0000009c   Code   RO         1374    .text.HAL_HRTIM_Init  stm32f3xx_hal_hrtim.o
    0x080022c8   0x080022c8   0x0000007c   Code   RO          212    .text.HAL_HRTIM_MspInit  hrtim.o
    0x08002344   0x08002344   0x00000002   Code   RO         1594    .text.HAL_HRTIM_Output1ResetCallback  stm32f3xx_hal_hrtim.o
    0x08002346   0x08002346   0x00000002   Code   RO         1592    .text.HAL_HRTIM_Output1SetCallback  stm32f3xx_hal_hrtim.o
    0x08002348   0x08002348   0x00000002   Code   RO         1598    .text.HAL_HRTIM_Output2ResetCallback  stm32f3xx_hal_hrtim.o
    0x0800234a   0x0800234a   0x00000002   Code   RO         1596    .text.HAL_HRTIM_Output2SetCallback  stm32f3xx_hal_hrtim.o
    0x0800234c   0x0800234c   0x00000038   Code   RO         1386    .text.HAL_HRTIM_PollForDLLCalibration  stm32f3xx_hal_hrtim.o
    0x08002384   0x08002384   0x00000002   Code   RO         1572    .text.HAL_HRTIM_RegistersUpdateCallback  stm32f3xx_hal_hrtim.o
    0x08002386   0x08002386   0x00000002   Code   RO         1574    .text.HAL_HRTIM_RepetitionEventCallback  stm32f3xx_hal_hrtim.o
    0x08002388   0x08002388   0x00000002   Code   RO         1570    .text.HAL_HRTIM_SynchronizationEventCallback  stm32f3xx_hal_hrtim.o
    0x0800238a   0x0800238a   0x00000002   Code   RO         1564    .text.HAL_HRTIM_SystemFaultCallback  stm32f3xx_hal_hrtim.o
    0x0800238c   0x0800238c   0x00000064   Code   RO         1388    .text.HAL_HRTIM_TimeBaseConfig  stm32f3xx_hal_hrtim.o
    0x080023f0   0x080023f0   0x0000004c   Code   RO         1496    .text.HAL_HRTIM_WaveformCaptureConfig  stm32f3xx_hal_hrtim.o
    0x0800243c   0x0800243c   0x00000026   Code   RO         1506    .text.HAL_HRTIM_WaveformCountStart  stm32f3xx_hal_hrtim.o
    0x08002462   0x08002462   0x00000002   PAD
    0x08002464   0x08002464   0x00000054   Code   RO         1510    .text.HAL_HRTIM_WaveformCountStart_IT  stm32f3xx_hal_hrtim.o
    0x080024b8   0x080024b8   0x00000074   Code   RO         1512    .text.HAL_HRTIM_WaveformCountStop_IT  stm32f3xx_hal_hrtim.o
    0x0800252c   0x0800252c   0x00000220   Code   RO         1484    .text.HAL_HRTIM_WaveformTimerConfig  stm32f3xx_hal_hrtim.o
    0x0800274c   0x0800274c   0x00000014   Code   RO          516    .text.HAL_IncTick   stm32f3xx_hal.o
    0x08002760   0x08002760   0x00000020   Code   RO          506    .text.HAL_Init      stm32f3xx_hal.o
    0x08002780   0x08002780   0x0000003c   Code   RO          508    .text.HAL_InitTick  stm32f3xx_hal.o
    0x080027bc   0x080027bc   0x00000030   Code   RO          296    .text.HAL_MspInit   stm32f3xx_hal_msp.o
    0x080027ec   0x080027ec   0x00000020   Code   RO          688    .text.HAL_NVIC_EnableIRQ  stm32f3xx_hal_cortex.o
    0x0800280c   0x0800280c   0x0000004c   Code   RO          686    .text.HAL_NVIC_SetPriority  stm32f3xx_hal_cortex.o
    0x08002858   0x08002858   0x00000020   Code   RO          684    .text.HAL_NVIC_SetPriorityGrouping  stm32f3xx_hal_cortex.o
    0x08002878   0x08002878   0x00000118   Code   RO          610    .text.HAL_RCCEx_PeriphCLKConfig  stm32f3xx_hal_rcc_ex.o
    0x08002990   0x08002990   0x00000124   Code   RO          574    .text.HAL_RCC_ClockConfig  stm32f3xx_hal_rcc.o
    0x08002ab4   0x08002ab4   0x0000001c   Code   RO          586    .text.HAL_RCC_GetPCLK1Freq  stm32f3xx_hal_rcc.o
    0x08002ad0   0x08002ad0   0x00000060   Code   RO          576    .text.HAL_RCC_GetSysClockFreq  stm32f3xx_hal_rcc.o
    0x08002b30   0x08002b30   0x000002d0   Code   RO          572    .text.HAL_RCC_OscConfig  stm32f3xx_hal_rcc.o
    0x08002e00   0x08002e00   0x00000028   Code   RO          696    .text.HAL_SYSTICK_Config  stm32f3xx_hal_cortex.o
    0x08002e28   0x08002e28   0x00000002   Code   RO         1859    .text.HAL_UARTEx_RxEventCallback  stm32f3xx_hal_uart.o
    0x08002e2a   0x08002e2a   0x00000002   Code   RO         1963    .text.HAL_UARTEx_WakeupCallback  stm32f3xx_hal_uart_ex.o
    0x08002e2c   0x08002e2c   0x00000002   Code   RO         1857    .text.HAL_UART_ErrorCallback  stm32f3xx_hal_uart.o
    0x08002e2e   0x08002e2e   0x00000002   PAD
    0x08002e30   0x08002e30   0x00000260   Code   RO         1853    .text.HAL_UART_IRQHandler  stm32f3xx_hal_uart.o
    0x08003090   0x08003090   0x00000038   Code   RO         1769    .text.HAL_UART_Init  stm32f3xx_hal_uart.o
    0x080030c8   0x080030c8   0x00000108   Code   RO          229    .text.HAL_UART_MspInit  usart.o
    0x080031d0   0x080031d0   0x00000030   Code   RO         1813    .text.HAL_UART_Receive_DMA  stm32f3xx_hal_uart.o
    0x08003200   0x08003200   0x00000050   Code   RO           72    .text.HAL_UART_RxCpltCallback  main.o
    0x08003250   0x08003250   0x00000002   Code   RO           70    .text.HAL_UART_RxHalfCpltCallback  main.o
    0x08003252   0x08003252   0x00000002   PAD
    0x08003254   0x08003254   0x0000005c   Code   RO         1795    .text.HAL_UART_Transmit_IT  stm32f3xx_hal_uart.o
    0x080032b0   0x080032b0   0x00000002   Code   RO         1861    .text.HAL_UART_TxCpltCallback  stm32f3xx_hal_uart.o
    0x080032b2   0x080032b2   0x00000002   PAD
    0x080032b4   0x080032b4   0x0000008c   Code   RO          279    .text.HRTIM1_TIMA_IRQHandler  stm32f3xx_it.o
    0x08003340   0x08003340   0x000000fc   Code   RO          281    .text.HRTIM1_TIMB_IRQHandler  stm32f3xx_it.o
    0x0800343c   0x0800343c   0x000001ae   Code   RO         1446    .text.HRTIM_EventConfig  stm32f3xx_hal_hrtim.o
    0x080035ea   0x080035ea   0x00000002   Code   RO          251    .text.HardFault_Handler  stm32f3xx_it.o
    0x080035ec   0x080035ec   0x00000004   PAD
    0x080035f0   0x080035f0   0x000001a8   Code   RO           29    .text.MEAS_ADC1_eval  meas.o
    0x08003798   0x08003798   0x00000030   Code   RO           25    .text.MEAS_ADC_start  meas.o
    0x080037c8   0x080037c8   0x000000a4   Code   RO          148    .text.MX_ADC1_Init  adc.o
    0x0800386c   0x0800386c   0x00000060   Code   RO          150    .text.MX_ADC2_Init  adc.o
    0x080038cc   0x080038cc   0x00000038   Code   RO          171    .text.MX_COMP2_Init  comp.o
    0x08003904   0x08003904   0x00000038   Code   RO          186    .text.MX_DAC2_Init  dac.o
    0x0800393c   0x0800393c   0x0000004c   Code   RO          201    .text.MX_DMA_Init   dma.o
    0x08003988   0x08003988   0x000000e0   Code   RO          139    .text.MX_GPIO_Init  gpio.o
    0x08003a68   0x08003a68   0x00000144   Code   RO          210    .text.MX_HRTIM1_Init  hrtim.o
    0x08003bac   0x08003bac   0x00000020   Code   RO          225    .text.MX_USART1_UART_Init  usart.o
    0x08003bcc   0x08003bcc   0x00000020   Code   RO          227    .text.MX_USART3_UART_Init  usart.o
    0x08003bec   0x08003bec   0x00000002   Code   RO          253    .text.MemManage_Handler  stm32f3xx_it.o
    0x08003bee   0x08003bee   0x00000002   Code   RO          249    .text.NMI_Handler   stm32f3xx_it.o
    0x08003bf0   0x08003bf0   0x0000000e   Code   RO           31    .text.OUTLINED_FUNCTION_0  meas.o
    0x08003bfe   0x08003bfe   0x0000000e   Code   RO           60    .text.OUTLINED_FUNCTION_0  queue.o
    0x08003c0c   0x08003c0c   0x0000008a   Code   RO           86    .text.OUTLINED_FUNCTION_0  main.o
    0x08003c96   0x08003c96   0x00000014   Code   RO          156    .text.OUTLINED_FUNCTION_0  adc.o
    0x08003caa   0x08003caa   0x00000020   Code   RO          233    .text.OUTLINED_FUNCTION_0  usart.o
    0x08003cca   0x08003cca   0x0000000c   Code   RO          283    .text.OUTLINED_FUNCTION_0  stm32f3xx_it.o
    0x08003cd6   0x08003cd6   0x00000010   Code   RO          598    .text.OUTLINED_FUNCTION_0  stm32f3xx_hal_rcc.o
    0x08003ce6   0x08003ce6   0x00000012   Code   RO         1266    .text.OUTLINED_FUNCTION_0  stm32f3xx_hal_comp.o
    0x08003cf8   0x08003cf8   0x0000000e   Code   RO         1606    .text.OUTLINED_FUNCTION_0  stm32f3xx_hal_hrtim.o
    0x08003d06   0x08003d06   0x00000014   Code   RO         1899    .text.OUTLINED_FUNCTION_0  stm32f3xx_hal_uart.o
    0x08003d1a   0x08003d1a   0x00000094   Code   RO           88    .text.OUTLINED_FUNCTION_1  main.o
    0x08003dae   0x08003dae   0x00000010   Code   RO          158    .text.OUTLINED_FUNCTION_1  adc.o
    0x08003dbe   0x08003dbe   0x00000012   Code   RO          235    .text.OUTLINED_FUNCTION_1  usart.o
    0x08003dd0   0x08003dd0   0x0000000a   Code   RO          600    .text.OUTLINED_FUNCTION_1  stm32f3xx_hal_rcc.o
    0x08003dda   0x08003dda   0x0000000e   Code   RO          718    .text.OUTLINED_FUNCTION_1  stm32f3xx_hal_cortex.o
    0x08003de8   0x08003de8   0x0000000a   Code   RO         1608    .text.OUTLINED_FUNCTION_1  stm32f3xx_hal_hrtim.o
    0x08003df2   0x08003df2   0x00000014   Code   RO         1901    .text.OUTLINED_FUNCTION_1  stm32f3xx_hal_uart.o
    0x08003e06   0x08003e06   0x00000012   Code   RO          106    .text.OUTLINED_FUNCTION_10  main.o
    0x08003e18   0x08003e18   0x0000000c   Code   RO         1919    .text.OUTLINED_FUNCTION_10  stm32f3xx_hal_uart.o
    0x08003e24   0x08003e24   0x0000000c   Code   RO          108    .text.OUTLINED_FUNCTION_11  main.o
    0x08003e30   0x08003e30   0x00000008   Code   RO          462    .text.OUTLINED_FUNCTION_11  stm32f3xx_hal_adc_ex.o
    0x08003e38   0x08003e38   0x0000000a   Code   RO         1628    .text.OUTLINED_FUNCTION_11  stm32f3xx_hal_hrtim.o
    0x08003e42   0x08003e42   0x00000014   Code   RO         1921    .text.OUTLINED_FUNCTION_11  stm32f3xx_hal_uart.o
    0x08003e56   0x08003e56   0x00000006   Code   RO          110    .text.OUTLINED_FUNCTION_12  main.o
    0x08003e5c   0x08003e5c   0x0000000c   Code   RO          464    .text.OUTLINED_FUNCTION_12  stm32f3xx_hal_adc_ex.o
    0x08003e68   0x08003e68   0x00000014   Code   RO         1923    .text.OUTLINED_FUNCTION_12  stm32f3xx_hal_uart.o
    0x08003e7c   0x08003e7c   0x0000000a   Code   RO          112    .text.OUTLINED_FUNCTION_13  main.o
    0x08003e86   0x08003e86   0x0000000a   Code   RO          466    .text.OUTLINED_FUNCTION_13  stm32f3xx_hal_adc_ex.o
    0x08003e90   0x08003e90   0x00000006   Code   RO          114    .text.OUTLINED_FUNCTION_14  main.o
    0x08003e96   0x08003e96   0x00000014   Code   RO         1927    .text.OUTLINED_FUNCTION_14  stm32f3xx_hal_uart.o
    0x08003eaa   0x08003eaa   0x00000012   Code   RO          116    .text.OUTLINED_FUNCTION_15  main.o
    0x08003ebc   0x08003ebc   0x00000008   Code   RO          470    .text.OUTLINED_FUNCTION_15  stm32f3xx_hal_adc_ex.o
    0x08003ec4   0x08003ec4   0x00000010   Code   RO          472    .text.OUTLINED_FUNCTION_16  stm32f3xx_hal_adc_ex.o
    0x08003ed4   0x08003ed4   0x0000000a   Code   RO         1931    .text.OUTLINED_FUNCTION_16  stm32f3xx_hal_uart.o
    0x08003ede   0x08003ede   0x0000000e   Code   RO          474    .text.OUTLINED_FUNCTION_17  stm32f3xx_hal_adc_ex.o
    0x08003eec   0x08003eec   0x0000000c   Code   RO         1933    .text.OUTLINED_FUNCTION_17  stm32f3xx_hal_uart.o
    0x08003ef8   0x08003ef8   0x0000001a   Code   RO         1642    .text.OUTLINED_FUNCTION_18  stm32f3xx_hal_hrtim.o
    0x08003f12   0x08003f12   0x00000008   Code   RO         1935    .text.OUTLINED_FUNCTION_18  stm32f3xx_hal_uart.o
    0x08003f1a   0x08003f1a   0x0000000e   Code   RO          478    .text.OUTLINED_FUNCTION_19  stm32f3xx_hal_adc_ex.o
    0x08003f28   0x08003f28   0x0000000a   Code   RO         1644    .text.OUTLINED_FUNCTION_19  stm32f3xx_hal_hrtim.o
    0x08003f32   0x08003f32   0x00000014   Code   RO         1937    .text.OUTLINED_FUNCTION_19  stm32f3xx_hal_uart.o
    0x08003f46   0x08003f46   0x00000086   Code   RO           90    .text.OUTLINED_FUNCTION_2  main.o
    0x08003fcc   0x08003fcc   0x00000008   Code   RO          444    .text.OUTLINED_FUNCTION_2  stm32f3xx_hal_adc_ex.o
    0x08003fd4   0x08003fd4   0x0000000e   Code   RO         1610    .text.OUTLINED_FUNCTION_2  stm32f3xx_hal_hrtim.o
    0x08003fe2   0x08003fe2   0x00000008   Code   RO         1646    .text.OUTLINED_FUNCTION_20  stm32f3xx_hal_hrtim.o
    0x08003fea   0x08003fea   0x00000014   Code   RO         1939    .text.OUTLINED_FUNCTION_20  stm32f3xx_hal_uart.o
    0x08003ffe   0x08003ffe   0x0000000e   Code   RO          482    .text.OUTLINED_FUNCTION_21  stm32f3xx_hal_adc_ex.o
    0x0800400c   0x0800400c   0x0000000c   Code   RO         1648    .text.OUTLINED_FUNCTION_21  stm32f3xx_hal_hrtim.o
    0x08004018   0x08004018   0x0000000a   Code   RO          486    .text.OUTLINED_FUNCTION_23  stm32f3xx_hal_adc_ex.o
    0x08004022   0x08004022   0x0000000e   Code   RO         1947    .text.OUTLINED_FUNCTION_24  stm32f3xx_hal_uart.o
    0x08004030   0x08004030   0x0000000a   Code   RO         1949    .text.OUTLINED_FUNCTION_25  stm32f3xx_hal_uart.o
    0x0800403a   0x0800403a   0x00000006   Code   RO         1951    .text.OUTLINED_FUNCTION_26  stm32f3xx_hal_uart.o
    0x08004040   0x08004040   0x0000000e   Code   RO          494    .text.OUTLINED_FUNCTION_27  stm32f3xx_hal_adc_ex.o
    0x0800404e   0x0800404e   0x0000000a   Code   RO          496    .text.OUTLINED_FUNCTION_28  stm32f3xx_hal_adc_ex.o
    0x08004058   0x08004058   0x0000000e   Code   RO         1664    .text.OUTLINED_FUNCTION_29  stm32f3xx_hal_hrtim.o
    0x08004066   0x08004066   0x0000000a   Code   RO           92    .text.OUTLINED_FUNCTION_3  main.o
    0x08004070   0x08004070   0x0000000a   Code   RO          446    .text.OUTLINED_FUNCTION_3  stm32f3xx_hal_adc_ex.o
    0x0800407a   0x0800407a   0x0000000e   Code   RO         1612    .text.OUTLINED_FUNCTION_3  stm32f3xx_hal_hrtim.o
    0x08004088   0x08004088   0x00000014   Code   RO         1905    .text.OUTLINED_FUNCTION_3  stm32f3xx_hal_uart.o
    0x0800409c   0x0800409c   0x00000008   Code   RO         1670    .text.OUTLINED_FUNCTION_32  stm32f3xx_hal_hrtim.o
    0x080040a4   0x080040a4   0x00000014   Code   RO         1672    .text.OUTLINED_FUNCTION_33  stm32f3xx_hal_hrtim.o
    0x080040b8   0x080040b8   0x00000008   Code   RO         1674    .text.OUTLINED_FUNCTION_34  stm32f3xx_hal_hrtim.o
    0x080040c0   0x080040c0   0x0000000c   Code   RO         1678    .text.OUTLINED_FUNCTION_36  stm32f3xx_hal_hrtim.o
    0x080040cc   0x080040cc   0x00000008   Code   RO         1682    .text.OUTLINED_FUNCTION_38  stm32f3xx_hal_hrtim.o
    0x080040d4   0x080040d4   0x00000006   Code   RO           94    .text.OUTLINED_FUNCTION_4  main.o
    0x080040da   0x080040da   0x00000006   Code   RO          448    .text.OUTLINED_FUNCTION_4  stm32f3xx_hal_adc_ex.o
    0x080040e0   0x080040e0   0x0000000e   Code   RO         1614    .text.OUTLINED_FUNCTION_4  stm32f3xx_hal_hrtim.o
    0x080040ee   0x080040ee   0x00000014   Code   RO         1907    .text.OUTLINED_FUNCTION_4  stm32f3xx_hal_uart.o
    0x08004102   0x08004102   0x0000000a   Code   RO         1696    .text.OUTLINED_FUNCTION_45  stm32f3xx_hal_hrtim.o
    0x0800410c   0x0800410c   0x0000000a   Code   RO         1698    .text.OUTLINED_FUNCTION_46  stm32f3xx_hal_hrtim.o
    0x08004116   0x08004116   0x00000006   Code   RO           96    .text.OUTLINED_FUNCTION_5  main.o
    0x0800411c   0x0800411c   0x00000014   Code   RO         1909    .text.OUTLINED_FUNCTION_5  stm32f3xx_hal_uart.o
    0x08004130   0x08004130   0x00000008   Code   RO         1710    .text.OUTLINED_FUNCTION_52  stm32f3xx_hal_hrtim.o
    0x08004138   0x08004138   0x0000000a   Code   RO         1720    .text.OUTLINED_FUNCTION_57  stm32f3xx_hal_hrtim.o
    0x08004142   0x08004142   0x00000006   Code   RO           98    .text.OUTLINED_FUNCTION_6  main.o
    0x08004148   0x08004148   0x0000000c   Code   RO          452    .text.OUTLINED_FUNCTION_6  stm32f3xx_hal_adc_ex.o
    0x08004154   0x08004154   0x00000008   Code   RO         1911    .text.OUTLINED_FUNCTION_6  stm32f3xx_hal_uart.o
    0x0800415c   0x0800415c   0x0000000e   Code   RO         1726    .text.OUTLINED_FUNCTION_60  stm32f3xx_hal_hrtim.o
    0x0800416a   0x0800416a   0x0000000a   Code   RO         1736    .text.OUTLINED_FUNCTION_65  stm32f3xx_hal_hrtim.o
    0x08004174   0x08004174   0x0000000e   Code   RO         1738    .text.OUTLINED_FUNCTION_66  stm32f3xx_hal_hrtim.o
    0x08004182   0x08004182   0x00000006   Code   RO          100    .text.OUTLINED_FUNCTION_7  main.o
    0x08004188   0x08004188   0x00000014   Code   RO          454    .text.OUTLINED_FUNCTION_7  stm32f3xx_hal_adc_ex.o
    0x0800419c   0x0800419c   0x00000014   Code   RO         1913    .text.OUTLINED_FUNCTION_7  stm32f3xx_hal_uart.o
    0x080041b0   0x080041b0   0x00000006   Code   RO          102    .text.OUTLINED_FUNCTION_8  main.o
    0x080041b6   0x080041b6   0x0000000c   Code   RO         1915    .text.OUTLINED_FUNCTION_8  stm32f3xx_hal_uart.o
    0x080041c2   0x080041c2   0x00000012   Code   RO          104    .text.OUTLINED_FUNCTION_9  main.o
    0x080041d4   0x080041d4   0x00000002   Code   RO          263    .text.PendSV_Handler  stm32f3xx_it.o
    0x080041d6   0x080041d6   0x00000002   Code   RO          259    .text.SVC_Handler   stm32f3xx_it.o
    0x080041d8   0x080041d8   0x00000014   Code   RO          265    .text.SysTick_Handler  stm32f3xx_it.o
    0x080041ec   0x080041ec   0x00000088   Code   RO           76    .text.SystemClock_Config  main.o
    0x08004274   0x08004274   0x00000010   Code   RO         1993    .text.SystemInit    system_stm32f3xx.o
    0x08004284   0x08004284   0x000000a8   Code   RO         1775    .text.UART_AdvFeatureConfig  stm32f3xx_hal_uart.o
    0x0800432c   0x0800432c   0x00000088   Code   RO         1777    .text.UART_CheckIdleState  stm32f3xx_hal_uart.o
    0x080043b4   0x080043b4   0x00000010   Code   RO         1855    .text.UART_DMAAbortOnError  stm32f3xx_hal_uart.o
    0x080043c4   0x080043c4   0x00000050   Code   RO         1811    .text.UART_DMAError  stm32f3xx_hal_uart.o
    0x08004414   0x08004414   0x00000064   Code   RO         1895    .text.UART_DMAReceiveCplt  stm32f3xx_hal_uart.o
    0x08004478   0x08004478   0x0000001a   Code   RO         1897    .text.UART_DMARxHalfCplt  stm32f3xx_hal_uart.o
    0x08004492   0x08004492   0x0000003e   Code   RO         1825    .text.UART_EndRxTransfer  stm32f3xx_hal_uart.o
    0x080044d0   0x080044d0   0x0000001a   Code   RO         1823    .text.UART_EndTxTransfer  stm32f3xx_hal_uart.o
    0x080044ea   0x080044ea   0x00000002   PAD
    0x080044ec   0x080044ec   0x00000130   Code   RO         1773    .text.UART_SetConfig  stm32f3xx_hal_uart.o
    0x0800461c   0x0800461c   0x00000088   Code   RO         1815    .text.UART_Start_Receive_DMA  stm32f3xx_hal_uart.o
    0x080046a4   0x080046a4   0x0000004c   Code   RO         1797    .text.UART_TxISR_16BIT  stm32f3xx_hal_uart.o
    0x080046f0   0x080046f0   0x00000048   Code   RO         1799    .text.UART_TxISR_8BIT  stm32f3xx_hal_uart.o
    0x08004738   0x08004738   0x00000080   Code   RO         1791    .text.UART_WaitOnFlagUntilTimeout  stm32f3xx_hal_uart.o
    0x080047b8   0x080047b8   0x0000000c   Code   RO          273    .text.USART1_IRQHandler  stm32f3xx_it.o
    0x080047c4   0x080047c4   0x0000000c   Code   RO          275    .text.USART3_IRQHandler  stm32f3xx_it.o
    0x080047d0   0x080047d0   0x00000002   Code   RO          257    .text.UsageFault_Handler  stm32f3xx_it.o
    0x080047d2   0x080047d2   0x00000052   Code   RO           13    .text.calculateCheckSum  qi.o
    0x08004824   0x08004824   0x00000062   Code   RO           15    .text.demodulateFskByte  qi.o
    0x08004886   0x08004886   0x00000002   PAD
    0x08004888   0x08004888   0x00000058   Code   RO           78    .text.get_control_error  main.o
    0x080048e0   0x080048e0   0x00000016   Code   RO           56    .text.get_data_packet_size  queue.o
    0x080048f6   0x080048f6   0x00000002   PAD
    0x080048f8   0x080048f8   0x000013f8   Code   RO           74    .text.main          main.o
    0x08005cf0   0x08005cf0   0x00000030   Code   RO           11    .text.modulateAskByte  qi.o
    0x08005d20   0x08005d20   0x00000040   Code   RO           54    .text.queue_dequeue  queue.o
    0x08005d60   0x08005d60   0x0000004a   Code   RO           52    .text.queue_enqueue  queue.o
    0x08005daa   0x08005daa   0x0000000c   Code   RO           46    .text.queue_init    queue.o
    0x08005db6   0x08005db6   0x0000007a   Code   RO           58    .text.serialize_data_packet  queue.o
    0x08005e30   0x08005e30   0x0000003e   Code   RO         2140    CL$$btod_d2e        c_w.l(btod.o)
    0x08005e6e   0x08005e6e   0x00000046   Code   RO         2142    CL$$btod_d2e_denorm_low  c_w.l(btod.o)
    0x08005eb4   0x08005eb4   0x00000060   Code   RO         2141    CL$$btod_d2e_norm_op1  c_w.l(btod.o)
    0x08005f14   0x08005f14   0x00000338   Code   RO         2150    CL$$btod_div_common  c_w.l(btod.o)
    0x0800624c   0x0800624c   0x000000dc   Code   RO         2147    CL$$btod_e2e        c_w.l(btod.o)
    0x08006328   0x08006328   0x0000002a   Code   RO         2144    CL$$btod_ediv       c_w.l(btod.o)
    0x08006352   0x08006352   0x0000002a   Code   RO         2143    CL$$btod_emul       c_w.l(btod.o)
    0x0800637c   0x0800637c   0x00000244   Code   RO         2149    CL$$btod_mult_common  c_w.l(btod.o)
    0x080065c0   0x080065c0   0x00000030   Code   RO         2171    i.__ARM_fpclassify  m_wm.l(fpclassify.o)
    0x080065f0   0x080065f0   0x0000002c   Code   RO         2165    locale$$code        c_w.l(lc_numeric_c.o)
    0x0800661c   0x0800661c   0x00000062   Code   RO         2056    x$fpl$d2f           fz_wm.l(d2f.o)
    0x0800667e   0x0800667e   0x00000002   PAD
    0x08006680   0x08006680   0x00000150   Code   RO         2058    x$fpl$dadd          fz_wm.l(daddsub_clz.o)
    0x080067d0   0x080067d0   0x00000018   Code   RO         2167    x$fpl$dcmpinf       fz_wm.l(dcmpi.o)
    0x080067e8   0x080067e8   0x000002b4   Code   RO         2067    x$fpl$ddiv          fz_wm.l(ddiv.o)
    0x08006a9c   0x08006a9c   0x00000078   Code   RO         2096    x$fpl$deqf          fz_wm.l(deqf.o)
    0x08006b14   0x08006b14   0x0000005e   Code   RO         2070    x$fpl$dfix          fz_wm.l(dfix.o)
    0x08006b72   0x08006b72   0x00000002   PAD
    0x08006b74   0x08006b74   0x00000078   Code   RO         2098    x$fpl$dgeqf         fz_wm.l(dgeqf.o)
    0x08006bec   0x08006bec   0x00000078   Code   RO         2100    x$fpl$dleqf         fz_wm.l(dleqf.o)
    0x08006c64   0x08006c64   0x00000154   Code   RO         2074    x$fpl$dmul          fz_wm.l(dmul.o)
    0x08006db8   0x08006db8   0x0000009c   Code   RO         2102    x$fpl$dnaninf       fz_wm.l(dnaninf.o)
    0x08006e54   0x08006e54   0x0000000c   Code   RO         2104    x$fpl$dretinf       fz_wm.l(dretinf.o)
    0x08006e60   0x08006e60   0x000001dc   Code   RO         2060    x$fpl$dsub          fz_wm.l(daddsub_clz.o)
    0x0800703c   0x0800703c   0x00000056   Code   RO         2076    x$fpl$f2d           fz_wm.l(f2d.o)
    0x08007092   0x08007092   0x00000054   Code   RO         2064    x$fpl$fcmp          fz_wm.l(dcmp.o)
    0x080070e6   0x080070e6   0x0000008c   Code   RO         2106    x$fpl$fnaninf       fz_wm.l(fnaninf.o)
    0x08007172   0x08007172   0x0000001a   Code   RO         2241    x$fpl$fpinit        fz_wm.l(fpinit.o)
    0x0800718c   0x0800718c   0x0000000a   Code   RO         2108    x$fpl$fretinf       fz_wm.l(fretinf.o)
    0x08007196   0x08007196   0x00000004   Code   RO         2078    x$fpl$printf1       fz_wm.l(printf1.o)
    0x0800719a   0x0800719a   0x00000000   Code   RO         2110    x$fpl$usenofp       fz_wm.l(usenofp.o)
    0x0800719a   0x0800719a   0x00000002   PAD
    0x0800719c   0x0800719c   0x00000094   Data   RO         2138    .constdata          c_w.l(bigflt0.o)
    0x08007230   0x08007230   0x00000010   Data   RO         1998    .rodata.AHBPrescTable  system_stm32f3xx.o
    0x08007240   0x08007240   0x00000008   Data   RO         1999    .rodata.APBPrescTable  system_stm32f3xx.o
    0x08007248   0x08007248   0x00000018   Data   RO         1758    .rodata.TimerIdxToTimerId  stm32f3xx_hal_hrtim.o
    0x08007260   0x08007260   0x00000134   Data   RO          122    .rodata.str1.1      main.o
    0x08007394   0x08007394   0x00000236   Data   RO          123    .rodata.str1.4      main.o
    0x080075ca   0x080075ca   0x00000002   PAD
    0x080075cc   0x080075cc   0x00000020   Data   RO         2323    Region$$Table       anon$$obj.o
    0x080075ec   0x080075ec   0x0000001c   Data   RO         2164    locale$$data        c_w.l(lc_numeric_c.o)


    Execution Region RW_IRAM2 (Exec base: 0x10000000, Load base: 0x08007620, Size: 0x00000000, Max: 0x00001000, ABSOLUTE)

    **** No section assigned to this execution region ****


    Execution Region RW_IRAM1 (Exec base: 0x20000000, Load base: 0x08007608, Size: 0x00001060, Max: 0x00003000, ABSOLUTE)

    Exec Addr    Load Addr    Size         Type   Attr      Idx    E Section Name        Object

    0x20000000   0x08007608   0x00000004   Data   RW          129    .data..L_MergedGlobals  main.o
    0x20000004   0x0800760c   0x00000008   Data   RW          561    .data..L_MergedGlobals  stm32f3xx_hal.o
    0x2000000c   0x08007614   0x00000004   Data   RW         1997    .data.SystemCoreClock  system_stm32f3xx.o
    0x20000010   0x08007618   0x00000001   Data   RW          285    .data.first_half_FSK  stm32f3xx_it.o
    0x20000011   0x08007619   0x00000007   PAD
    0x20000018        -       0x00000060   Zero   RW         2174    .bss                c_w.l(libspace.o)
    0x20000078        -       0x0000002c   Zero   RW           37    .bss..L_MergedGlobals  meas.o
    0x200000a4        -       0x00000048   Zero   RW          162    .bss..L_MergedGlobals  adc.o
    0x200000ec        -       0x00000006   Zero   RW          287    .bss..L_MergedGlobals  stm32f3xx_it.o
    0x200000f2   0x08007619   0x00000002   PAD
    0x200000f4        -       0x00000040   Zero   RW          130    .bss..L_MergedGlobals.41  main.o
    0x20000134        -       0x00000064   Zero   RW          121    .bss.ADC_BUFFER     main.o
    0x20000198        -       0x00000064   Zero   RW          125    .bss.DBG_UART_buffer  main.o
    0x200001fc        -       0x00000004   Zero   RW          127    .bss.captured_value_FSK  main.o
    0x20000200        -       0x00000001   Zero   RW          119    .bss.comp_treshold  main.o
    0x20000201   0x08007619   0x00000003   PAD
    0x20000204        -       0x00000050   Zero   RW          160    .bss.hadc1          adc.o
    0x20000254        -       0x00000050   Zero   RW          161    .bss.hadc2          adc.o
    0x200002a4        -       0x00000030   Zero   RW          177    .bss.hcomp2         comp.o
    0x200002d4        -       0x00000014   Zero   RW          192    .bss.hdac2          dac.o
    0x200002e8        -       0x00000044   Zero   RW          239    .bss.hdma_usart1_rx  usart.o
    0x2000032c        -       0x00000044   Zero   RW          240    .bss.hdma_usart3_rx  usart.o
    0x20000370        -       0x000000dc   Zero   RW          216    .bss.hhrtim1        hrtim.o
    0x2000044c        -       0x00000088   Zero   RW          237    .bss.huart1         usart.o
    0x200004d4        -       0x00000088   Zero   RW          238    .bss.huart3         usart.o
    0x2000055c        -       0x00000190   Zero   RW           34    .bss.i_raw          meas.o
    0x200006ec        -       0x0000004a   Zero   RW          124    .bss.serialized_data  main.o
    0x20000736   0x08007619   0x00000002   PAD
    0x20000738        -       0x00000190   Zero   RW           35    .bss.temp_raw       meas.o
    0x200008c8        -       0x00000190   Zero   RW           33    .bss.u_raw          meas.o
    0x20000a58        -       0x00000004   Zero   RW          560    .bss.uwTick         stm32f3xx_hal.o
    0x20000a5c   0x08007619   0x00000004   PAD
    0x20000a60        -       0x00000200   Zero   RW            2    HEAP                startup_stm32f334x8.o
    0x20000c60        -       0x00000400   Zero   RW            1    STACK               startup_stm32f334x8.o


==============================================================================

Image component sizes


      Code (inc. data)   RO Data    RW Data    ZI Data      Debug   Object Name

       484         24          0          0        232       5945   adc.o
       140         16          0          0         48       4376   comp.o
       144         16          0          0         20       4113   dac.o
        76          8          0          0          0       2295   dma.o
       224         12          0          0          0       1867   gpio.o
       448         20          0          0        220       8428   hrtim.o
      5994        572        874          4        343      17565   main.o
       486         68          0          0       1244       5728   meas.o
       228          0          0          0          0       2627   qi.o
       308          0          0          0          0       3030   queue.o
        64         26        392          0       1536        868   startup_stm32f334x8.o
       160         16          0          8          4       6200   stm32f3xx_hal.o
         2          0          0          0          0       6958   stm32f3xx_hal_adc.o
      2374         64          0          0          0      25146   stm32f3xx_hal_adc_ex.o
       460         24          0          0          0       5704   stm32f3xx_hal_comp.o
       194         24          0          0          0       8567   stm32f3xx_hal_cortex.o
        38          0          0          0          0       5702   stm32f3xx_hal_dac.o
       200          4          0          0          0       8127   stm32f3xx_hal_dac_ex.o
       502          8          0          0          0       7323   stm32f3xx_hal_dma.o
       446         24          0          0          0       4966   stm32f3xx_hal_gpio.o
      2834         92         24          0          0      59589   stm32f3xx_hal_hrtim.o
        48          4          0          0          0       1024   stm32f3xx_hal_msp.o
      1162         76          0          0          0       7305   stm32f3xx_hal_rcc.o
       280         12          0          0          0       4273   stm32f3xx_hal_rcc_ex.o
      2452         88          0          0          0      27670   stm32f3xx_hal_uart.o
         2          0          0          0          0       7974   stm32f3xx_hal_uart_ex.o
       524         96          0          1          6       8815   stm32f3xx_it.o
        16          4         24          4          0       2223   system_stm32f3xx.o
       378         40          0          0        408       6664   usart.o

    ----------------------------------------------------------------------
     20702       1338       1348         20       4076     261072   Object Totals
         0          0         32          0          0          0   (incl. Generated)
        34          0          2          3         15          0   (incl. Padding)

    ----------------------------------------------------------------------

      Code (inc. data)   RO Data    RW Data    ZI Data      Debug   Library Member Name

         8          0          0          0          0         68   __main.o
       104          0          0          0          0         84   __printf.o
         0          0          0          0          0          0   __rtentry.o
        12          0          0          0          0          0   __rtentry2.o
         6          0          0          0          0          0   __rtentry4.o
        52          8          0          0          0          0   __scatter.o
        26          0          0          0          0          0   __scatter_copy.o
        28          0          0          0          0          0   __scatter_zi.o
         6          0          0          0          0          0   _printf_c.o
        44          0          0          0          0        108   _printf_char.o
        48          6          0          0          0         96   _printf_char_common.o
         6          0          0          0          0          0   _printf_d.o
       120         16          0          0          0         92   _printf_dec.o
         6          0          0          0          0          0   _printf_f.o
      1052          0          0          0          0        148   _printf_fp_dec.o
       128         16          0          0          0         84   _printf_fp_infnan.o
       178          0          0          0          0         88   _printf_intcommon.o
         0          0          0          0          0          0   _printf_percent.o
         4          0          0          0          0          0   _printf_percent_end.o
        82          0          0          0          0         80   _printf_str.o
         6          0          0          0          0          0   _printf_u.o
        10          0          0          0          0         68   _sputc.o
       228          4        148          0          0         96   bigflt0.o
      1936        128          0          0          0        668   btod.o
        18          0          0          0          0         80   exit.o
         6          0          0          0          0        152   heapauxi.o
         0          0          0          0          0          0   indicate_semi.o
        44         10         28          0          0         76   lc_numeric_c.o
         2          0          0          0          0          0   libinit.o
        22          0          0          0          0          0   libinit2.o
         2          0          0          0          0          0   libshutdown.o
         2          0          0          0          0          0   libshutdown2.o
         8          4          0          0         96         68   libspace.o
       138          0          0          0          0         80   lludiv10.o
        40          6          0          0          0         84   noretval__2sprintf.o
         8          4          0          0          0         68   rt_locale_intlibspace.o
        78          0          0          0          0         80   rt_memclr_w.o
       138          0          0          0          0         68   rt_memcpy_v6.o
       100          0          0          0          0         80   rt_memcpy_w.o
         2          0          0          0          0          0   rtexit.o
        10          0          0          0          0          0   rtexit2.o
       124          0          0          0          0         88   strcmpv7em.o
        62          0          0          0          0         76   strlen.o
        12          4          0          0          0         68   sys_exit.o
        74          0          0          0          0         80   sys_stackheap_outer.o
         2          0          0          0          0         68   use_no_semi.o
        98          4          0          0          0        140   d2f.o
       812         16          0          0          0        392   daddsub_clz.o
        84          0          0          0          0        244   dcmp.o
        24          0          0          0          0        116   dcmpi.o
       692        140          0          0          0        264   ddiv.o
       120          4          0          0          0        140   deqf.o
        94          4          0          0          0        140   dfix.o
       120          4          0          0          0        140   dgeqf.o
       120          4          0          0          0        140   dleqf.o
       340         12          0          0          0        152   dmul.o
       156          4          0          0          0        140   dnaninf.o
        12          0          0          0          0        116   dretinf.o
        86          4          0          0          0        132   f2d.o
       140          4          0          0          0        132   fnaninf.o
        26          0          0          0          0        116   fpinit.o
        10          0          0          0          0        116   fretinf.o
         4          0          0          0          0        116   printf1.o
         0          0          0          0          0          0   usenofp.o
        48          0          0          0          0        124   fpclassify.o

    ----------------------------------------------------------------------
      7990        406        176          0         96       5756   Library Totals
        22          0          0          0          0          0   (incl. Padding)

    ----------------------------------------------------------------------

      Code (inc. data)   RO Data    RW Data    ZI Data      Debug   Library Name

      4982        206        176          0         96       2896   c_w.l
      2938        200          0          0          0       2736   fz_wm.l
        48          0          0          0          0        124   m_wm.l

    ----------------------------------------------------------------------
      7990        406        176          0         96       5756   Library Totals

    ----------------------------------------------------------------------

==============================================================================


      Code (inc. data)   RO Data    RW Data    ZI Data      Debug   

     28692       1744       1524         20       4172     263028   Grand Totals
     28692       1744       1524         20       4172     263028   ELF Image Totals
     28692       1744       1524         20          0          0   ROM Totals

==============================================================================

    Total RO  Size (Code + RO Data)                30216 (  29.51kB)
    Total RW  Size (RW Data + ZI Data)              4192 (   4.09kB)
    Total ROM Size (Code + RO Data + RW Data)      30236 (  29.53kB)

==============================================================================

